Component: ARM Compiler 5.06 update 7 (build 960) Tool: armlink [4d3601]

==============================================================================

Section Cross References

    system_tm4c123gh6pm.o(i.SystemCoreClockUpdate) refers to system_tm4c123gh6pm.o(i.getOscClk) for getOscClk
    system_tm4c123gh6pm.o(i.SystemCoreClockUpdate) refers to system_tm4c123gh6pm.o(.data) for .data
    startup_tm4c123gh6pm.o(STACK) refers (Special) to heapauxi.o(.text) for __use_two_region_memory
    startup_tm4c123gh6pm.o(HEAP) refers (Special) to heapauxi.o(.text) for __use_two_region_memory
    startup_tm4c123gh6pm.o(RESET) refers (Special) to heapauxi.o(.text) for __use_two_region_memory
    startup_tm4c123gh6pm.o(RESET) refers to startup_tm4c123gh6pm.o(STACK) for __initial_sp
    startup_tm4c123gh6pm.o(RESET) refers to startup_tm4c123gh6pm.o(.text) for Reset_Handler
    startup_tm4c123gh6pm.o(RESET) refers to port.o(.emb_text) for SVC_Handler
    startup_tm4c123gh6pm.o(RESET) refers to port.o(i.SysTick_Handler) for SysTick_Handler
    startup_tm4c123gh6pm.o(RESET) refers to bsp.o(i.GPIOPortA_IRQHandler) for GPIOPortA_IRQHandler
    startup_tm4c123gh6pm.o(RESET) refers to bsp.o(i.UART1_IRQHandler) for UART1_IRQHandler
    startup_tm4c123gh6pm.o(RESET) refers to bsp.o(i.ADC1Seq3_IRQHandler) for ADC1Seq3_IRQHandler
    startup_tm4c123gh6pm.o(.text) refers (Special) to heapauxi.o(.text) for __use_two_region_memory
    startup_tm4c123gh6pm.o(.text) refers to bsp.o(i.Q_onAssert) for Q_onAssert
    startup_tm4c123gh6pm.o(.text) refers to system_tm4c123gh6pm.o(i.SystemInit) for SystemInit
    startup_tm4c123gh6pm.o(.text) refers to __main.o(!!!main) for __main
    startup_tm4c123gh6pm.o(.text) refers to startup_tm4c123gh6pm.o(HEAP) for __heap_base
    startup_tm4c123gh6pm.o(.text) refers to startup_tm4c123gh6pm.o(STACK) for __stack_limit
    qep_hsm.o(i.QHsm_childState_) refers to bsp.o(i.Q_onAssert) for Q_onAssert
    qep_hsm.o(i.QHsm_childState_) refers to qep_hsm.o(.constdata) for .constdata
    qep_hsm.o(i.QHsm_ctor) refers to qep_hsm.o(.constdata) for .constdata
    qep_hsm.o(i.QHsm_ctor) refers to qep_hsm.o(i.QHsm_top) for QHsm_top
    qep_hsm.o(i.QHsm_dispatch_) refers to bsp.o(i.Q_onAssert) for Q_onAssert
    qep_hsm.o(i.QHsm_dispatch_) refers to qep_hsm.o(i.QHsm_tran_) for QHsm_tran_
    qep_hsm.o(i.QHsm_dispatch_) refers to qep_hsm.o(.constdata) for .constdata
    qep_hsm.o(i.QHsm_init_) refers to bsp.o(i.Q_onAssert) for Q_onAssert
    qep_hsm.o(i.QHsm_init_) refers to qep_hsm.o(i.QHsm_top) for QHsm_top
    qep_hsm.o(i.QHsm_init_) refers to qep_hsm.o(.constdata) for .constdata
    qep_hsm.o(i.QHsm_isIn) refers to bsp.o(i.Q_onAssert) for Q_onAssert
    qep_hsm.o(i.QHsm_isIn) refers to qep_hsm.o(.constdata) for .constdata
    qep_hsm.o(i.QHsm_tran_) refers to bsp.o(i.Q_onAssert) for Q_onAssert
    qep_hsm.o(i.QHsm_tran_) refers to qep_hsm.o(.constdata) for .constdata
    qep_hsm.o(.constdata) refers to qep_hsm.o(i.QHsm_init_) for QHsm_init_
    qep_hsm.o(.constdata) refers to qep_hsm.o(i.QHsm_dispatch_) for QHsm_dispatch_
    qep_msm.o(i.QMsm_childStateObj_) refers to bsp.o(i.Q_onAssert) for Q_onAssert
    qep_msm.o(i.QMsm_childStateObj_) refers to qep_msm.o(.constdata) for .constdata
    qep_msm.o(i.QMsm_ctor) refers to qep_msm.o(.constdata) for .constdata
    qep_msm.o(i.QMsm_dispatch_) refers to bsp.o(i.Q_onAssert) for Q_onAssert
    qep_msm.o(i.QMsm_dispatch_) refers to qep_msm.o(i.QMsm_exitToTranSource_) for QMsm_exitToTranSource_
    qep_msm.o(i.QMsm_dispatch_) refers to qep_msm.o(i.QMsm_execTatbl_) for QMsm_execTatbl_
    qep_msm.o(i.QMsm_dispatch_) refers to qep_msm.o(.constdata) for .constdata
    qep_msm.o(i.QMsm_execTatbl_) refers to bsp.o(i.Q_onAssert) for Q_onAssert
    qep_msm.o(i.QMsm_execTatbl_) refers to qep_msm.o(.constdata) for .constdata
    qep_msm.o(i.QMsm_exitToTranSource_) refers to bsp.o(i.Q_onAssert) for Q_onAssert
    qep_msm.o(i.QMsm_exitToTranSource_) refers to qep_msm.o(.constdata) for .constdata
    qep_msm.o(i.QMsm_init_) refers to bsp.o(i.Q_onAssert) for Q_onAssert
    qep_msm.o(i.QMsm_init_) refers to qep_msm.o(i.QMsm_execTatbl_) for QMsm_execTatbl_
    qep_msm.o(i.QMsm_init_) refers to qep_msm.o(.constdata) for .constdata
    qep_msm.o(.constdata) refers to qep_msm.o(i.QMsm_init_) for QMsm_init_
    qep_msm.o(.constdata) refers to qep_msm.o(i.QMsm_dispatch_) for QMsm_dispatch_
    qf_act.o(i.QF_LOG2) refers to qf_act.o(.constdata) for .constdata
    qf_act.o(i.QF_add_) refers to bsp.o(i.Q_onAssert) for Q_onAssert
    qf_act.o(i.QF_add_) refers to port.o(i.vPortEnterCritical) for vPortEnterCritical
    qf_act.o(i.QF_add_) refers to port.o(i.vPortExitCritical) for vPortExitCritical
    qf_act.o(i.QF_add_) refers to qf_act.o(.bss) for .bss
    qf_act.o(i.QF_add_) refers to qf_act.o(.constdata) for .constdata
    qf_act.o(i.QF_remove_) refers to bsp.o(i.Q_onAssert) for Q_onAssert
    qf_act.o(i.QF_remove_) refers to port.o(i.vPortEnterCritical) for vPortEnterCritical
[...]
    i.UART0_Init                             0x00003054   Section        0  bsp.o(i.UART0_Init)
    i.UART0_OutChar                          0x000030ec   Section        0  bsp.o(i.UART0_OutChar)
    i.UART1_IRQHandler                       0x000030fc   Section        0  bsp.o(i.UART1_IRQHandler)
    i.UART1_Init                             0x00003164   Section        0  bsp.o(i.UART1_Init)
    i.UART1_OutChar                          0x000031f4   Section        0  bsp.o(i.UART1_OutChar)
    i.UART1_OutString                        0x00003204   Section        0  bsp.o(i.UART1_OutString)
    i.__NVIC_EnableIRQ                       0x0000321a   Section        0  bsp.o(i.__NVIC_EnableIRQ)
    __NVIC_EnableIRQ                         0x0000321b   Thumb Code    26  bsp.o(i.__NVIC_EnableIRQ)
    i.__NVIC_SetPriority                     0x00003234   Section        0  bsp.o(i.__NVIC_SetPriority)
    __NVIC_SetPriority                       0x00003235   Thumb Code    32  bsp.o(i.__NVIC_SetPriority)
    i.adcinit0                               0x00003254   Section        0  bsp.o(i.adcinit0)
    adcinit0                                 0x00003255   Thumb Code    46  bsp.o(i.adcinit0)
    i.commandList                            0x00003294   Section        0  bsp_bp.o(i.commandList)
    commandList                              0x00003295   Thumb Code    74  bsp_bp.o(i.commandList)
    i.fillmessage                            0x000032e0   Section        0  bsp_bp.o(i.fillmessage)
    fillmessage                              0x000032e1   Thumb Code    46  bsp_bp.o(i.fillmessage)
    i.fillmessage4                           0x00003318   Section        0  bsp_bp.o(i.fillmessage4)
    fillmessage4                             0x00003319   Thumb Code    60  bsp_bp.o(i.fillmessage4)
    i.fillmessage5                           0x0000335c   Section        0  bsp_bp.o(i.fillmessage5)
    fillmessage5                             0x0000335d   Thumb Code    76  bsp_bp.o(i.fillmessage5)
    i.getOscClk                              0x000033b4   Section        0  system_tm4c123gh6pm.o(i.getOscClk)
    getOscClk                                0x000033b5   Thumb Code   166  system_tm4c123gh6pm.o(i.getOscClk)
    i.i2cinit                                0x0000349c   Section        0  bsp.o(i.i2cinit)
    i2cinit                                  0x0000349d   Thumb Code   100  bsp.o(i.i2cinit)
    i.l_adcinit1                             0x00003514   Section        0  bsp.o(i.l_adcinit1)
    l_adcinit1                               0x00003515   Thumb Code    46  bsp.o(i.l_adcinit1)
    i.lightsensorend                         0x00003554   Section        0  bsp_bp.o(i.lightsensorend)
    lightsensorend                           0x00003555   Thumb Code    84  bsp_bp.o(i.lightsensorend)
    i.lightsensorstart                       0x000035a8   Section        0  bsp_bp.o(i.lightsensorstart)
    lightsensorstart                         0x000035a9   Thumb Code    38  bsp_bp.o(i.lightsensorstart)
    i.main                                   0x000035d0   Section        0  main.o(i.main)
    i.prvAddCurrentTaskToDelayedList         0x000037a8   Section        0  tasks.o(i.prvAddCurrentTaskToDelayedList)
    prvAddCurrentTaskToDelayedList           0x000037a9   Thumb Code    76  tasks.o(i.prvAddCurrentTaskToDelayedList)
    i.prvAddNewTaskToReadyList               0x000037f8   Section        0  tasks.o(i.prvAddNewTaskToReadyList)
    prvAddNewTaskToReadyList                 0x000037f9   Thumb Code   182  tasks.o(i.prvAddNewTaskToReadyList)
    i.prvIdleTask                            0x000038c0   Section        0  tasks.o(i.prvIdleTask)
    prvIdleTask                              0x000038c1   Thumb Code    50  tasks.o(i.prvIdleTask)
    i.prvInitialiseNewTask                   0x000038fc   Section        0  tasks.o(i.prvInitialiseNewTask)
    prvInitialiseNewTask                     0x000038fd   Thumb Code   168  tasks.o(i.prvInitialiseNewTask)
    i.prvResetNextTaskUnblockTime            0x000039a8   Section        0  tasks.o(i.prvResetNextTaskUnblockTime)
    prvResetNextTaskUnblockTime              0x000039a9   Thumb Code    26  tasks.o(i.prvResetNextTaskUnblockTime)
    i.prvTaskExitError                       0x000039c8   Section        0  port.o(i.prvTaskExitError)
    prvTaskExitError                         0x000039c9   Thumb Code    32  port.o(i.prvTaskExitError)
    i.pushColor                              0x000039f0   Section        0  bsp_bp.o(i.pushColor)
    pushColor                                0x000039f1   Thumb Code    20  bsp_bp.o(i.pushColor)
    i.pxPortInitialiseStack                  0x00003a04   Section        0  port.o(i.pxPortInitialiseStack)
    i.setAddrWindow                          0x00003a30   Section        0  bsp_bp.o(i.setAddrWindow)
    setAddrWindow                            0x00003a31   Thumb Code   102  bsp_bp.o(i.setAddrWindow)
    i.task_function                          0x00003a9c   Section        0  qf_port.o(i.task_function)
    task_function                            0x00003a9d   Thumb Code    28  qf_port.o(i.task_function)
    i.ulTaskNotifyTake                       0x00003ab8   Section        0  tasks.o(i.ulTaskNotifyTake)
    i.uxListRemove                           0x00003b20   Section        0  list.o(i.uxListRemove)
    i.vApplicationGetIdleTaskMemory          0x00003b48   Section        0  bsp.o(i.vApplicationGetIdleTaskMemory)
    i.vApplicationIdleHook                   0x00003b60   Section        0  bsp.o(i.vApplicationIdleHook)
    i.vApplicationStackOverflowHook          0x00003b90   Section        0  bsp.o(i.vApplicationStackOverflowHook)
    i.vApplicationTickHook                   0x00003ba0   Section        0  bsp.o(i.vApplicationTickHook)
    i.vListInitialise                        0x00003cf4   Section        0  list.o(i.vListInitialise)
    i.vListInitialiseItem                    0x00003d0a   Section        0  list.o(i.vListInitialiseItem)
    i.vListInsert                            0x00003d10   Section        0  list.o(i.vListInsert)
    i.vListInsertEnd                         0x00003d40   Section        0  list.o(i.vListInsertEnd)
    i.vPortEnterCritical                     0x00003d58   Section        0  port.o(i.vPortEnterCritical)
    i.vPortExitCritical                      0x00003d94   Section        0  port.o(i.vPortExitCritical)
    i.vPortSetupTimerInterrupt               0x00003dbc   Section        0  port.o(i.vPortSetupTimerInterrupt)
    i.vPortValidateInterruptPriority         0x00003de0   Section        0  port.o(i.vPortValidateInterruptPriority)
    i.vTaskNotifyGiveFromISR                 0x00003e30   Section        0  tasks.o(i.vTaskNotifyGiveFromISR)
    i.vTaskStartScheduler                    0x00003ee0   Section        0  tasks.o(i.vTaskStartScheduler)
    i.vTaskSuspendAll                        0x00003f4c   Section        0  tasks.o(i.vTaskSuspendAll)
    i.vTaskSwitchContext                     0x00003f5c   Section        0  tasks.o(i.vTaskSwitchContext)
    i.xPortStartScheduler                    0x00003fe0   Section        0  port.o(i.xPortStartScheduler)
    i.xTaskCreateStatic                      0x000040b4   Section        0  tasks.o(i.xTaskCreateStatic)
    i.xTaskGenericNotify                     0x00004118   Section        0  tasks.o(i.xTaskGenericNotify)
    i.xTaskIncrementTick                     0x000041ec   Section        0  tasks.o(i.xTaskIncrementTick)
    i.xTaskResumeAll                         0x000042bc   Section        0  tasks.o(i.xTaskResumeAll)
    x$fpl$fpinit                             0x00004380   Section       10  fpinit.o(x$fpl$fpinit)
    $v0                                      0x00004380   Number         0  fpinit.o(x$fpl$fpinit)
    .constdata                               0x0000438c   Section       32  qep_hsm.o(.constdata)
    Q_this_module_                           0x0000438c   Data           8  qep_hsm.o(.constdata)
    vtbl                                     0x00004394   Data           8  qep_hsm.o(.constdata)
    QEP_reservedEvt_                         0x0000439c   Data          16  qep_hsm.o(.constdata)
    .constdata                               0x000043ac   Section       23  qf_act.o(.constdata)
    Q_this_module_                           0x000043ac   Data           7  qf_act.o(.constdata)
    log2LUT                                  0x000043b3   Data          16  qf_act.o(.constdata)
    .constdata                               0x000043c4   Section       32  qf_actq.o(.constdata)
    tickEvt                                  0x000043c4   Data           4  qf_actq.o(.constdata)
    Q_this_module_                           0x000043c8   Data           8  qf_actq.o(.constdata)
    vtbl                                     0x000043d0   Data          20  qf_actq.o(.constdata)
    .constdata                               0x000043e4   Section        8  qf_time.o(.constdata)
    Q_this_module_                           0x000043e4   Data           8  qf_time.o(.constdata)
    .constdata                               0x000043ec   Section        7  qf_dyn.o(.constdata)
    Q_this_module_                           0x000043ec   Data           7  qf_dyn.o(.constdata)
    .constdata                               0x000043f3   Section        7  qf_mem.o(.constdata)
    Q_this_module_                           0x000043f3   Data           7  qf_mem.o(.constdata)
    .constdata                               0x000043fa   Section        6  qf_ps.o(.constdata)
    Q_this_module_                           0x000043fa   Data           6  qf_ps.o(.constdata)
    .constdata                               0x00004400   Section       20  qf_qact.o(.constdata)
    vtbl                                     0x00004400   Data          20  qf_qact.o(.constdata)
    .constdata                               0x00004414   Section        8  qf_port.o(.constdata)
    Q_this_module_                           0x00004414   Data           8  qf_port.o(.constdata)
    .constdata                               0x0000441c   Section        4  blinky.o(.constdata)
    .constdata                               0x00004420   Section       17  bsp.o(.constdata)
    btn4prsEvt                               0x00004420   Data           4  bsp.o(.constdata)
    btn4DeprsEvt                             0x00004424   Data           4  bsp.o(.constdata)
    Q_this_module_                           0x00004428   Data           9  bsp.o(.constdata)
    .constdata                               0x00004431   Section       10  main.o(.constdata)
    Q_this_module_                           0x00004431   Data          10  main.o(.constdata)
    .constdata                               0x0000443b   Section       11  philo.o(.constdata)
    Q_this_module_                           0x0000443b   Data          11  philo.o(.constdata)
    .constdata                               0x00004448   Section       20  philo.o(.constdata)
    .constdata                               0x0000445c   Section       11  table.o(.constdata)
    Q_this_module_                           0x0000445c   Data          11  table.o(.constdata)
    .constdata                               0x00004468   Section        4  table.o(.constdata)
    .constdata                               0x0000446c   Section     1403  bsp_bp.o(.constdata)
    Font                                     0x0000446c   Data        1275  bsp_bp.o(.constdata)
    Rcmd1                                    0x00004967   Data          59  bsp_bp.o(.constdata)
    Rcmd2green                               0x000049a2   Data          13  bsp_bp.o(.constdata)
    Rcmd2red                                 0x000049af   Data          13  bsp_bp.o(.constdata)
    Rcmd3                                    0x000049bc   Data          43  bsp_bp.o(.constdata)
    .constdata                               0x000049e8   Section        4  lightsensor.o(.constdata)
    .constdata                               0x000049ec   Section        8  lightsensor.o(.constdata)
    reminderEvt                              0x000049ec   Data           4  lightsensor.o(.constdata)
    porcessEvt                               0x000049f0   Data           4  lightsensor.o(.constdata)
    .constdata                               0x000049f4   Section        4  ble_uart.o(.constdata)
    .conststring                             0x000049f8   Section       94  tasks.o(.conststring)
    .conststring                             0x00004a58   Section      116  port.o(.conststring)
    .data                                    0x20000000   Section        4  system_tm4c123gh6pm.o(.data)
    .data                                    0x20000004   Section        4  qf_dyn.o(.data)
    .data                                    0x20000008   Section        8  qf_ps.o(.data)
    .data                                    0x20000010   Section       60  tasks.o(.data)
    uxDeletedTasksWaitingCleanUp             0x20000014   Data           4  tasks.o(.data)
    uxCurrentNumberOfTasks                   0x20000018   Data           4  tasks.o(.data)
    xTickCount                               0x2000001c   Data           4  tasks.o(.data)
    uxTopReadyPriority                       0x20000020   Data           4  tasks.o(.data)
    xSchedulerRunning                        0x20000024   Data           4  tasks.o(.data)
    uxPendedTicks                            0x20000028   Data           4  tasks.o(.data)
    xYieldPending                            0x2000002c   Data           4  tasks.o(.data)
    xNumOfOverflows                          0x20000030   Data           4  tasks.o(.data)
    uxTaskNumber                             0x20000034   Data           4  tasks.o(.data)
    xNextTaskUnblockTime                     0x20000038   Data           4  tasks.o(.data)
    xIdleTaskHandle                          0x2000003c   Data           4  tasks.o(.data)
    uxSchedulerSuspended                     0x20000040   Data           4  tasks.o(.data)
    pxDelayedTaskList                        0x20000044   Data           4  tasks.o(.data)
    pxOverflowDelayedTaskList                0x20000048   Data           4  tasks.o(.data)
    .data                                    0x2000004c   Section       12  port.o(.data)
    ucMaxSysCallPriority                     0x2000004c   Data           1  port.o(.data)
    uxCriticalNesting                        0x20000050   Data           4  port.o(.data)
    ulMaxPRIGROUPValue                       0x20000054   Data           4  port.o(.data)
    .data                                    0x20000058   Section       44  bsp.o(.data)
    l_rnd                                    0x20000058   Data           4  bsp.o(.data)
    PWM_sysclk                               0x2000005c   Data           4  bsp.o(.data)
    buttons                                  0x2000006c   Data           8  bsp.o(.data)
    buttons1                                 0x20000074   Data           8  bsp.o(.data)
    buttons2                                 0x2000007c   Data           8  bsp.o(.data)
    .data                                    0x20000084   Section        1  philo.o(.data)
    registered                               0x20000084   Data           1  philo.o(.data)
    .data                                    0x20000088   Section       44  bsp_bp.o(.data)
    ColStart                                 0x20000088   Data           1  bsp_bp.o(.data)
    RowStart                                 0x20000089   Data           1  bsp_bp.o(.data)
    _width                                   0x2000008c   Data           2  bsp_bp.o(.data)
    _height                                  0x2000008e   Data           2  bsp_bp.o(.data)
    LightBusy                                0x2000009c   Data           4  bsp_bp.o(.data)
    .bss                                     0x200000b4   Section      132  qf_act.o(.bss)
    .bss                                     0x20000138   Section       16  qf_time.o(.bss)
    .bss                                     0x20000148   Section       60  qf_dyn.o(.bss)
    .bss                                     0x20000184   Section      720  tasks.o(.bss)
    pxReadyTasksLists                        0x20000184   Data         640  tasks.o(.bss)
    xDelayedTaskList1                        0x20000404   Data          20  tasks.o(.bss)
    xDelayedTaskList2                        0x20000418   Data          20  tasks.o(.bss)
    xPendingReadyList                        0x2000042c   Data          20  tasks.o(.bss)
    xTasksWaitingTermination                 0x20000440   Data          20  tasks.o(.bss)
    .bss                                     0x20000454   Section      172  blinky.o(.bss)
    l_Heartbeat                              0x20000454   Data         172  blinky.o(.bss)
    .bss                                     0x20000500   Section     1356  bsp.o(.bss)
    xIdleTaskTCB                             0x20000500   Data          76  bsp.o(.bss)
    uxIdleTaskStack                          0x2000054c   Data        1024  bsp.o(.bss)
    .bss                                     0x20000a4c   Section     9800  main.o(.bss)
    tableQueueSto                            0x20000a4c   Data          20  main.o(.bss)
    philoQueueSto                            0x20000a60   Data         100  main.o(.bss)
    heartbeatQueueSto                        0x20000ac4   Data          40  main.o(.bss)
    sensorQueueSto                           0x20000aec   Data          40  main.o(.bss)
    BLE_uartQueueSto                         0x20000b14   Data          40  main.o(.bss)
    subscrSto                                0x20000b3c   Data          64  main.o(.bss)
    smlPoolSto                               0x20000b7c   Data          80  main.o(.bss)
    medlPoolSto                              0x20000bcc   Data         200  main.o(.bss)
    philoStack                               0x20000c94   Data        5120  main.o(.bss)
    tableStack                               0x20002094   Data        1024  main.o(.bss)
    heartbeatStack                           0x20002494   Data        1024  main.o(.bss)
    sensorStack                              0x20002894   Data        1024  main.o(.bss)
    BLE_uartStack                            0x20002c94   Data        1024  main.o(.bss)
    .bss                                     0x20003094   Section      620  philo.o(.bss)
    l_philo                                  0x20003094   Data         620  philo.o(.bss)
    .bss                                     0x20003300   Section      120  table.o(.bss)
    l_table                                  0x20003300   Data         120  table.o(.bss)
    .bss                                     0x20003378   Section       12  bsp_bp.o(.bss)
    .bss                                     0x20003384   Section      132  lightsensor.o(.bss)
    l_Sensor                                 0x20003384   Data         132  lightsensor.o(.bss)
    .bss                                     0x20003408   Section      140  ble_uart.o(.bss)
    l_BLE_uart                               0x20003408   Data         140  ble_uart.o(.bss)
    .bss                                     0x20003494   Section       96  libspace.o(.bss)
    HEAP                                     0x200034f8   Section       16  startup_tm4c123gh6pm.o(HEAP)
    __heap_base                              0x200034f8   Data           0  startup_tm4c123gh6pm.o(HEAP)
    STACK                                    0x20003508   Section     1024  startup_tm4c123gh6pm.o(STACK)
    __heap_limit                             0x20003508   Data           0  startup_tm4c123gh6pm.o(HEAP)
    __stack_base                             0x20003508   Data           0  startup_tm4c123gh6pm.o(STACK)
    __initial_sp                             0x20003908   Data           0  startup_tm4c123gh6pm.o(STACK)
    __stack_limit                            0x20003908   Data           0  startup_tm4c123gh6pm.o(STACK)

    Global Symbols

    Symbol Name                              Value     Ov Type        Size  Object(Section)

    BuildAttributes$$THM_ISAv4$E$P$D$K$B$S$7EM$VFPi3$EXTD16$VFPS$VFMA$PE$A:L22UL41UL21$X:L11$S22US41US21$IEEE1$IW$USESV6$~STKCKD$USESV7$~SHL$OSPACE$ROPI$EBA8$UX$STANDARDLIB$REQ8$PRES8$EABIv2 0x00000000   Number         0  anon$$obj.o ABSOLUTE
    __ARM_use_no_argv                        0x00000000   Number         0  main.o ABSOLUTE
    __Vectors                                0x00000000   Data           0  startup_tm4c123gh6pm.o(RESET)
    __ARM_exceptions_init                     - Undefined Weak Reference
    __alloca_initialize                       - Undefined Weak Reference
    __arm_fini_                               - Undefined Weak Reference
    __arm_preinit_                            - Undefined Weak Reference
    __cpp_initialize__aeabi_                  - Undefined Weak Reference
    __cxa_finalize                            - Undefined Weak Reference
    __rt_locale                               - Undefined Weak Reference
    __sigvec_lookup                           - Undefined Weak Reference
    _atexit_init                              - Undefined Weak Reference
    _call_atexit_fns                          - Undefined Weak Reference
    _clock_init                               - Undefined Weak Reference
    _fp_trap_init                             - Undefined Weak Reference
    _fp_trap_shutdown                         - Undefined Weak Reference
    _get_lc_collate                           - Undefined Weak Reference
    _get_lc_ctype                             - Undefined Weak Reference
    _get_lc_monetary                          - Undefined Weak Reference
    _get_lc_numeric                           - Undefined Weak Reference
    _get_lc_time                              - Undefined Weak Reference
    _getenv_init                              - Undefined Weak Reference
    _handle_redirection                       - Undefined Weak Reference
    _init_alloc                               - Undefined Weak Reference
    _init_user_alloc                          - Undefined Weak Reference
    _initio                                   - Undefined Weak Reference
    _rand_init                                - Undefined Weak Reference
    _signal_finish                            - Undefined Weak Reference
    _signal_init                              - Undefined Weak Reference
    _terminate_alloc                          - Undefined Weak Reference
    _terminate_user_alloc                     - Undefined Weak Reference
    _terminateio                              - Undefined Weak Reference
    __Vectors_End                            0x0000026c   Data           0  startup_tm4c123gh6pm.o(RESET)
    __Vectors_Size                           0x0000026c   Number         0  startup_tm4c123gh6pm.o ABSOLUTE
    __main                                   0x0000026d   Thumb Code     8  __main.o(!!!main)
    __scatterload                            0x00000275   Thumb Code     0  __scatter.o(!!!scatter)
    __scatterload_rt2                        0x00000275   Thumb Code    44  __scatter.o(!!!scatter)
    __scatterload_rt2_thumb_only             0x00000275   Thumb Code     0  __scatter.o(!!!scatter)
    __scatterload_null                       0x00000283   Thumb Code     0  __scatter.o(!!!scatter)
    __scatterload_copy                       0x000002a9   Thumb Code    26  __scatter_copy.o(!!handler_copy)
    __scatterload_zeroinit                   0x000002c5   Thumb Code    28  __scatter_zi.o(!!handler_zi)
    __rt_lib_init                            0x000002e1   Thumb Code     0  libinit.o(.ARM.Collect$$libinit$$00000000)
    __rt_lib_init_fp_1                       0x000002e3   Thumb Code     0  libinit2.o(.ARM.Collect$$libinit$$00000001)
    __rt_lib_init_alloca_1                   0x000002e7   Thumb Code     0  libinit2.o(.ARM.Collect$$libinit$$0000002E)
    __rt_lib_init_argv_1                     0x000002e7   Thumb Code     0  libinit2.o(.ARM.Collect$$libinit$$0000002C)
    __rt_lib_init_atexit_1                   0x000002e7   Thumb Code     0  libinit2.o(.ARM.Collect$$libinit$$0000001B)
    __rt_lib_init_clock_1                    0x000002e7   Thumb Code     0  libinit2.o(.ARM.Collect$$libinit$$00000021)
    __rt_lib_init_cpp_1                      0x000002e7   Thumb Code     0  libinit2.o(.ARM.Collect$$libinit$$00000032)
    __rt_lib_init_exceptions_1               0x000002e7   Thumb Code     0  libinit2.o(.ARM.Collect$$libinit$$00000030)
    __rt_lib_init_fp_trap_1                  0x000002e7   Thumb Code     0  libinit2.o(.ARM.Collect$$libinit$$0000001F)
    __rt_lib_init_getenv_1                   0x000002e7   Thumb Code     0  libinit2.o(.ARM.Collect$$libinit$$00000023)
    __rt_lib_init_heap_1                     0x000002e7   Thumb Code     0  libinit2.o(.ARM.Collect$$libinit$$0000000A)
    __rt_lib_init_lc_collate_1               0x000002e7   Thumb Code     0  libinit2.o(.ARM.Collect$$libinit$$00000011)
    __rt_lib_init_lc_ctype_1                 0x000002e7   Thumb Code     0  libinit2.o(.ARM.Collect$$libinit$$00000013)
    __rt_lib_init_lc_monetary_1              0x000002e7   Thumb Code     0  libinit2.o(.ARM.Collect$$libinit$$00000015)
    __rt_lib_init_lc_numeric_1               0x000002e7   Thumb Code     0  libinit2.o(.ARM.Collect$$libinit$$00000017)
    __rt_lib_init_lc_time_1                  0x000002e7   Thumb Code     0  libinit2.o(.ARM.Collect$$libinit$$00000019)
    __rt_lib_init_preinit_1                  0x000002e7   Thumb Code     0  libinit2.o(.ARM.Collect$$libinit$$00000004)
    __rt_lib_init_rand_1                     0x000002e7   Thumb Code     0  libinit2.o(.ARM.Collect$$libinit$$0000000E)
    __rt_lib_init_return                     0x000002e7   Thumb Code     0  libinit2.o(.ARM.Collect$$libinit$$00000033)
    __rt_lib_init_signal_1                   0x000002e7   Thumb Code     0  libinit2.o(.ARM.Collect$$libinit$$0000001D)
    __rt_lib_init_stdio_1                    0x000002e7   Thumb Code     0  libinit2.o(.ARM.Collect$$libinit$$00000025)
    __rt_lib_init_user_alloc_1               0x000002e7   Thumb Code     0  libinit2.o(.ARM.Collect$$libinit$$0000000C)
    __rt_lib_shutdown                        0x000002e9   Thumb Code     0  libshutdown.o(.ARM.Collect$$libshutdown$$00000000)
    __rt_lib_shutdown_cpp_1                  0x000002eb   Thumb Code     0  libshutdown2.o(.ARM.Collect$$libshutdown$$00000004)
    __rt_lib_shutdown_fini_1                 0x000002eb   Thumb Code     0  libshutdown2.o(.ARM.Collect$$libshutdown$$00000002)
    __rt_lib_shutdown_fp_trap_1              0x000002eb   Thumb Code     0  libshutdown2.o(.ARM.Collect$$libshutdown$$00000009)
    __rt_lib_shutdown_heap_1                 0x000002eb   Thumb Code     0  libshutdown2.o(.ARM.Collect$$libshutdown$$00000011)
    __rt_lib_shutdown_return                 0x000002eb   Thumb Code     0  libshutdown2.o(.ARM.Collect$$libshutdown$$00000012)
    __rt_lib_shutdown_signal_1               0x000002eb   Thumb Code     0  libshutdown2.o(.ARM.Collect$$libshutdown$$0000000C)
    __rt_lib_shutdown_stdio_1                0x000002eb   Thumb Code     0  libshutdown2.o(.ARM.Collect$$libshutdown$$00000006)
    __rt_lib_shutdown_user_alloc_1           0x000002eb   Thumb Code     0  libshutdown2.o(.ARM.Collect$$libshutdown$$0000000E)
    __rt_entry                               0x000002ed   Thumb Code     0  __rtentry.o(.ARM.Collect$$rtentry$$00000000)
    __rt_entry_presh_1                       0x000002ed   Thumb Code     0  __rtentry2.o(.ARM.Collect$$rtentry$$00000002)
    __rt_entry_sh                            0x000002ed   Thumb Code     0  __rtentry4.o(.ARM.Collect$$rtentry$$00000004)
    __rt_entry_li                            0x000002f3   Thumb Code     0  __rtentry2.o(.ARM.Collect$$rtentry$$0000000A)
    __rt_entry_postsh_1                      0x000002f3   Thumb Code     0  __rtentry2.o(.ARM.Collect$$rtentry$$00000009)
    __rt_entry_main                          0x000002f7   Thumb Code     0  __rtentry2.o(.ARM.Collect$$rtentry$$0000000D)
    __rt_entry_postli_1                      0x000002f7   Thumb Code     0  __rtentry2.o(.ARM.Collect$$rtentry$$0000000C)
    __rt_exit                                0x000002ff   Thumb Code     0  rtexit.o(.ARM.Collect$$rtexit$$00000000)
    __rt_exit_ls                             0x00000301   Thumb Code     0  rtexit2.o(.ARM.Collect$$rtexit$$00000003)
    __rt_exit_prels_1                        0x00000301   Thumb Code     0  rtexit2.o(.ARM.Collect$$rtexit$$00000002)
    __rt_exit_exit                           0x00000305   Thumb Code     0  rtexit2.o(.ARM.Collect$$rtexit$$00000004)
    SVC_Handler                              0x0000030d   Thumb Code    28  port.o(.emb_text)
    __asm___6_port_c_39a90d8d__prvStartFirstTask 0x0000032d   Thumb Code    36  port.o(.emb_text)
    __asm___6_port_c_39a90d8d__prvEnableVFP  0x00000355   Thumb Code    16  port.o(.emb_text)
    PendSV_Handler                           0x00000369   Thumb Code    88  port.o(.emb_text)
    vPortGetIPSR                             0x000003c5   Thumb Code     6  port.o(.emb_text)
    parrotdelay                              0x000003cd   Thumb Code     6  bsp.o(.emb_text)
    Reset_Handler                            0x000003d5   Thumb Code    14  startup_tm4c123gh6pm.o(.text)
    NMI_Handler                              0x000003e3   Thumb Code     6  startup_tm4c123gh6pm.o(.text)
    HardFault_Handler                        0x000003e9   Thumb Code     6  startup_tm4c123gh6pm.o(.text)
    MemManage_Handler                        0x000003ef   Thumb Code     6  startup_tm4c123gh6pm.o(.text)
    BusFault_Handler                         0x000003f5   Thumb Code     6  startup_tm4c123gh6pm.o(.text)
    UsageFault_Handler                       0x000003fb   Thumb Code     6  startup_tm4c123gh6pm.o(.text)
    DebugMon_Handler                         0x00000407   Thumb Code     6  startup_tm4c123gh6pm.o(.text)
    ADC1Seq0_IRQHandler                      0x00000419   Thumb Code     0  startup_tm4c123gh6pm.o(.text)
    ADC1Seq1_IRQHandler                      0x00000419   Thumb Code     0  startup_tm4c123gh6pm.o(.text)
    ADC1Seq2_IRQHandler                      0x00000419   Thumb Code     0  startup_tm4c123gh6pm.o(.text)
    ADCSeq0_IRQHandler                       0x00000419   Thumb Code     0  startup_tm4c123gh6pm.o(.text)
    ADCSeq1_IRQHandler                       0x00000419   Thumb Code     0  startup_tm4c123gh6pm.o(.text)
    ADCSeq2_IRQHandler                       0x00000419   Thumb Code     0  startup_tm4c123gh6pm.o(.text)
    ADCSeq3_IRQHandler                       0x00000419   Thumb Code     0  startup_tm4c123gh6pm.o(.text)
    CAN0_IRQHandler                          0x00000419   Thumb Code     0  startup_tm4c123gh6pm.o(.text)
    CAN1_IRQHandler                          0x00000419   Thumb Code     0  startup_tm4c123gh6pm.o(.text)
    CAN2_IRQHandler                          0x00000419   Thumb Code     0  startup_tm4c123gh6pm.o(.text)
    Comp0_IRQHandler                         0x00000419   Thumb Code     0  startup_tm4c123gh6pm.o(.text)
    Comp1_IRQHandler                         0x00000419   Thumb Code     0  startup_tm4c123gh6pm.o(.text)
    Comp2_IRQHandler                         0x00000419   Thumb Code     0  startup_tm4c123gh6pm.o(.text)
    FPU_IRQHandler                           0x00000419   Thumb Code     0  startup_tm4c123gh6pm.o(.text)
    FlashCtrl_IRQHandler                     0x00000419   Thumb Code     0  startup_tm4c123gh6pm.o(.text)
    GPIOPortB_IRQHandler                     0x00000419   Thumb Code     0  startup_tm4c123gh6pm.o(.text)
    GPIOPortC_IRQHandler                     0x00000419   Thumb Code     0  startup_tm4c123gh6pm.o(.text)
    GPIOPortD_IRQHandler                     0x00000419   Thumb Code     0  startup_tm4c123gh6pm.o(.text)
    GPIOPortE_IRQHandler                     0x00000419   Thumb Code     0  startup_tm4c123gh6pm.o(.text)
    GPIOPortF_IRQHandler                     0x00000419   Thumb Code     0  startup_tm4c123gh6pm.o(.text)
    GPIOPortG_IRQHandler                     0x00000419   Thumb Code     0  startup_tm4c123gh6pm.o(.text)
    GPIOPortH_IRQHandler                     0x00000419   Thumb Code     0  startup_tm4c123gh6pm.o(.text)
    GPIOPortJ_IRQHandler                     0x00000419   Thumb Code     0  startup_tm4c123gh6pm.o(.text)
    GPIOPortK_IRQHandler                     0x00000419   Thumb Code     0  startup_tm4c123gh6pm.o(.text)
    GPIOPortL_IRQHandler                     0x00000419   Thumb Code     0  startup_tm4c123gh6pm.o(.text)
    GPIOPortM_IRQHandler                     0x00000419   Thumb Code     0  startup_tm4c123gh6pm.o(.text)
    GPIOPortN_IRQHandler                     0x00000419   Thumb Code     0  startup_tm4c123gh6pm.o(.text)
    GPIOPortP0_IRQHandler                    0x00000419   Thumb Code     0  startup_tm4c123gh6pm.o(.text)
    GPIOPortP1_IRQHandler                    0x00000419   Thumb Code     0  startup_tm4c123gh6pm.o(.text)
    GPIOPortP2_IRQHandler                    0x00000419   Thumb Code     0  startup_tm4c123gh6pm.o(.text)
    GPIOPortP3_IRQHandler                    0x00000419   Thumb Code     0  startup_tm4c123gh6pm.o(.text)
    GPIOPortP4_IRQHandler                    0x00000419   Thumb Code     0  startup_tm4c123gh6pm.o(.text)
    GPIOPortP5_IRQHandler                    0x00000419   Thumb Code     0  startup_tm4c123gh6pm.o(.text)
    GPIOPortP6_IRQHandler                    0x00000419   Thumb Code     0  startup_tm4c123gh6pm.o(.text)
    GPIOPortP7_IRQHandler                    0x00000419   Thumb Code     0  startup_tm4c123gh6pm.o(.text)
    GPIOPortQ0_IRQHandler                    0x00000419   Thumb Code     0  startup_tm4c123gh6pm.o(.text)
    GPIOPortQ1_IRQHandler                    0x00000419   Thumb Code     0  startup_tm4c123gh6pm.o(.text)
    GPIOPortQ2_IRQHandler                    0x00000419   Thumb Code     0  startup_tm4c123gh6pm.o(.text)
    GPIOPortQ3_IRQHandler                    0x00000419   Thumb Code     0  startup_tm4c123gh6pm.o(.text)
    GPIOPortQ4_IRQHandler                    0x00000419   Thumb Code     0  startup_tm4c123gh6pm.o(.text)
    GPIOPortQ5_IRQHandler                    0x00000419   Thumb Code     0  startup_tm4c123gh6pm.o(.text)
    GPIOPortQ6_IRQHandler                    0x00000419   Thumb Code     0  startup_tm4c123gh6pm.o(.text)
    GPIOPortQ7_IRQHandler                    0x00000419   Thumb Code     0  startup_tm4c123gh6pm.o(.text)
    GPIOPortR_IRQHandler                     0x00000419   Thumb Code     0  startup_tm4c123gh6pm.o(.text)
    GPIOPortS_IRQHandler                     0x00000419   Thumb Code     0  startup_tm4c123gh6pm.o(.text)
    Hibernate_IRQHandler                     0x00000419   Thumb Code     0  startup_tm4c123gh6pm.o(.text)
    I2C0_IRQHandler                          0x00000419   Thumb Code     0  startup_tm4c123gh6pm.o(.text)
    I2C1_IRQHandler                          0x00000419   Thumb Code     0  startup_tm4c123gh6pm.o(.text)
    I2C2_IRQHandler                          0x00000419   Thumb Code     0  startup_tm4c123gh6pm.o(.text)
    I2C3_IRQHandler                          0x00000419   Thumb Code     0  startup_tm4c123gh6pm.o(.text)
    I2C4_IRQHandler                          0x00000419   Thumb Code     0  startup_tm4c123gh6pm.o(.text)
    I2C5_IRQHandler                          0x00000419   Thumb Code     0  startup_tm4c123gh6pm.o(.text)
    PWM1Fault_IRQHandler                     0x00000419   Thumb Code     0  startup_tm4c123gh6pm.o(.text)
    PWM1Gen0_IRQHandler                      0x00000419   Thumb Code     0  startup_tm4c123gh6pm.o(.text)
    PWM1Gen1_IRQHandler                      0x00000419   Thumb Code     0  startup_tm4c123gh6pm.o(.text)
    PWM1Gen2_IRQHandler                      0x00000419   Thumb Code     0  startup_tm4c123gh6pm.o(.text)
    PWM1Gen3_IRQHandler                      0x00000419   Thumb Code     0  startup_tm4c123gh6pm.o(.text)
    PWMFault_IRQHandler                      0x00000419   Thumb Code     0  startup_tm4c123gh6pm.o(.text)
    PWMGen0_IRQHandler                       0x00000419   Thumb Code     0  startup_tm4c123gh6pm.o(.text)
    PWMGen1_IRQHandler                       0x00000419   Thumb Code     0  startup_tm4c123gh6pm.o(.text)
    PWMGen2_IRQHandler                       0x00000419   Thumb Code     0  startup_tm4c123gh6pm.o(.text)
    PWMGen3_IRQHandler                       0x00000419   Thumb Code     0  startup_tm4c123gh6pm.o(.text)
    QEI0_IRQHandler                          0x00000419   Thumb Code     0  startup_tm4c123gh6pm.o(.text)
    QEI1_IRQHandler                          0x00000419   Thumb Code     0  startup_tm4c123gh6pm.o(.text)
    QEI2_IRQHandler                          0x00000419   Thumb Code     0  startup_tm4c123gh6pm.o(.text)
    SSI0_IRQHandler                          0x00000419   Thumb Code     0  startup_tm4c123gh6pm.o(.text)
    SSI1_IRQHandler                          0x00000419   Thumb Code     0  startup_tm4c123gh6pm.o(.text)
    SSI2_IRQHandler                          0x00000419   Thumb Code     0  startup_tm4c123gh6pm.o(.text)
    SSI3_IRQHandler                          0x00000419   Thumb Code     0  startup_tm4c123gh6pm.o(.text)
    SysCtrl_IRQHandler                       0x00000419   Thumb Code     0  startup_tm4c123gh6pm.o(.text)
    Timer0A_IRQHandler                       0x00000419   Thumb Code     0  startup_tm4c123gh6pm.o(.text)
    Timer0B_IRQHandler                       0x00000419   Thumb Code     0  startup_tm4c123gh6pm.o(.text)
    Timer1A_IRQHandler                       0x00000419   Thumb Code     0  startup_tm4c123gh6pm.o(.text)
    Timer1B_IRQHandler                       0x00000419   Thumb Code     0  startup_tm4c123gh6pm.o(.text)
    Timer2A_IRQHandler                       0x00000419   Thumb Code     0  startup_tm4c123gh6pm.o(.text)
    Timer2B_IRQHandler                       0x00000419   Thumb Code     0  startup_tm4c123gh6pm.o(.text)
    Timer3A_IRQHandler                       0x00000419   Thumb Code     0  startup_tm4c123gh6pm.o(.text)
    Timer3B_IRQHandler                       0x00000419   Thumb Code     0  startup_tm4c123gh6pm.o(.text)
    Timer4A_IRQHandler                       0x00000419   Thumb Code     0  startup_tm4c123gh6pm.o(.text)
    Timer4B_IRQHandler                       0x00000419   Thumb Code     0  startup_tm4c123gh6pm.o(.text)
    Timer5A_IRQHandler                       0x00000419   Thumb Code     0  startup_tm4c123gh6pm.o(.text)
    Timer5B_IRQHandler                       0x00000419   Thumb Code     0  startup_tm4c123gh6pm.o(.text)
    UART0_IRQHandler                         0x00000419   Thumb Code     0  startup_tm4c123gh6pm.o(.text)
    UART2_IRQHandler                         0x00000419   Thumb Code     0  startup_tm4c123gh6pm.o(.text)
    UART3_IRQHandler                         0x00000419   Thumb Code     0  startup_tm4c123gh6pm.o(.text)
    UART4_IRQHandler                         0x00000419   Thumb Code     0  startup_tm4c123gh6pm.o(.text)
    UART5_IRQHandler                         0x00000419   Thumb Code     0  startup_tm4c123gh6pm.o(.text)
    UART6_IRQHandler                         0x00000419   Thumb Code     0  startup_tm4c123gh6pm.o(.text)
    UART7_IRQHandler                         0x00000419   Thumb Code     0  startup_tm4c123gh6pm.o(.text)
    USB0_IRQHandler                          0x00000419   Thumb Code     0  startup_tm4c123gh6pm.o(.text)
    Watchdog_IRQHandler                      0x00000419   Thumb Code     0  startup_tm4c123gh6pm.o(.text)
    WideTimer0A_IRQHandler                   0x00000419   Thumb Code     0  startup_tm4c123gh6pm.o(.text)
    WideTimer0B_IRQHandler                   0x00000419   Thumb Code     0  startup_tm4c123gh6pm.o(.text)
    WideTimer1A_IRQHandler                   0x00000419   Thumb Code     0  startup_tm4c123gh6pm.o(.text)
    WideTimer1B_IRQHandler                   0x00000419   Thumb Code     0  startup_tm4c123gh6pm.o(.text)
    WideTimer2A_IRQHandler                   0x00000419   Thumb Code     0  startup_tm4c123gh6pm.o(.text)
    WideTimer2B_IRQHandler                   0x00000419   Thumb Code     0  startup_tm4c123gh6pm.o(.text)
    WideTimer3A_IRQHandler                   0x00000419   Thumb Code     0  startup_tm4c123gh6pm.o(.text)
    WideTimer3B_IRQHandler                   0x00000419   Thumb Code     0  startup_tm4c123gh6pm.o(.text)
    WideTimer4A_IRQHandler                   0x00000419   Thumb Code     0  startup_tm4c123gh6pm.o(.text)
    WideTimer4B_IRQHandler                   0x00000419   Thumb Code     0  startup_tm4c123gh6pm.o(.text)
    WideTimer5A_IRQHandler                   0x00000419   Thumb Code     0  startup_tm4c123gh6pm.o(.text)
    WideTimer5B_IRQHandler                   0x00000419   Thumb Code     0  startup_tm4c123gh6pm.o(.text)
    uDMAError_IRQHandler                     0x00000419   Thumb Code     0  startup_tm4c123gh6pm.o(.text)
    uDMAST_IRQHandler                        0x00000419   Thumb Code     0  startup_tm4c123gh6pm.o(.text)
    __user_initial_stackheap                 0x00000421   Thumb Code    10  startup_tm4c123gh6pm.o(.text)
    assert_failed                            0x0000042b   Thumb Code    10  startup_tm4c123gh6pm.o(.text)
    strlen                                   0x00000451   Thumb Code    62  strlen.o(.text)
    __aeabi_memset                           0x0000048f   Thumb Code    16  aeabi_memset.o(.text)
    __use_two_region_memory                  0x0000049f   Thumb Code     2  heapauxi.o(.text)
    __rt_heap_escrow$2region                 0x000004a1   Thumb Code     2  heapauxi.o(.text)
    __rt_heap_expand$2region                 0x000004a3   Thumb Code     2  heapauxi.o(.text)
    __aeabi_memclr                           0x000004a5   Thumb Code     0  rt_memclr.o(.text)
    __rt_memclr                              0x000004a5   Thumb Code    68  rt_memclr.o(.text)
    _memset                                  0x000004a9   Thumb Code     0  rt_memclr.o(.text)
    __aeabi_memclr4                          0x000004e9   Thumb Code     0  rt_memclr_w.o(.text)
    __aeabi_memclr8                          0x000004e9   Thumb Code     0  rt_memclr_w.o(.text)
    __rt_memclr_w                            0x000004e9   Thumb Code    78  rt_memclr_w.o(.text)
    _memset_w                                0x000004ed   Thumb Code     0  rt_memclr_w.o(.text)
    __user_setup_stackheap                   0x00000537   Thumb Code    74  sys_stackheap_outer.o(.text)
    exit                                     0x00000581   Thumb Code    18  exit.o(.text)
    __user_libspace                          0x00000595   Thumb Code     8  libspace.o(.text)
    __user_perproc_libspace                  0x00000595   Thumb Code     0  libspace.o(.text)
    __user_perthread_libspace                0x00000595   Thumb Code     0  libspace.o(.text)
    _sys_exit                                0x0000059d   Thumb Code     8  sys_exit.o(.text)
    __I$use$semihosting                      0x000005a9   Thumb Code     0  use_no_semi.o(.text)
    __use_no_semihosting_swi                 0x000005a9   Thumb Code     2  use_no_semi.o(.text)
    __semihosting_library_function           0x000005ab   Thumb Code     0  indicate_semi.o(.text)
    ADC1Seq3_IRQHandler                      0x000005ad   Thumb Code    76  bsp.o(i.ADC1Seq3_IRQHandler)
    BLE_uart_ctor                            0x00000605   Thumb Code    10  ble_uart.o(i.BLE_uart_ctor)
    BSP_AccelerometerGet                     0x0000067d   Thumb Code    12  bsp.o(i.BSP_AccelerometerGet)
    BSP_Accelerometer_Init                   0x0000068d   Thumb Code   124  bsp.o(i.BSP_Accelerometer_Init)
    BSP_Accelerometer_Input                  0x0000071d   Thumb Code    32  bsp.o(i.BSP_Accelerometer_Input)
    BSP_BP_BuzzerIO_Init                     0x00000741   Thumb Code   190  bsp.o(i.BSP_BP_BuzzerIO_Init)
    BSP_BP_Buzzer_Freq                       0x00000821   Thumb Code    48  bsp.o(i.BSP_BP_Buzzer_Freq)
    BSP_BP_Joystick_Init                     0x00000859   Thumb Code   176  bsp.o(i.BSP_BP_Joystick_Init)
    BSP_BP_LedBlueDuty                       0x00000929   Thumb Code    26  bsp.o(i.BSP_BP_LedBlueDuty)
    BSP_BP_LightSensor_End                   0x0000094d   Thumb Code    48  bsp_bp.o(i.BSP_BP_LightSensor_End)
    BSP_BP_LightSensor_Init                  0x00000981   Thumb Code     4  bsp_bp.o(i.BSP_BP_LightSensor_Init)
    BSP_BP_LightSensor_Start                 0x00000985   Thumb Code    20  bsp_bp.o(i.BSP_BP_LightSensor_Start)
    BSP_BP_RGB_ledsInit                      0x0000099d   Thumb Code   392  bsp.o(i.BSP_BP_RGB_ledsInit)
    BSP_BP_SPI_TFT_Init                      0x00000b55   Thumb Code   346  bsp.o(i.BSP_BP_SPI_TFT_Init)
    BSP_BP_SPIwritecommand                   0x00000ce9   Thumb Code    40  bsp.o(i.BSP_BP_SPIwritecommand)
    BSP_BP_SPIwritedata                      0x00000d19   Thumb Code    40  bsp.o(i.BSP_BP_SPIwritedata)
    BSP_Delay1ms                             0x00000d49   Thumb Code    24  bsp.o(i.BSP_Delay1ms)
    BSP_I2C_Recv2                            0x00000d61   Thumb Code    82  bsp.o(i.BSP_I2C_Recv2)
    BSP_I2C_Send1                            0x00000db9   Thumb Code    42  bsp.o(i.BSP_I2C_Send1)
    BSP_I2C_Send3                            0x00000de9   Thumb Code    96  bsp.o(i.BSP_I2C_Send3)
    BSP_Joystick_Input                       0x00000e4d   Thumb Code    20  bsp.o(i.BSP_Joystick_Input)
    BSP_Joystick_Trigger                     0x00000e65   Thumb Code    12  bsp.o(i.BSP_Joystick_Trigger)
    BSP_LCD_DrawChar                         0x00000e75   Thumb Code   182  bsp_bp.o(i.BSP_LCD_DrawChar)
    BSP_LCD_DrawString                       0x00000f35   Thumb Code    82  bsp_bp.o(i.BSP_LCD_DrawString)
    BSP_LCD_FillRect                         0x00000f89   Thumb Code   118  bsp_bp.o(i.BSP_LCD_FillRect)
    BSP_LCD_FillScreen                       0x00001005   Thumb Code    24  bsp_bp.o(i.BSP_LCD_FillScreen)
    BSP_LCD_Init                             0x00001021   Thumb Code     6  bsp_bp.o(i.BSP_LCD_Init)
    BSP_LCD_OutUDec4                         0x00001029   Thumb Code    80  bsp_bp.o(i.BSP_LCD_OutUDec4)
    BSP_LCD_OutUDec5                         0x00001085   Thumb Code    80  bsp_bp.o(i.BSP_LCD_OutUDec5)
    BSP_LCD_SetCursor                        0x000010e1   Thumb Code    16  bsp_bp.o(i.BSP_LCD_SetCursor)
    BSP_LightSensor_INTstatus                0x000010f5   Thumb Code    20  bsp.o(i.BSP_LightSensor_INTstatus)
    BSP_LightSensor_Init                     0x00001109   Thumb Code    62  bsp.o(i.BSP_LightSensor_Init)
    BSP_Microphone_Get                       0x00001151   Thumb Code     8  bsp.o(i.BSP_Microphone_Get)
    BSP_Microphone_Init                      0x0000115d   Thumb Code   138  bsp.o(i.BSP_Microphone_Init)
    BSP_displayPaused                        0x00001201   Thumb Code    10  bsp.o(i.BSP_displayPaused)
    BSP_displayPhilStat                      0x00001211   Thumb Code    18  bsp.o(i.BSP_displayPhilStat)
    BSP_init                                 0x00001229   Thumb Code   154  bsp.o(i.BSP_init)
    BSP_ledRedOff                            0x000012e9   Thumb Code     8  bsp.o(i.BSP_ledRedOff)
    BSP_random                               0x000012f5   Thumb Code    40  bsp.o(i.BSP_random)
    GPIOPortA_IRQHandler                     0x0000132d   Thumb Code    58  bsp.o(i.GPIOPortA_IRQHandler)
    Heartbeat_ctor                           0x00001371   Thumb Code    32  blinky.o(i.Heartbeat_ctor)
    Philo_ctor                               0x00001659   Thumb Code    48  philo.o(i.Philo_ctor)
    Profile_Init                             0x00001865   Thumb Code   320  profile.o(i.Profile_Init)
    QActive_ctor                             0x000019d5   Thumb Code    26  qf_qact.o(i.QActive_ctor)
    QActive_get_                             0x000019f5   Thumb Code   110  qf_actq.o(i.QActive_get_)
    QActive_postFromISR_                     0x00001a69   Thumb Code   172  qf_port.o(i.QActive_postFromISR_)
    QActive_postLIFO_                        0x00001b19   Thumb Code   114  qf_actq.o(i.QActive_postLIFO_)
    QActive_post_                            0x00001b91   Thumb Code   168  qf_actq.o(i.QActive_post_)
    QActive_setAttr                          0x00001c3d   Thumb Code    30  qf_port.o(i.QActive_setAttr)
    QActive_start_                           0x00001c61   Thumb Code   148  qf_port.o(i.QActive_start_)
    QActive_subscribe                        0x00001d01   Thumb Code    76  qf_ps.o(i.QActive_subscribe)
    QEQueue_init                             0x00001d59   Thumb Code    24  qf_qeq.o(i.QEQueue_init)
    QF_LOG2                                  0x00001d71   Thumb Code    34  qf_act.o(i.QF_LOG2)
    QF_add_                                  0x00001d99   Thumb Code    46  qf_act.o(i.QF_add_)
    QF_bzero                                 0x00001dd1   Thumb Code    16  qf_act.o(i.QF_bzero)
    QF_gc                                    0x00001de1   Thumb Code    82  qf_dyn.o(i.QF_gc)
    QF_gcFromISR                             0x00001e41   Thumb Code    90  qf_port.o(i.QF_gcFromISR)
    QF_init                                  0x00001ea9   Thumb Code     2  qf_port.o(i.QF_init)
    QF_newXFromISR_                          0x00001ead   Thumb Code   118  qf_port.o(i.QF_newXFromISR_)
    QF_newX_                                 0x00001f31   Thumb Code   118  qf_dyn.o(i.QF_newX_)
    QF_onStartup                             0x00001fb5   Thumb Code   140  bsp.o(i.QF_onStartup)
    QF_poolInit                              0x0000204d   Thumb Code    86  qf_dyn.o(i.QF_poolInit)
    QF_psInit                                0x000020b1   Thumb Code    12  qf_ps.o(i.QF_psInit)
    QF_publishFromISR_                       0x000020c1   Thumb Code   164  qf_port.o(i.QF_publishFromISR_)
    QF_publish_                              0x00002175   Thumb Code   148  qf_ps.o(i.QF_publish_)
    QF_run                                   0x00002215   Thumb Code    22  qf_port.o(i.QF_run)
    QF_tickXFromISR_                         0x00002231   Thumb Code   152  qf_port.o(i.QF_tickXFromISR_)
    QF_tickX_                                0x000022d1   Thumb Code   142  qf_time.o(i.QF_tickX_)
    QHsm_ctor                                0x00002369   Thumb Code    12  qep_hsm.o(i.QHsm_ctor)
    QHsm_dispatch_                           0x0000237d   Thumb Code   236  qep_hsm.o(i.QHsm_dispatch_)
    QHsm_init_                               0x0000246d   Thumb Code   140  qep_hsm.o(i.QHsm_init_)
    QHsm_top                                 0x00002501   Thumb Code     4  qep_hsm.o(i.QHsm_top)
    QMPool_get                               0x00002611   Thumb Code   120  qf_mem.o(i.QMPool_get)
    QMPool_getFromISR                        0x0000268d   Thumb Code   124  qf_port.o(i.QMPool_getFromISR)
    QMPool_init                              0x0000270d   Thumb Code   122  qf_mem.o(i.QMPool_init)
    QMPool_put                               0x0000278d   Thumb Code    58  qf_mem.o(i.QMPool_put)
    QMPool_putFromISR                        0x000027cd   Thumb Code    72  qf_port.o(i.QMPool_putFromISR)
    QTimeEvt_armX                            0x00002895   Thumb Code    86  qf_time.o(i.QTimeEvt_armX)
    QTimeEvt_ctorX                           0x000028f5   Thumb Code    48  qf_time.o(i.QTimeEvt_ctorX)
    QTimeEvt_disarm                          0x00002929   Thumb Code    46  qf_time.o(i.QTimeEvt_disarm)
    Q_onAssert                               0x00002959   Thumb Code    52  bsp.o(i.Q_onAssert)
    RxFifo_Init                              0x00002999   Thumb Code    12  bsp.o(i.RxFifo_Init)
    Sensor_ctor                              0x00002a75   Thumb Code    30  lightsensor.o(i.Sensor_ctor)
    SysTick_Handler                          0x00002b8d   Thumb Code    38  port.o(i.SysTick_Handler)
    SystemCoreClockUpdate                    0x00002bb9   Thumb Code   112  system_tm4c123gh6pm.o(i.SystemCoreClockUpdate)
    SystemInit                               0x00002c35   Thumb Code   104  system_tm4c123gh6pm.o(i.SystemInit)
    Table_ctor                               0x00002cf1   Thumb Code    34  table.o(i.Table_ctor)
    UART0_Init                               0x00003055   Thumb Code   130  bsp.o(i.UART0_Init)
    UART0_OutChar                            0x000030ed   Thumb Code    12  bsp.o(i.UART0_OutChar)
    UART1_IRQHandler                         0x000030fd   Thumb Code    92  bsp.o(i.UART1_IRQHandler)
    UART1_Init                               0x00003165   Thumb Code   128  bsp.o(i.UART1_Init)
    UART1_OutChar                            0x000031f5   Thumb Code    12  bsp.o(i.UART1_OutChar)
    UART1_OutString                          0x00003205   Thumb Code    22  bsp.o(i.UART1_OutString)
    main                                     0x000035d1   Thumb Code   370  main.o(i.main)
    pxPortInitialiseStack                    0x00003a05   Thumb Code    40  port.o(i.pxPortInitialiseStack)
    ulTaskNotifyTake                         0x00003ab9   Thumb Code    96  tasks.o(i.ulTaskNotifyTake)
    uxListRemove                             0x00003b21   Thumb Code    38  list.o(i.uxListRemove)
    vApplicationGetIdleTaskMemory            0x00003b49   Thumb Code    18  bsp.o(i.vApplicationGetIdleTaskMemory)
    vApplicationIdleHook                     0x00003b61   Thumb Code    40  bsp.o(i.vApplicationIdleHook)
    vApplicationStackOverflowHook            0x00003b91   Thumb Code    10  bsp.o(i.vApplicationStackOverflowHook)
    vApplicationTickHook                     0x00003ba1   Thumb Code   306  bsp.o(i.vApplicationTickHook)
    vListInitialise                          0x00003cf5   Thumb Code    22  list.o(i.vListInitialise)
    vListInitialiseItem                      0x00003d0b   Thumb Code     6  list.o(i.vListInitialiseItem)
    vListInsert                              0x00003d11   Thumb Code    48  list.o(i.vListInsert)
    vListInsertEnd                           0x00003d41   Thumb Code    24  list.o(i.vListInsertEnd)
    vPortEnterCritical                       0x00003d59   Thumb Code    48  port.o(i.vPortEnterCritical)
    vPortExitCritical                        0x00003d95   Thumb Code    32  port.o(i.vPortExitCritical)
    vPortSetupTimerInterrupt                 0x00003dbd   Thumb Code    32  port.o(i.vPortSetupTimerInterrupt)
    vPortValidateInterruptPriority           0x00003de1   Thumb Code    66  port.o(i.vPortValidateInterruptPriority)
    vTaskNotifyGiveFromISR                   0x00003e31   Thumb Code   158  tasks.o(i.vTaskNotifyGiveFromISR)
    vTaskStartScheduler                      0x00003ee1   Thumb Code    90  tasks.o(i.vTaskStartScheduler)
    vTaskSuspendAll                          0x00003f4d   Thumb Code    10  tasks.o(i.vTaskSuspendAll)
    vTaskSwitchContext                       0x00003f5d   Thumb Code   120  tasks.o(i.vTaskSwitchContext)
    xPortStartScheduler                      0x00003fe1   Thumb Code   186  port.o(i.xPortStartScheduler)
    xTaskCreateStatic                        0x000040b5   Thumb Code    96  tasks.o(i.xTaskCreateStatic)
    xTaskGenericNotify                       0x00004119   Thumb Code   196  tasks.o(i.xTaskGenericNotify)
    xTaskIncrementTick                       0x000041ed   Thumb Code   196  tasks.o(i.xTaskIncrementTick)
    xTaskResumeAll                           0x000042bd   Thumb Code   178  tasks.o(i.xTaskResumeAll)
    _fp_init                                 0x00004381   Thumb Code    10  fpinit.o(x$fpl$fpinit)
    __fplib_config_fpu_vfp                   0x00004389   Thumb Code     0  fpinit.o(x$fpl$fpinit)
    __fplib_config_pureend_doubles           0x00004389   Thumb Code     0  fpinit.o(x$fpl$fpinit)
    AO_Heartbeat                             0x0000441c   Data           4  blinky.o(.constdata)
    AO_Philo                                 0x00004448   Data          20  philo.o(.constdata)
    AO_Table                                 0x00004468   Data           4  table.o(.constdata)
    AO_Sensor                                0x000049e8   Data           4  lightsensor.o(.constdata)
    AO_BLE_uart                              0x000049f4   Data           4  ble_uart.o(.constdata)
    Region$$Table$$Base                      0x00004acc   Number         0  anon$$obj.o(Region$$Table)
    Region$$Table$$Limit                     0x00004aec   Number         0  anon$$obj.o(Region$$Table)
    SystemCoreClock                          0x20000000   Data           4  system_tm4c123gh6pm.o(.data)
    QF_maxPool_                              0x20000004   Data           4  qf_dyn.o(.data)
    QF_subscrList_                           0x20000008   Data           4  qf_ps.o(.data)
    QF_maxPubSignal_                         0x2000000c   Data           4  qf_ps.o(.data)
    pxCurrentTCB                             0x20000010   Data           4  tasks.o(.data)
    RxPutI                                   0x20000060   Data           4  bsp.o(.data)
    RxGetI                                   0x20000064   Data           4  bsp.o(.data)
    RxFifoLost                               0x20000068   Data           4  bsp.o(.data)
    StTextColor                              0x2000008a   Data           2  bsp_bp.o(.data)
    PlotBGColor                              0x20000090   Data           2  bsp_bp.o(.data)
    StX                                      0x20000094   Data           4  bsp_bp.o(.data)
    StY                                      0x20000098   Data           4  bsp_bp.o(.data)
    Messageindex                             0x200000a0   Data           4  bsp_bp.o(.data)
    TimeIndex                                0x200000a4   Data           4  bsp_bp.o(.data)
    Ymax                                     0x200000a8   Data           4  bsp_bp.o(.data)
    Ymin                                     0x200000ac   Data           4  bsp_bp.o(.data)
    Yrange                                   0x200000b0   Data           4  bsp_bp.o(.data)
    QF_active_                               0x200000b4   Data         132  qf_act.o(.bss)
    QF_timeEvtHead_                          0x20000138   Data          16  qf_time.o(.bss)
    QF_pool_                                 0x20000148   Data          60  qf_dyn.o(.bss)
    RxFIFO                                   0x2000094c   Data         256  bsp.o(.bss)
    Message                                  0x20003378   Data          12  bsp_bp.o(.bss)
    __libspace_start                         0x20003494   Data          96  libspace.o(.bss)
    __temporary_stack_top$libspace           0x200034f4   Data           0  libspace.o(.bss)



==============================================================================

Memory Map of the image

  Image Entry point : 0x000003d5

  Load Region LR_IROM1 (Base: 0x00000000, Size: 0x00004ba0, Max: 0x00040000, ABSOLUTE)

    Execution Region ER_IROM1 (Exec base: 0x00000000, Load base: 0x00000000, Size: 0x00004aec, Max: 0x00040000, ABSOLUTE)

    Exec Addr    Load Addr    Size         Type   Attr      Idx    E Section Name        Object

    0x00000000   0x00000000   0x0000026c   Data   RO           69    RESET               startup_tm4c123gh6pm.o
    0x0000026c   0x0000026c   0x00000008   Code   RO         2249  * !!!main             c_w.l(__main.o)
    0x00000274   0x00000274   0x00000034   Code   RO         2412    !!!scatter          c_w.l(__scatter.o)
    0x000002a8   0x000002a8   0x0000001a   Code   RO         2414    !!handler_copy      c_w.l(__scatter_copy.o)
    0x000002c2   0x000002c2   0x00000002   PAD
    0x000002c4   0x000002c4   0x0000001c   Code   RO         2416    !!handler_zi        c_w.l(__scatter_zi.o)
    0x000002e0   0x000002e0   0x00000002   Code   RO         2280    .ARM.Collect$$libinit$$00000000  c_w.l(libinit.o)
    0x000002e2   0x000002e2   0x00000004   Code   RO         2286    .ARM.Collect$$libinit$$00000001  c_w.l(libinit2.o)
    0x000002e6   0x000002e6   0x00000000   Code   RO         2289    .ARM.Collect$$libinit$$00000004  c_w.l(libinit2.o)
    0x000002e6   0x000002e6   0x00000000   Code   RO         2292    .ARM.Collect$$libinit$$0000000A  c_w.l(libinit2.o)
    0x000002e6   0x000002e6   0x00000000   Code   RO         2294    .ARM.Collect$$libinit$$0000000C  c_w.l(libinit2.o)
    0x000002e6   0x000002e6   0x00000000   Code   RO         2296    .ARM.Collect$$libinit$$0000000E  c_w.l(libinit2.o)
    0x000002e6   0x000002e6   0x00000000   Code   RO         2299    .ARM.Collect$$libinit$$00000011  c_w.l(libinit2.o)
    0x000002e6   0x000002e6   0x00000000   Code   RO         2301    .ARM.Collect$$libinit$$00000013  c_w.l(libinit2.o)
    0x000002e6   0x000002e6   0x00000000   Code   RO         2303    .ARM.Collect$$libinit$$00000015  c_w.l(libinit2.o)
    0x000002e6   0x000002e6   0x00000000   Code   RO         2305    .ARM.Collect$$libinit$$00000017  c_w.l(libinit2.o)
    0x000002e6   0x000002e6   0x00000000   Code   RO         2307    .ARM.Collect$$libinit$$00000019  c_w.l(libinit2.o)
    0x000002e6   0x000002e6   0x00000000   Code   RO         2309    .ARM.Collect$$libinit$$0000001B  c_w.l(libinit2.o)
    0x000002e6   0x000002e6   0x00000000   Code   RO         2311    .ARM.Collect$$libinit$$0000001D  c_w.l(libinit2.o)
    0x000002e6   0x000002e6   0x00000000   Code   RO         2313    .ARM.Collect$$libinit$$0000001F  c_w.l(libinit2.o)
    0x000002e6   0x000002e6   0x00000000   Code   RO         2315    .ARM.Collect$$libinit$$00000021  c_w.l(libinit2.o)
    0x000002e6   0x000002e6   0x00000000   Code   RO         2317    .ARM.Collect$$libinit$$00000023  c_w.l(libinit2.o)
    0x000002e6   0x000002e6   0x00000000   Code   RO         2319    .ARM.Collect$$libinit$$00000025  c_w.l(libinit2.o)
    0x000002e6   0x000002e6   0x00000000   Code   RO         2323    .ARM.Collect$$libinit$$0000002C  c_w.l(libinit2.o)
    0x000002e6   0x000002e6   0x00000000   Code   RO         2325    .ARM.Collect$$libinit$$0000002E  c_w.l(libinit2.o)
    0x000002e6   0x000002e6   0x00000000   Code   RO         2327    .ARM.Collect$$libinit$$00000030  c_w.l(libinit2.o)
    0x000002e6   0x000002e6   0x00000000   Code   RO         2329    .ARM.Collect$$libinit$$00000032  c_w.l(libinit2.o)
    0x000002e6   0x000002e6   0x00000002   Code   RO         2330    .ARM.Collect$$libinit$$00000033  c_w.l(libinit2.o)
    0x000002e8   0x000002e8   0x00000002   Code   RO         2350    .ARM.Collect$$libshutdown$$00000000  c_w.l(libshutdown.o)
    0x000002ea   0x000002ea   0x00000000   Code   RO         2363    .ARM.Collect$$libshutdown$$00000002  c_w.l(libshutdown2.o)
    0x000002ea   0x000002ea   0x00000000   Code   RO         2365    .ARM.Collect$$libshutdown$$00000004  c_w.l(libshutdown2.o)
    0x000002ea   0x000002ea   0x00000000   Code   RO         2367    .ARM.Collect$$libshutdown$$00000006  c_w.l(libshutdown2.o)
    0x000002ea   0x000002ea   0x00000000   Code   RO         2370    .ARM.Collect$$libshutdown$$00000009  c_w.l(libshutdown2.o)
    0x000002ea   0x000002ea   0x00000000   Code   RO         2373    .ARM.Collect$$libshutdown$$0000000C  c_w.l(libshutdown2.o)
    0x000002ea   0x000002ea   0x00000000   Code   RO         2375    .ARM.Collect$$libshutdown$$0000000E  c_w.l(libshutdown2.o)
    0x000002ea   0x000002ea   0x00000000   Code   RO         2378    .ARM.Collect$$libshutdown$$00000011  c_w.l(libshutdown2.o)
    0x000002ea   0x000002ea   0x00000002   Code   RO         2379    .ARM.Collect$$libshutdown$$00000012  c_w.l(libshutdown2.o)
    0x000002ec   0x000002ec   0x00000000   Code   RO         2251    .ARM.Collect$$rtentry$$00000000  c_w.l(__rtentry.o)
    0x000002ec   0x000002ec   0x00000000   Code   RO         2255    .ARM.Collect$$rtentry$$00000002  c_w.l(__rtentry2.o)
    0x000002ec   0x000002ec   0x00000006   Code   RO         2267    .ARM.Collect$$rtentry$$00000004  c_w.l(__rtentry4.o)
    0x000002f2   0x000002f2   0x00000000   Code   RO         2257    .ARM.Collect$$rtentry$$00000009  c_w.l(__rtentry2.o)
    0x000002f2   0x000002f2   0x00000004   Code   RO         2258    .ARM.Collect$$rtentry$$0000000A  c_w.l(__rtentry2.o)
    0x000002f6   0x000002f6   0x00000000   Code   RO         2260    .ARM.Collect$$rtentry$$0000000C  c_w.l(__rtentry2.o)
    0x000002f6   0x000002f6   0x00000008   Code   RO         2261    .ARM.Collect$$rtentry$$0000000D  c_w.l(__rtentry2.o)
    0x000002fe   0x000002fe   0x00000002   Code   RO         2284    .ARM.Collect$$rtexit$$00000000  c_w.l(rtexit.o)
    0x00000300   0x00000300   0x00000000   Code   RO         2332    .ARM.Collect$$rtexit$$00000002  c_w.l(rtexit2.o)
    0x00000300   0x00000300   0x00000004   Code   RO         2333    .ARM.Collect$$rtexit$$00000003  c_w.l(rtexit2.o)
    0x00000304   0x00000304   0x00000006   Code   RO         2334    .ARM.Collect$$rtexit$$00000004  c_w.l(rtexit2.o)
    0x0000030a   0x0000030a   0x00000002   PAD
    0x0000030c   0x0000030c   0x000000be   Code   RO         1046    .emb_text           port.o
    0x000003ca   0x000003ca   0x00000002   PAD
    0x000003cc   0x000003cc   0x00000006   Code   RO         1226    .emb_text           bsp.o
    0x000003d2   0x000003d2   0x00000002   PAD
    0x000003d4   0x000003d4   0x0000007c   Code   RO           70  * .text               startup_tm4c123gh6pm.o
    0x00000450   0x00000450   0x0000003e   Code   RO         2243    .text               c_w.l(strlen.o)
    0x0000048e   0x0000048e   0x00000010   Code   RO         2245    .text               c_w.l(aeabi_memset.o)
    0x0000049e   0x0000049e   0x00000006   Code   RO         2247    .text               c_w.l(heapauxi.o)
    0x000004a4   0x000004a4   0x00000044   Code   RO         2252    .text               c_w.l(rt_memclr.o)
    0x000004e8   0x000004e8   0x0000004e   Code   RO         2269    .text               c_w.l(rt_memclr_w.o)
    0x00000536   0x00000536   0x0000004a   Code   RO         2271    .text               c_w.l(sys_stackheap_outer.o)
    0x00000580   0x00000580   0x00000012   Code   RO         2273    .text               c_w.l(exit.o)
    0x00000592   0x00000592   0x00000002   PAD
    0x00000594   0x00000594   0x00000008   Code   RO         2281    .text               c_w.l(libspace.o)
    0x0000059c   0x0000059c   0x0000000c   Code   RO         2342    .text               c_w.l(sys_exit.o)
    0x000005a8   0x000005a8   0x00000002   Code   RO         2353    .text               c_w.l(use_no_semi.o)
    0x000005aa   0x000005aa   0x00000000   Code   RO         2355    .text               c_w.l(indicate_semi.o)
    0x000005aa   0x000005aa   0x00000002   PAD
    0x000005ac   0x000005ac   0x00000058   Code   RO         1227    i.ADC1Seq3_IRQHandler  bsp.o
    0x00000604   0x00000604   0x00000014   Code   RO         2211    i.BLE_uart_ctor     ble_uart.o
    0x00000618   0x00000618   0x0000002c   Code   RO         2212    i.BLE_uart_initial  ble_uart.o
    0x00000644   0x00000644   0x00000038   Code   RO         2213    i.BLE_uart_start    ble_uart.o
    0x0000067c   0x0000067c   0x00000010   Code   RO         1228    i.BSP_AccelerometerGet  bsp.o
    0x0000068c   0x0000068c   0x00000090   Code   RO         1229    i.BSP_Accelerometer_Init  bsp.o
    0x0000071c   0x0000071c   0x00000024   Code   RO         1230    i.BSP_Accelerometer_Input  bsp.o
    0x00000740   0x00000740   0x000000e0   Code   RO         1231    i.BSP_BP_BuzzerIO_Init  bsp.o
    0x00000820   0x00000820   0x00000038   Code   RO         1232    i.BSP_BP_Buzzer_Freq  bsp.o
    0x00000858   0x00000858   0x000000d0   Code   RO         1235    i.BSP_BP_Joystick_Init  bsp.o
    0x00000928   0x00000928   0x00000024   Code   RO         1236    i.BSP_BP_LedBlueDuty  bsp.o
    0x0000094c   0x0000094c   0x00000034   Code   RO         1912    i.BSP_BP_LightSensor_End  bsp_bp.o
    0x00000980   0x00000980   0x00000004   Code   RO         1913    i.BSP_BP_LightSensor_Init  bsp_bp.o
    0x00000984   0x00000984   0x00000018   Code   RO         1915    i.BSP_BP_LightSensor_Start  bsp_bp.o
    0x0000099c   0x0000099c   0x000001b8   Code   RO         1245    i.BSP_BP_RGB_ledsInit  bsp.o
    0x00000b54   0x00000b54   0x00000194   Code   RO         1246    i.BSP_BP_SPI_TFT_Init  bsp.o
    0x00000ce8   0x00000ce8   0x00000030   Code   RO         1247    i.BSP_BP_SPIwritecommand  bsp.o
    0x00000d18   0x00000d18   0x00000030   Code   RO         1248    i.BSP_BP_SPIwritedata  bsp.o
    0x00000d48   0x00000d48   0x00000018   Code   RO         1255    i.BSP_Delay1ms      bsp.o
    0x00000d60   0x00000d60   0x00000058   Code   RO         1256    i.BSP_I2C_Recv2     bsp.o
    0x00000db8   0x00000db8   0x00000030   Code   RO         1257    i.BSP_I2C_Send1     bsp.o
    0x00000de8   0x00000de8   0x00000064   Code   RO         1258    i.BSP_I2C_Send3     bsp.o
    0x00000e4c   0x00000e4c   0x00000018   Code   RO         1259    i.BSP_Joystick_Input  bsp.o
    0x00000e64   0x00000e64   0x00000010   Code   RO         1260    i.BSP_Joystick_Trigger  bsp.o
    0x00000e74   0x00000e74   0x000000c0   Code   RO         1918    i.BSP_LCD_DrawChar  bsp_bp.o
    0x00000f34   0x00000f34   0x00000052   Code   RO         1923    i.BSP_LCD_DrawString  bsp_bp.o
    0x00000f86   0x00000f86   0x00000002   PAD
    0x00000f88   0x00000f88   0x0000007c   Code   RO         1925    i.BSP_LCD_FillRect  bsp_bp.o
    0x00001004   0x00001004   0x0000001c   Code   RO         1926    i.BSP_LCD_FillScreen  bsp_bp.o
    0x00001020   0x00001020   0x00000006   Code   RO         1927    i.BSP_LCD_Init      bsp_bp.o
    0x00001026   0x00001026   0x00000002   PAD
    0x00001028   0x00001028   0x0000005c   Code   RO         1929    i.BSP_LCD_OutUDec4  bsp_bp.o
    0x00001084   0x00001084   0x0000005c   Code   RO         1930    i.BSP_LCD_OutUDec5  bsp_bp.o
    0x000010e0   0x000010e0   0x00000014   Code   RO         1935    i.BSP_LCD_SetCursor  bsp_bp.o
    0x000010f4   0x000010f4   0x00000014   Code   RO         1261    i.BSP_LightSensor_INTstatus  bsp.o
    0x00001108   0x00001108   0x00000048   Code   RO         1262    i.BSP_LightSensor_Init  bsp.o
    0x00001150   0x00001150   0x0000000c   Code   RO         1263    i.BSP_Microphone_Get  bsp.o
    0x0000115c   0x0000115c   0x000000a4   Code   RO         1264    i.BSP_Microphone_Init  bsp.o
    0x00001200   0x00001200   0x00000010   Code   RO         1267    i.BSP_displayPaused  bsp.o
    0x00001210   0x00001210   0x00000018   Code   RO         1268    i.BSP_displayPhilStat  bsp.o
    0x00001228   0x00001228   0x000000c0   Code   RO         1269    i.BSP_init          bsp.o
    0x000012e8   0x000012e8   0x0000000c   Code   RO         1274    i.BSP_ledRedOff     bsp.o
    0x000012f4   0x000012f4   0x00000038   Code   RO         1276    i.BSP_random        bsp.o
    0x0000132c   0x0000132c   0x00000044   Code   RO         1279    i.GPIOPortA_IRQHandler  bsp.o
    0x00001370   0x00001370   0x00000028   Code   RO         1124    i.Heartbeat_ctor    blinky.o
    0x00001398   0x00001398   0x000000c0   Code   RO         1125    i.Heartbeat_initial  blinky.o
    0x00001458   0x00001458   0x00000020   Code   RO         1126    i.Heartbeat_off     blinky.o
    0x00001478   0x00001478   0x000000d0   Code   RO         1127    i.Heartbeat_on      blinky.o
    0x00001548   0x00001548   0x000000d0   Code   RO         1128    i.Heartbeat_start   blinky.o
    0x00001618   0x00001618   0x00000030   Code   RO         1129    i.Heartbeat_stop    blinky.o
    0x00001648   0x00001648   0x00000010   Code   RO         1280    i.L_waitTillReady   bsp.o
    0x00001658   0x00001658   0x00000038   Code   RO         1829    i.Philo_ctor        philo.o
    0x00001690   0x00001690   0x00000094   Code   RO         1830    i.Philo_eating      philo.o
    0x00001724   0x00001724   0x00000088   Code   RO         1831    i.Philo_hungry      philo.o
    0x000017ac   0x000017ac   0x00000030   Code   RO         1832    i.Philo_initial     philo.o
    0x000017dc   0x000017dc   0x00000088   Code   RO         1833    i.Philo_thinking    philo.o
    0x00001864   0x00001864   0x00000170   Code   RO         2177    i.Profile_Init      profile.o
    0x000019d4   0x000019d4   0x00000020   Code   RO          557    i.QActive_ctor      qf_qact.o
    0x000019f4   0x000019f4   0x00000074   Code   RO          276    i.QActive_get_      qf_actq.o
    0x00001a68   0x00001a68   0x000000b0   Code   RO          615    i.QActive_postFromISR_  qf_port.o
    0x00001b18   0x00001b18   0x00000078   Code   RO          277    i.QActive_postLIFO_  qf_actq.o
    0x00001b90   0x00001b90   0x000000ac   Code   RO          278    i.QActive_post_     qf_actq.o
    0x00001c3c   0x00001c3c   0x00000024   Code   RO          616    i.QActive_setAttr   qf_port.o
    0x00001c60   0x00001c60   0x000000a0   Code   RO          617    i.QActive_start_    qf_port.o
    0x00001d00   0x00001d00   0x00000058   Code   RO          513    i.QActive_subscribe  qf_ps.o
    0x00001d58   0x00001d58   0x00000018   Code   RO          571    i.QEQueue_init      qf_qeq.o
    0x00001d70   0x00001d70   0x00000028   Code   RO          192    i.QF_LOG2           qf_act.o
    0x00001d98   0x00001d98   0x00000038   Code   RO          193    i.QF_add_           qf_act.o
    0x00001dd0   0x00001dd0   0x00000010   Code   RO          194    i.QF_bzero          qf_act.o
    0x00001de0   0x00001de0   0x00000060   Code   RO          431    i.QF_gc             qf_dyn.o
    0x00001e40   0x00001e40   0x00000068   Code   RO          618    i.QF_gcFromISR      qf_port.o
    0x00001ea8   0x00001ea8   0x00000002   Code   RO          619    i.QF_init           qf_port.o
    0x00001eaa   0x00001eaa   0x00000002   PAD
    0x00001eac   0x00001eac   0x00000084   Code   RO          620    i.QF_newXFromISR_   qf_port.o
    0x00001f30   0x00001f30   0x00000084   Code   RO          433    i.QF_newX_          qf_dyn.o
    0x00001fb4   0x00001fb4   0x00000098   Code   RO         1282    i.QF_onStartup      bsp.o
    0x0000204c   0x0000204c   0x00000064   Code   RO          435    i.QF_poolInit       qf_dyn.o
    0x000020b0   0x000020b0   0x00000010   Code   RO          516    i.QF_psInit         qf_ps.o
    0x000020c0   0x000020c0   0x000000b4   Code   RO          621    i.QF_publishFromISR_  qf_port.o
    0x00002174   0x00002174   0x000000a0   Code   RO          517    i.QF_publish_       qf_ps.o
    0x00002214   0x00002214   0x0000001c   Code   RO          622    i.QF_run            qf_port.o
    0x00002230   0x00002230   0x000000a0   Code   RO          624    i.QF_tickXFromISR_  qf_port.o
    0x000022d0   0x000022d0   0x00000098   Code   RO          369    i.QF_tickX_         qf_time.o
    0x00002368   0x00002368   0x00000014   Code   RO           75    i.QHsm_ctor         qep_hsm.o
    0x0000237c   0x0000237c   0x000000f0   Code   RO           76    i.QHsm_dispatch_    qep_hsm.o
    0x0000246c   0x0000246c   0x00000094   Code   RO           77    i.QHsm_init_        qep_hsm.o
    0x00002500   0x00002500   0x00000004   Code   RO           79    i.QHsm_top          qep_hsm.o
    0x00002504   0x00002504   0x0000010c   Code   RO           80    i.QHsm_tran_        qep_hsm.o
    0x00002610   0x00002610   0x0000007c   Code   RO          482    i.QMPool_get        qf_mem.o
    0x0000268c   0x0000268c   0x00000080   Code   RO          625    i.QMPool_getFromISR  qf_port.o
    0x0000270c   0x0000270c   0x00000080   Code   RO          483    i.QMPool_init       qf_mem.o
    0x0000278c   0x0000278c   0x00000040   Code   RO          484    i.QMPool_put        qf_mem.o
    0x000027cc   0x000027cc   0x0000004c   Code   RO          626    i.QMPool_putFromISR  qf_port.o
    0x00002818   0x00002818   0x00000024   Code   RO          281    i.QTicker_dispatch_  qf_actq.o
    0x0000283c   0x0000283c   0x00000006   Code   RO          282    i.QTicker_init_     qf_actq.o
    0x00002842   0x00002842   0x00000002   PAD
    0x00002844   0x00002844   0x00000010   Code   RO          283    i.QTicker_postLIFO_  qf_actq.o
    0x00002854   0x00002854   0x00000040   Code   RO          284    i.QTicker_post_     qf_actq.o
    0x00002894   0x00002894   0x00000060   Code   RO          370    i.QTimeEvt_armX     qf_time.o
    0x000028f4   0x000028f4   0x00000034   Code   RO          371    i.QTimeEvt_ctorX    qf_time.o
    0x00002928   0x00002928   0x0000002e   Code   RO          373    i.QTimeEvt_disarm   qf_time.o
    0x00002956   0x00002956   0x00000002   PAD
    0x00002958   0x00002958   0x00000040   Code   RO         1283    i.Q_onAssert        bsp.o
    0x00002998   0x00002998   0x00000010   Code   RO         1285    i.RxFifo_Init       bsp.o
    0x000029a8   0x000029a8   0x00000070   Code   RO         1937    i.ST7735_InitR      bsp_bp.o
    0x00002a18   0x00002a18   0x0000005c   Code   RO         2127    i.Sensor_busy       lightsensor.o
    0x00002a74   0x00002a74   0x00000028   Code   RO         2128    i.Sensor_ctor       lightsensor.o
    0x00002a9c   0x00002a9c   0x0000003c   Code   RO         2129    i.Sensor_idle       lightsensor.o
    0x00002ad8   0x00002ad8   0x0000001c   Code   RO         2130    i.Sensor_initial    lightsensor.o
    0x00002af4   0x00002af4   0x00000078   Code   RO         2131    i.Sensor_polling    lightsensor.o
    0x00002b6c   0x00002b6c   0x00000020   Code   RO         2132    i.Sensor_processing  lightsensor.o
    0x00002b8c   0x00002b8c   0x0000002c   Code   RO         1047    i.SysTick_Handler   port.o
    0x00002bb8   0x00002bb8   0x0000007c   Code   RO            4    i.SystemCoreClockUpdate  system_tm4c123gh6pm.o
    0x00002c34   0x00002c34   0x00000090   Code   RO            5    i.SystemInit        system_tm4c123gh6pm.o
    0x00002cc4   0x00002cc4   0x0000002c   Code   RO         1871    i.Table_active      table.o
    0x00002cf0   0x00002cf0   0x0000002c   Code   RO         1872    i.Table_ctor        table.o
    0x00002d1c   0x00002d1c   0x00000058   Code   RO         1873    i.Table_initial     table.o
    0x00002d74   0x00002d74   0x000000e0   Code   RO         1874    i.Table_paused      table.o
    0x00002e54   0x00002e54   0x00000200   Code   RO         1875    i.Table_serving     table.o
    0x00003054   0x00003054   0x00000098   Code   RO         1291    i.UART0_Init        bsp.o
    0x000030ec   0x000030ec   0x00000010   Code   RO         1292    i.UART0_OutChar     bsp.o
    0x000030fc   0x000030fc   0x00000068   Code   RO         1298    i.UART1_IRQHandler  bsp.o
    0x00003164   0x00003164   0x00000090   Code   RO         1301    i.UART1_Init        bsp.o
    0x000031f4   0x000031f4   0x00000010   Code   RO         1302    i.UART1_OutChar     bsp.o
    0x00003204   0x00003204   0x00000016   Code   RO         1303    i.UART1_OutString   bsp.o
    0x0000321a   0x0000321a   0x0000001a   Code   RO         1305    i.__NVIC_EnableIRQ  bsp.o
    0x00003234   0x00003234   0x00000020   Code   RO         1306    i.__NVIC_SetPriority  bsp.o
    0x00003254   0x00003254   0x00000040   Code   RO         1307    i.adcinit0          bsp.o
    0x00003294   0x00003294   0x0000004a   Code   RO         1938    i.commandList       bsp_bp.o
    0x000032de   0x000032de   0x00000002   PAD
    0x000032e0   0x000032e0   0x00000038   Code   RO         1939    i.fillmessage       bsp_bp.o
    0x00003318   0x00003318   0x00000044   Code   RO         1940    i.fillmessage4      bsp_bp.o
    0x0000335c   0x0000335c   0x00000058   Code   RO         1941    i.fillmessage5      bsp_bp.o
    0x000033b4   0x000033b4   0x000000e8   Code   RO            6    i.getOscClk         system_tm4c123gh6pm.o
    0x0000349c   0x0000349c   0x00000078   Code   RO         1308    i.i2cinit           bsp.o
    0x00003514   0x00003514   0x00000040   Code   RO         1309    i.l_adcinit1        bsp.o
    0x00003554   0x00003554   0x00000054   Code   RO         1942    i.lightsensorend    bsp_bp.o
    0x000035a8   0x000035a8   0x00000026   Code   RO         1943    i.lightsensorstart  bsp_bp.o
    0x000035ce   0x000035ce   0x00000002   PAD
    0x000035d0   0x000035d0   0x000001d8   Code   RO         1810    i.main              main.o
    0x000037a8   0x000037a8   0x00000050   Code   RO          776    i.prvAddCurrentTaskToDelayedList  tasks.o
    0x000037f8   0x000037f8   0x000000c8   Code   RO          777    i.prvAddNewTaskToReadyList  tasks.o
    0x000038c0   0x000038c0   0x0000003c   Code   RO          778    i.prvIdleTask       tasks.o
    0x000038fc   0x000038fc   0x000000ac   Code   RO          779    i.prvInitialiseNewTask  tasks.o
    0x000039a8   0x000039a8   0x00000020   Code   RO          780    i.prvResetNextTaskUnblockTime  tasks.o
    0x000039c8   0x000039c8   0x00000028   Code   RO         1048    i.prvTaskExitError  port.o
    0x000039f0   0x000039f0   0x00000014   Code   RO         1944    i.pushColor         bsp_bp.o
    0x00003a04   0x00003a04   0x0000002c   Code   RO         1049    i.pxPortInitialiseStack  port.o
    0x00003a30   0x00003a30   0x0000006c   Code   RO         1945    i.setAddrWindow     bsp_bp.o
    0x00003a9c   0x00003a9c   0x0000001c   Code   RO          627    i.task_function     qf_port.o
    0x00003ab8   0x00003ab8   0x00000068   Code   RO          782    i.ulTaskNotifyTake  tasks.o
    0x00003b20   0x00003b20   0x00000026   Code   RO          726    i.uxListRemove      list.o
    0x00003b46   0x00003b46   0x00000002   PAD
    0x00003b48   0x00003b48   0x00000018   Code   RO         1311    i.vApplicationGetIdleTaskMemory  bsp.o
    0x00003b60   0x00003b60   0x00000030   Code   RO         1312    i.vApplicationIdleHook  bsp.o
    0x00003b90   0x00003b90   0x00000010   Code   RO         1313    i.vApplicationStackOverflowHook  bsp.o
    0x00003ba0   0x00003ba0   0x00000154   Code   RO         1314    i.vApplicationTickHook  bsp.o
    0x00003cf4   0x00003cf4   0x00000016   Code   RO          727    i.vListInitialise   list.o
    0x00003d0a   0x00003d0a   0x00000006   Code   RO          728    i.vListInitialiseItem  list.o
    0x00003d10   0x00003d10   0x00000030   Code   RO          729    i.vListInsert       list.o
    0x00003d40   0x00003d40   0x00000018   Code   RO          730    i.vListInsertEnd    list.o
    0x00003d58   0x00003d58   0x0000003c   Code   RO         1051    i.vPortEnterCritical  port.o
    0x00003d94   0x00003d94   0x00000028   Code   RO         1052    i.vPortExitCritical  port.o
    0x00003dbc   0x00003dbc   0x00000024   Code   RO         1053    i.vPortSetupTimerInterrupt  port.o
    0x00003de0   0x00003de0   0x00000050   Code   RO         1054    i.vPortValidateInterruptPriority  port.o
    0x00003e30   0x00003e30   0x000000b0   Code   RO          791    i.vTaskNotifyGiveFromISR  tasks.o
    0x00003ee0   0x00003ee0   0x0000006c   Code   RO          797    i.vTaskStartScheduler  tasks.o
    0x00003f4c   0x00003f4c   0x00000010   Code   RO          798    i.vTaskSuspendAll   tasks.o
    0x00003f5c   0x00003f5c   0x00000084   Code   RO          799    i.vTaskSwitchContext  tasks.o
    0x00003fe0   0x00003fe0   0x000000d4   Code   RO         1055    i.xPortStartScheduler  port.o
    0x000040b4   0x000040b4   0x00000064   Code   RO          801    i.xTaskCreateStatic  tasks.o
    0x00004118   0x00004118   0x000000d4   Code   RO          802    i.xTaskGenericNotify  tasks.o
    0x000041ec   0x000041ec   0x000000d0   Code   RO          808    i.xTaskIncrementTick  tasks.o
    0x000042bc   0x000042bc   0x000000c4   Code   RO          814    i.xTaskResumeAll    tasks.o
    0x00004380   0x00004380   0x0000000a   Code   RO         2340    x$fpl$fpinit        fz_wm.l(fpinit.o)
    0x0000438a   0x0000438a   0x00000002   PAD
    0x0000438c   0x0000438c   0x00000020   Data   RO           81    .constdata          qep_hsm.o
    0x000043ac   0x000043ac   0x00000017   Data   RO          197    .constdata          qf_act.o
    0x000043c3   0x000043c3   0x00000001   PAD
    0x000043c4   0x000043c4   0x00000020   Data   RO          285    .constdata          qf_actq.o
    0x000043e4   0x000043e4   0x00000008   Data   RO          377    .constdata          qf_time.o
    0x000043ec   0x000043ec   0x00000007   Data   RO          437    .constdata          qf_dyn.o
    0x000043f3   0x000043f3   0x00000007   Data   RO          485    .constdata          qf_mem.o
    0x000043fa   0x000043fa   0x00000006   Data   RO          518    .constdata          qf_ps.o
    0x00004400   0x00004400   0x00000014   Data   RO          558    .constdata          qf_qact.o
    0x00004414   0x00004414   0x00000008   Data   RO          628    .constdata          qf_port.o
    0x0000441c   0x0000441c   0x00000004   Data   RO         1131    .constdata          blinky.o
    0x00004420   0x00004420   0x00000011   Data   RO         1317    .constdata          bsp.o
    0x00004431   0x00004431   0x0000000a   Data   RO         1812    .constdata          main.o
    0x0000443b   0x0000443b   0x0000000b   Data   RO         1835    .constdata          philo.o
    0x00004446   0x00004446   0x00000002   PAD
    0x00004448   0x00004448   0x00000014   Data   RO         1836    .constdata          philo.o
    0x0000445c   0x0000445c   0x0000000b   Data   RO         1877    .constdata          table.o
    0x00004467   0x00004467   0x00000001   PAD
    0x00004468   0x00004468   0x00000004   Data   RO         1878    .constdata          table.o
    0x0000446c   0x0000446c   0x0000057b   Data   RO         1947    .constdata          bsp_bp.o
    0x000049e7   0x000049e7   0x00000001   PAD
    0x000049e8   0x000049e8   0x00000004   Data   RO         2134    .constdata          lightsensor.o
    0x000049ec   0x000049ec   0x00000008   Data   RO         2135    .constdata          lightsensor.o
    0x000049f4   0x000049f4   0x00000004   Data   RO         2215    .constdata          ble_uart.o
    0x000049f8   0x000049f8   0x0000005e   Data   RO          816    .conststring        tasks.o
    0x00004a56   0x00004a56   0x00000002   PAD
    0x00004a58   0x00004a58   0x00000074   Data   RO         1056    .conststring        port.o
    0x00004acc   0x00004acc   0x00000020   Data   RO         2410    Region$$Table       anon$$obj.o


    Execution Region RW_IRAM1 (Exec base: 0x20000000, Load base: 0x00004aec, Size: 0x00003908, Max: 0x00008000, ABSOLUTE)

    Exec Addr    Load Addr    Size         Type   Attr      Idx    E Section Name        Object

    0x20000000   0x00004aec   0x00000004   Data   RW            7    .data               system_tm4c123gh6pm.o
    0x20000004   0x00004af0   0x00000004   Data   RW          438    .data               qf_dyn.o
    0x20000008   0x00004af4   0x00000008   Data   RW          519    .data               qf_ps.o
    0x20000010   0x00004afc   0x0000003c   Data   RW          817    .data               tasks.o
    0x2000004c   0x00004b38   0x0000000c   Data   RW         1057    .data               port.o
    0x20000058   0x00004b44   0x0000002c   Data   RW         1318    .data               bsp.o
    0x20000084   0x00004b70   0x00000001   Data   RW         1837    .data               philo.o
    0x20000085   0x00004b71   0x00000003   PAD
    0x20000088   0x00004b74   0x0000002c   Data   RW         1948    .data               bsp_bp.o
    0x200000b4        -       0x00000084   Zero   RW          196    .bss                qf_act.o
    0x20000138        -       0x00000010   Zero   RW          376    .bss                qf_time.o
    0x20000148        -       0x0000003c   Zero   RW          436    .bss                qf_dyn.o
    0x20000184        -       0x000002d0   Zero   RW          815    .bss                tasks.o
    0x20000454        -       0x000000ac   Zero   RW         1130    .bss                blinky.o
    0x20000500        -       0x0000054c   Zero   RW         1315    .bss                bsp.o
    0x20000a4c        -       0x00002648   Zero   RW         1811    .bss                main.o
    0x20003094        -       0x0000026c   Zero   RW         1834    .bss                philo.o
    0x20003300        -       0x00000078   Zero   RW         1876    .bss                table.o
    0x20003378        -       0x0000000c   Zero   RW         1946    .bss                bsp_bp.o
    0x20003384        -       0x00000084   Zero   RW         2133    .bss                lightsensor.o
    0x20003408        -       0x0000008c   Zero   RW         2214    .bss                ble_uart.o
    0x20003494        -       0x00000060   Zero   RW         2282    .bss                c_w.l(libspace.o)
    0x200034f4   0x00004ba0   0x00000004   PAD
    0x200034f8        -       0x00000010   Zero   RW           68    HEAP                startup_tm4c123gh6pm.o
    0x20003508        -       0x00000400   Zero   RW           67    STACK               startup_tm4c123gh6pm.o


==============================================================================

Image component sizes


      Code (inc. data)   RO Data    RW Data    ZI Data      Debug   Object Name

       120         20          4          0        140       3937   ble_uart.o
       728        118          4          0        172      25877   blinky.o
      4126        592         17         44       1356     100600   bsp.o
      1364        100       1403         44         12      14915   bsp_bp.o
       372         68         12          0        132       5823   lightsensor.o
       138          0          0          0          0       5238   list.o
       472        102         10          0       9800       1771   main.o
       524         70         31          1        620       5450   philo.o
       746         98        116         12          0      12013   port.o
       368         48          0          0          0        655   profile.o
       680         26         32          0          0       9157   qep_hsm.o
         0          0          0          0          0       3696   qep_msm.o
       112         16         23          0        132      23324   qf_act.o
       530         28         32          0          0       9422   qf_actq.o
       328         42          7          4         60       3108   qf_dyn.o
       316         16          7          0          0       3008   qf_mem.o
      1210         88          8          0          0      29698   qf_port.o
       264         28          6          8          0       2876   qf_ps.o
        32          6         20          0          0       1051   qf_qact.o
        24          0          0          0          0       1111   qf_qeq.o
       346         24          8          0         16       3961   qf_time.o
       124         28        620          0       1040       1148   startup_tm4c123gh6pm.o
       500        142          0          4          0       9111   system_tm4c123gh6pm.o
       912        126         15          0        120       5898   table.o
      1796        160         94         60        720      33600   tasks.o

    ----------------------------------------------------------------------
     16152       1946       2508        180      14320     316448   Object Totals
         0          0         32          0          0          0   (incl. Generated)
        20          0          7          3          0          0   (incl. Padding)

    ----------------------------------------------------------------------

      Code (inc. data)   RO Data    RW Data    ZI Data      Debug   Library Member Name

         8          0          0          0          0         68   __main.o
         0          0          0          0          0          0   __rtentry.o
        12          0          0          0          0          0   __rtentry2.o
         6          0          0          0          0          0   __rtentry4.o
        52          8          0          0          0          0   __scatter.o
        26          0          0          0          0          0   __scatter_copy.o
        28          0          0          0          0          0   __scatter_zi.o
        16          0          0          0          0         68   aeabi_memset.o
        18          0          0          0          0         80   exit.o
         6          0          0          0          0        152   heapauxi.o
         0          0          0          0          0          0   indicate_semi.o
         2          0          0          0          0          0   libinit.o
         6          0          0          0          0          0   libinit2.o
         2          0          0          0          0          0   libshutdown.o
         2          0          0          0          0          0   libshutdown2.o
         8          4          0          0         96         68   libspace.o
        68          0          0          0          0         68   rt_memclr.o
        78          0          0          0          0         80   rt_memclr_w.o
         2          0          0          0          0          0   rtexit.o
        10          0          0          0          0          0   rtexit2.o
        62          0          0          0          0         76   strlen.o
        12          4          0          0          0         68   sys_exit.o
        74          0          0          0          0         80   sys_stackheap_outer.o
         2          0          0          0          0         68   use_no_semi.o
        10          0          0          0          0        116   fpinit.o

    ----------------------------------------------------------------------
       520         16          0          0        100        992   Library Totals
        10          0          0          0          4          0   (incl. Padding)

    ----------------------------------------------------------------------

      Code (inc. data)   RO Data    RW Data    ZI Data      Debug   Library Name

       500         16          0          0         96        876   c_w.l
        10          0          0          0          0        116   fz_wm.l

    ----------------------------------------------------------------------
       520         16          0          0        100        992   Library Totals

    ----------------------------------------------------------------------

==============================================================================


      Code (inc. data)   RO Data    RW Data    ZI Data      Debug   

     16672       1962       2508        180      14420     301276   Grand Totals
     16672       1962       2508        180      14420     301276   ELF Image Totals
     16672       1962       2508        180          0          0   ROM Totals

==============================================================================

    Total RO  Size (Code + RO Data)                19180 (  18.73kB)
    Total RW  Size (RW Data + ZI Data)             14600 (  14.26kB)
    Total ROM Size (Code + RO Data + RW Data)      19360 (  18.91kB)

==============================================================================

