<!doctype html public "-//w3c//dtd html 4.0 transitional//en">
<html><head>
<title>Static Call Graph - [.\dbg\dpp.axf]</title></head>
<body><HR>
<H1>Static Call Graph for image .\dbg\dpp.axf</H1><HR>
<BR><P>#&#060CALLGRAPH&#062# ARM Linker, 5060960: Last Updated: Wed Sep 01 19:02:53 2021
<BR><P>
<H3>Maximum Stack Usage =        232 bytes + Unknown(Cycles, Untraceable Function Pointers)</H3><H3>
Call chain for Maximum Stack Depth:</H3>
Table_serving &rArr; QF_publish_ &rArr; xTaskResumeAll &rArr; xTaskIncrementTick &rArr; vApplicationTickHook &rArr; QF_tickXFromISR_ &rArr; QActive_postFromISR_ &rArr; vTaskNotifyGiveFromISR &rArr; vPortValidateInterruptPriority
<P>
<H3>
Mutually Recursive functions
</H3> <LI><a href="#[b1]">parrotdelay</a>&nbsp;&nbsp;&nbsp;&rArr;&nbsp;&nbsp;&nbsp;<a href="#[b1]">parrotdelay</a><BR>
 <LI><a href="#[12c]">fillmessage</a>&nbsp;&nbsp;&nbsp;&rArr;&nbsp;&nbsp;&nbsp;<a href="#[12c]">fillmessage</a><BR>
</UL>
<P>
<H3>
Function Pointers
</H3><UL>
 <LI><a href="#[3b]">ADC1Seq0_IRQHandler</a> from startup_tm4c123gh6pm.o(.text) referenced from startup_tm4c123gh6pm.o(RESET)
 <LI><a href="#[3c]">ADC1Seq1_IRQHandler</a> from startup_tm4c123gh6pm.o(.text) referenced from startup_tm4c123gh6pm.o(RESET)
 <LI><a href="#[3d]">ADC1Seq2_IRQHandler</a> from startup_tm4c123gh6pm.o(.text) referenced from startup_tm4c123gh6pm.o(RESET)
 <LI><a href="#[3e]">ADC1Seq3_IRQHandler</a> from bsp.o(i.ADC1Seq3_IRQHandler) referenced from startup_tm4c123gh6pm.o(RESET)
 <LI><a href="#[1a]">ADCSeq0_IRQHandler</a> from startup_tm4c123gh6pm.o(.text) referenced from startup_tm4c123gh6pm.o(RESET)
 <LI><a href="#[1b]">ADCSeq1_IRQHandler</a> from startup_tm4c123gh6pm.o(.text) referenced from startup_tm4c123gh6pm.o(RESET)
 <LI><a href="#[1c]">ADCSeq2_IRQHandler</a> from startup_tm4c123gh6pm.o(.text) referenced from startup_tm4c123gh6pm.o(RESET)
 <LI><a href="#[1d]">ADCSeq3_IRQHandler</a> from startup_tm4c123gh6pm.o(.text) referenced from startup_tm4c123gh6pm.o(RESET)
 <LI><a href="#[7a]">BLE_uart_initial</a> from ble_uart.o(i.BLE_uart_initial) referenced from ble_uart.o(i.BLE_uart_ctor)
 <LI><a href="#[7b]">BLE_uart_start</a> from ble_uart.o(i.BLE_uart_start) referenced from ble_uart.o(i.BLE_uart_initial)
 <LI><a href="#[6]">BusFault_Handler</a> from startup_tm4c123gh6pm.o(.text) referenced from startup_tm4c123gh6pm.o(RESET)
 <LI><a href="#[33]">CAN0_IRQHandler</a> from startup_tm4c123gh6pm.o(.text) referenced from startup_tm4c123gh6pm.o(RESET)
 <LI><a href="#[34]">CAN1_IRQHandler</a> from startup_tm4c123gh6pm.o(.text) referenced from startup_tm4c123gh6pm.o(RESET)
 <LI><a href="#[35]">CAN2_IRQHandler</a> from startup_tm4c123gh6pm.o(.text) referenced from startup_tm4c123gh6pm.o(RESET)
 <LI><a href="#[25]">Comp0_IRQHandler</a> from startup_tm4c123gh6pm.o(.text) referenced from startup_tm4c123gh6pm.o(RESET)
 <LI><a href="#[26]">Comp1_IRQHandler</a> from startup_tm4c123gh6pm.o(.text) referenced from startup_tm4c123gh6pm.o(RESET)
 <LI><a href="#[27]">Comp2_IRQHandler</a> from startup_tm4c123gh6pm.o(.text) referenced from startup_tm4c123gh6pm.o(RESET)
 <LI><a href="#[9]">DebugMon_Handler</a> from startup_tm4c123gh6pm.o(.text) referenced from startup_tm4c123gh6pm.o(RESET)
 <LI><a href="#[5b]">FPU_IRQHandler</a> from startup_tm4c123gh6pm.o(.text) referenced from startup_tm4c123gh6pm.o(RESET)
 <LI><a href="#[29]">FlashCtrl_IRQHandler</a> from startup_tm4c123gh6pm.o(.text) referenced from startup_tm4c123gh6pm.o(RESET)
 <LI><a href="#[c]">GPIOPortA_IRQHandler</a> from bsp.o(i.GPIOPortA_IRQHandler) referenced from startup_tm4c123gh6pm.o(RESET)
 <LI><a href="#[d]">GPIOPortB_IRQHandler</a> from startup_tm4c123gh6pm.o(.text) referenced from startup_tm4c123gh6pm.o(RESET)
 <LI><a href="#[e]">GPIOPortC_IRQHandler</a> from startup_tm4c123gh6pm.o(.text) referenced from startup_tm4c123gh6pm.o(RESET)
 <LI><a href="#[f]">GPIOPortD_IRQHandler</a> from startup_tm4c123gh6pm.o(.text) referenced from startup_tm4c123gh6pm.o(RESET)
 <LI><a href="#[10]">GPIOPortE_IRQHandler</a> from startup_tm4c123gh6pm.o(.text) referenced from startup_tm4c123gh6pm.o(RESET)
 <LI><a href="#[2a]">GPIOPortF_IRQHandler</a> from startup_tm4c123gh6pm.o(.text) referenced from startup_tm4c123gh6pm.o(RESET)
 <LI><a href="#[2b]">GPIOPortG_IRQHandler</a> from startup_tm4c123gh6pm.o(.text) referenced from startup_tm4c123gh6pm.o(RESET)
 <LI><a href="#[2c]">GPIOPortH_IRQHandler</a> from startup_tm4c123gh6pm.o(.text) referenced from startup_tm4c123gh6pm.o(RESET)
 <LI><a href="#[3f]">GPIOPortJ_IRQHandler</a> from startup_tm4c123gh6pm.o(.text) referenced from startup_tm4c123gh6pm.o(RESET)
 <LI><a href="#[40]">GPIOPortK_IRQHandler</a> from startup_tm4c123gh6pm.o(.text) referenced from startup_tm4c123gh6pm.o(RESET)
 <LI><a href="#[41]">GPIOPortL_IRQHandler</a> from startup_tm4c123gh6pm.o(.text) referenced from startup_tm4c123gh6pm.o(RESET)
 <LI><a href="#[5e]">GPIOPortM_IRQHandler</a> from startup_tm4c123gh6pm.o(.text) referenced from startup_tm4c123gh6pm.o(RESET)
 <LI><a href="#[5f]">GPIOPortN_IRQHandler</a> from startup_tm4c123gh6pm.o(.text) referenced from startup_tm4c123gh6pm.o(RESET)
 <LI><a href="#[61]">GPIOPortP0_IRQHandler</a> from startup_tm4c123gh6pm.o(.text) referenced from startup_tm4c123gh6pm.o(RESET)
 <LI><a href="#[62]">GPIOPortP1_IRQHandler</a> from startup_tm4c123gh6pm.o(.text) referenced from startup_tm4c123gh6pm.o(RESET)
 <LI><a href="#[63]">GPIOPortP2_IRQHandler</a> from startup_tm4c123gh6pm.o(.text) referenced from startup_tm4c123gh6pm.o(RESET)
 <LI><a href="#[64]">GPIOPortP3_IRQHandler</a> from startup_tm4c123gh6pm.o(.text) referenced from startup_tm4c123gh6pm.o(RESET)
 <LI><a href="#[65]">GPIOPortP4_IRQHandler</a> from startup_tm4c123gh6pm.o(.text) referenced from startup_tm4c123gh6pm.o(RESET)
 <LI><a href="#[66]">GPIOPortP5_IRQHandler</a> from startup_tm4c123gh6pm.o(.text) referenced from startup_tm4c123gh6pm.o(RESET)
 <LI><a href="#[67]">GPIOPortP6_IRQHandler</a> from startup_tm4c123gh6pm.o(.text) referenced from startup_tm4c123gh6pm.o(RESET)
 <LI><a href="#[68]">GPIOPortP7_IRQHandler</a> from startup_tm4c123gh6pm.o(.text) referenced from startup_tm4c123gh6pm.o(RESET)
 <LI><a href="#[69]">GPIOPortQ0_IRQHandler</a> from startup_tm4c123gh6pm.o(.text) referenced from startup_tm4c123gh6pm.o(RESET)
 <LI><a href="#[6a]">GPIOPortQ1_IRQHandler</a> from startup_tm4c123gh6pm.o(.text) referenced from startup_tm4c123gh6pm.o(RESET)
 <LI><a href="#[6b]">GPIOPortQ2_IRQHandler</a> from startup_tm4c123gh6pm.o(.text) referenced from startup_tm4c123gh6pm.o(RESET)
 <LI><a href="#[6c]">GPIOPortQ3_IRQHandler</a> from startup_tm4c123gh6pm.o(.text) referenced from startup_tm4c123gh6pm.o(RESET)
 <LI><a href="#[6d]">GPIOPortQ4_IRQHandler</a> from startup_tm4c123gh6pm.o(.text) referenced from startup_tm4c123gh6pm.o(RESET)
 <LI><a href="#[6e]">GPIOPortQ5_IRQHandler</a> from startup_tm4c123gh6pm.o(.text) referenced from startup_tm4c123gh6pm.o(RESET)
 <LI><a href="#[6f]">GPIOPortQ6_IRQHandler</a> from startup_tm4c123gh6pm.o(.text) referenced from startup_tm4c123gh6pm.o(RESET)
 <LI><a href="#[70]">GPIOPortQ7_IRQHandler</a> from startup_tm4c123gh6pm.o(.text) referenced from startup_tm4c123gh6pm.o(RESET)
 <LI><a href="#[71]">GPIOPortR_IRQHandler</a> from startup_tm4c123gh6pm.o(.text) referenced from startup_tm4c123gh6pm.o(RESET)
 <LI><a href="#[72]">GPIOPortS_IRQHandler</a> from startup_tm4c123gh6pm.o(.text) referenced from startup_tm4c123gh6pm.o(RESET)
 <LI><a href="#[4]">HardFault_Handler</a> from startup_tm4c123gh6pm.o(.text) referenced from startup_tm4c123gh6pm.o(RESET)
 <LI><a href="#[7d]">Heartbeat_initial</a> from blinky.o(i.Heartbeat_initial) referenced from blinky.o(i.Heartbeat_ctor)
 <LI><a href="#[7e]">Heartbeat_off</a> from blinky.o(i.Heartbeat_off) referenced from blinky.o(i.Heartbeat_initial)
 <LI><a href="#[7e]">Heartbeat_off</a> from blinky.o(i.Heartbeat_off) referenced from blinky.o(i.Heartbeat_on)
 <LI><a href="#[7e]">Heartbeat_off</a> from blinky.o(i.Heartbeat_off) referenced from blinky.o(i.Heartbeat_start)
 <LI><a href="#[7f]">Heartbeat_on</a> from blinky.o(i.Heartbeat_on) referenced from blinky.o(i.Heartbeat_off)
 <LI><a href="#[80]">Heartbeat_start</a> from blinky.o(i.Heartbeat_start) referenced from blinky.o(i.Heartbeat_off)
 <LI><a href="#[80]">Heartbeat_start</a> from blinky.o(i.Heartbeat_start) referenced from blinky.o(i.Heartbeat_on)
 <LI><a href="#[80]">Heartbeat_start</a> from blinky.o(i.Heartbeat_start) referenced from blinky.o(i.Heartbeat_stop)
 <LI><a href="#[81]">Heartbeat_stop</a> from blinky.o(i.Heartbeat_stop) referenced from blinky.o(i.Heartbeat_start)
 <LI><a href="#[36]">Hibernate_IRQHandler</a> from startup_tm4c123gh6pm.o(.text) referenced from startup_tm4c123gh6pm.o(RESET)
 <LI><a href="#[14]">I2C0_IRQHandler</a> from startup_tm4c123gh6pm.o(.text) referenced from startup_tm4c123gh6pm.o(RESET)
 <LI><a href="#[31]">I2C1_IRQHandler</a> from startup_tm4c123gh6pm.o(.text) referenced from startup_tm4c123gh6pm.o(RESET)
 <LI><a href="#[49]">I2C2_IRQHandler</a> from startup_tm4c123gh6pm.o(.text) referenced from startup_tm4c123gh6pm.o(RESET)
 <LI><a href="#[4a]">I2C3_IRQHandler</a> from startup_tm4c123gh6pm.o(.text) referenced from startup_tm4c123gh6pm.o(RESET)
 <LI><a href="#[5c]">I2C4_IRQHandler</a> from startup_tm4c123gh6pm.o(.text) referenced from startup_tm4c123gh6pm.o(RESET)
 <LI><a href="#[5d]">I2C5_IRQHandler</a> from startup_tm4c123gh6pm.o(.text) referenced from startup_tm4c123gh6pm.o(RESET)
 <LI><a href="#[5]">MemManage_Handler</a> from startup_tm4c123gh6pm.o(.text) referenced from startup_tm4c123gh6pm.o(RESET)
 <LI><a href="#[3]">NMI_Handler</a> from startup_tm4c123gh6pm.o(.text) referenced from startup_tm4c123gh6pm.o(RESET)
 <LI><a href="#[77]">PWM1Fault_IRQHandler</a> from startup_tm4c123gh6pm.o(.text) referenced from startup_tm4c123gh6pm.o(RESET)
 <LI><a href="#[73]">PWM1Gen0_IRQHandler</a> from startup_tm4c123gh6pm.o(.text) referenced from startup_tm4c123gh6pm.o(RESET)
 <LI><a href="#[74]">PWM1Gen1_IRQHandler</a> from startup_tm4c123gh6pm.o(.text) referenced from startup_tm4c123gh6pm.o(RESET)
 <LI><a href="#[75]">PWM1Gen2_IRQHandler</a> from startup_tm4c123gh6pm.o(.text) referenced from startup_tm4c123gh6pm.o(RESET)
 <LI><a href="#[76]">PWM1Gen3_IRQHandler</a> from startup_tm4c123gh6pm.o(.text) referenced from startup_tm4c123gh6pm.o(RESET)
 <LI><a href="#[15]">PWMFault_IRQHandler</a> from startup_tm4c123gh6pm.o(.text) referenced from startup_tm4c123gh6pm.o(RESET)
 <LI><a href="#[16]">PWMGen0_IRQHandler</a> from startup_tm4c123gh6pm.o(.text) referenced from startup_tm4c123gh6pm.o(RESET)
 <LI><a href="#[17]">PWMGen1_IRQHandler</a> from startup_tm4c123gh6pm.o(.text) referenced from startup_tm4c123gh6pm.o(RESET)
 <LI><a href="#[18]">PWMGen2_IRQHandler</a> from startup_tm4c123gh6pm.o(.text) referenced from startup_tm4c123gh6pm.o(RESET)
 <LI><a href="#[38]">PWMGen3_IRQHandler</a> from startup_tm4c123gh6pm.o(.text) referenced from startup_tm4c123gh6pm.o(RESET)
 <LI><a href="#[a]">PendSV_Handler</a> from port.o(.emb_text) referenced from startup_tm4c123gh6pm.o(RESET)
 <LI><a href="#[84]">Philo_eating</a> from philo.o(i.Philo_eating) referenced from philo.o(i.Philo_hungry)
 <LI><a href="#[85]">Philo_hungry</a> from philo.o(i.Philo_hungry) referenced from philo.o(i.Philo_thinking)
 <LI><a href="#[82]">Philo_initial</a> from philo.o(i.Philo_initial) referenced from philo.o(i.Philo_ctor)
 <LI><a href="#[83]">Philo_thinking</a> from philo.o(i.Philo_thinking) referenced from philo.o(i.Philo_eating)
 <LI><a href="#[83]">Philo_thinking</a> from philo.o(i.Philo_thinking) referenced from philo.o(i.Philo_initial)
 <LI><a href="#[9a]">QActive_postLIFO_</a> from qf_actq.o(i.QActive_postLIFO_) referenced from qf_qact.o(.constdata)
 <LI><a href="#[99]">QActive_post_</a> from qf_actq.o(i.QActive_post_) referenced from qf_qact.o(.constdata)
 <LI><a href="#[96]">QActive_start_</a> from qf_port.o(i.QActive_start_) referenced 2 times from qf_actq.o(.constdata)
 <LI><a href="#[19]">QEI0_IRQHandler</a> from startup_tm4c123gh6pm.o(.text) referenced from startup_tm4c123gh6pm.o(RESET)
 <LI><a href="#[32]">QEI1_IRQHandler</a> from startup_tm4c123gh6pm.o(.text) referenced from startup_tm4c123gh6pm.o(RESET)
 <LI><a href="#[60]">QEI2_IRQHandler</a> from startup_tm4c123gh6pm.o(.text) referenced from startup_tm4c123gh6pm.o(RESET)
 <LI><a href="#[93]">QHsm_dispatch_</a> from qep_hsm.o(i.QHsm_dispatch_) referenced 2 times from qep_hsm.o(.constdata)
 <LI><a href="#[92]">QHsm_init_</a> from qep_hsm.o(i.QHsm_init_) referenced 2 times from qep_hsm.o(.constdata)
 <LI><a href="#[7c]">QHsm_top</a> from qep_hsm.o(i.QHsm_top) referenced from ble_uart.o(i.BLE_uart_start)
 <LI><a href="#[7c]">QHsm_top</a> from qep_hsm.o(i.QHsm_top) referenced from blinky.o(i.Heartbeat_start)
 <LI><a href="#[7c]">QHsm_top</a> from qep_hsm.o(i.QHsm_top) referenced from blinky.o(i.Heartbeat_stop)
 <LI><a href="#[7c]">QHsm_top</a> from qep_hsm.o(i.QHsm_top) referenced from philo.o(i.Philo_eating)
 <LI><a href="#[7c]">QHsm_top</a> from qep_hsm.o(i.QHsm_top) referenced from philo.o(i.Philo_hungry)
 <LI><a href="#[7c]">QHsm_top</a> from qep_hsm.o(i.QHsm_top) referenced from philo.o(i.Philo_thinking)
 <LI><a href="#[7c]">QHsm_top</a> from qep_hsm.o(i.QHsm_top) referenced from qep_hsm.o(i.QHsm_ctor)
 <LI><a href="#[7c]">QHsm_top</a> from qep_hsm.o(i.QHsm_top) referenced from qep_hsm.o(i.QHsm_init_)
 <LI><a href="#[7c]">QHsm_top</a> from qep_hsm.o(i.QHsm_top) referenced from lightsensor.o(i.Sensor_polling)
 <LI><a href="#[7c]">QHsm_top</a> from qep_hsm.o(i.QHsm_top) referenced from table.o(i.Table_active)
 <LI><a href="#[95]">QTicker_dispatch_</a> from qf_actq.o(i.QTicker_dispatch_) referenced from qf_actq.o(.constdata)
 <LI><a href="#[94]">QTicker_init_</a> from qf_actq.o(i.QTicker_init_) referenced from qf_actq.o(.constdata)
 <LI><a href="#[98]">QTicker_postLIFO_</a> from qf_actq.o(i.QTicker_postLIFO_) referenced from qf_actq.o(.constdata)
 <LI><a href="#[97]">QTicker_post_</a> from qf_actq.o(i.QTicker_post_) referenced from qf_actq.o(.constdata)
 <LI><a href="#[9b]">Reset_Handler</a> from startup_tm4c123gh6pm.o(.text) referenced from startup_tm4c123gh6pm.o(RESET)
 <LI><a href="#[13]">SSI0_IRQHandler</a> from startup_tm4c123gh6pm.o(.text) referenced from startup_tm4c123gh6pm.o(RESET)
 <LI><a href="#[2e]">SSI1_IRQHandler</a> from startup_tm4c123gh6pm.o(.text) referenced from startup_tm4c123gh6pm.o(RESET)
 <LI><a href="#[42]">SSI2_IRQHandler</a> from startup_tm4c123gh6pm.o(.text) referenced from startup_tm4c123gh6pm.o(RESET)
 <LI><a href="#[43]">SSI3_IRQHandler</a> from startup_tm4c123gh6pm.o(.text) referenced from startup_tm4c123gh6pm.o(RESET)
 <LI><a href="#[8]">SVC_Handler</a> from port.o(.emb_text) referenced from startup_tm4c123gh6pm.o(RESET)
 <LI><a href="#[8a]">Sensor_busy</a> from lightsensor.o(i.Sensor_busy) referenced from lightsensor.o(i.Sensor_idle)
 <LI><a href="#[87]">Sensor_idle</a> from lightsensor.o(i.Sensor_idle) referenced from lightsensor.o(i.Sensor_busy)
 <LI><a href="#[87]">Sensor_idle</a> from lightsensor.o(i.Sensor_idle) referenced from lightsensor.o(i.Sensor_processing)
 <LI><a href="#[89]">Sensor_initial</a> from lightsensor.o(i.Sensor_initial) referenced from lightsensor.o(i.Sensor_ctor)
 <LI><a href="#[8b]">Sensor_polling</a> from lightsensor.o(i.Sensor_polling) referenced from lightsensor.o(i.Sensor_initial)
 <LI><a href="#[8b]">Sensor_polling</a> from lightsensor.o(i.Sensor_polling) referenced from lightsensor.o(i.Sensor_processing)
 <LI><a href="#[88]">Sensor_processing</a> from lightsensor.o(i.Sensor_processing) referenced from lightsensor.o(i.Sensor_busy)
 <LI><a href="#[88]">Sensor_processing</a> from lightsensor.o(i.Sensor_processing) referenced from lightsensor.o(i.Sensor_idle)
 <LI><a href="#[88]">Sensor_processing</a> from lightsensor.o(i.Sensor_processing) referenced from lightsensor.o(i.Sensor_polling)
 <LI><a href="#[28]">SysCtrl_IRQHandler</a> from startup_tm4c123gh6pm.o(.text) referenced from startup_tm4c123gh6pm.o(RESET)
 <LI><a href="#[b]">SysTick_Handler</a> from port.o(i.SysTick_Handler) referenced from startup_tm4c123gh6pm.o(RESET)
 <LI><a href="#[78]">SystemInit</a> from system_tm4c123gh6pm.o(i.SystemInit) referenced from startup_tm4c123gh6pm.o(.text)
 <LI><a href="#[8e]">Table_active</a> from table.o(i.Table_active) referenced from table.o(i.Table_paused)
 <LI><a href="#[8e]">Table_active</a> from table.o(i.Table_active) referenced from table.o(i.Table_serving)
 <LI><a href="#[8c]">Table_initial</a> from table.o(i.Table_initial) referenced from table.o(i.Table_ctor)
 <LI><a href="#[8f]">Table_paused</a> from table.o(i.Table_paused) referenced from table.o(i.Table_serving)
 <LI><a href="#[8d]">Table_serving</a> from table.o(i.Table_serving) referenced from table.o(i.Table_initial)
 <LI><a href="#[8d]">Table_serving</a> from table.o(i.Table_serving) referenced from table.o(i.Table_paused)
 <LI><a href="#[1f]">Timer0A_IRQHandler</a> from startup_tm4c123gh6pm.o(.text) referenced from startup_tm4c123gh6pm.o(RESET)
 <LI><a href="#[20]">Timer0B_IRQHandler</a> from startup_tm4c123gh6pm.o(.text) referenced from startup_tm4c123gh6pm.o(RESET)
 <LI><a href="#[21]">Timer1A_IRQHandler</a> from startup_tm4c123gh6pm.o(.text) referenced from startup_tm4c123gh6pm.o(RESET)
 <LI><a href="#[22]">Timer1B_IRQHandler</a> from startup_tm4c123gh6pm.o(.text) referenced from startup_tm4c123gh6pm.o(RESET)
 <LI><a href="#[23]">Timer2A_IRQHandler</a> from startup_tm4c123gh6pm.o(.text) referenced from startup_tm4c123gh6pm.o(RESET)
 <LI><a href="#[24]">Timer2B_IRQHandler</a> from startup_tm4c123gh6pm.o(.text) referenced from startup_tm4c123gh6pm.o(RESET)
 <LI><a href="#[2f]">Timer3A_IRQHandler</a> from startup_tm4c123gh6pm.o(.text) referenced from startup_tm4c123gh6pm.o(RESET)
 <LI><a href="#[30]">Timer3B_IRQHandler</a> from startup_tm4c123gh6pm.o(.text) referenced from startup_tm4c123gh6pm.o(RESET)
 <LI><a href="#[4b]">Timer4A_IRQHandler</a> from startup_tm4c123gh6pm.o(.text) referenced from startup_tm4c123gh6pm.o(RESET)
 <LI><a href="#[4c]">Timer4B_IRQHandler</a> from startup_tm4c123gh6pm.o(.text) referenced from startup_tm4c123gh6pm.o(RESET)
 <LI><a href="#[4d]">Timer5A_IRQHandler</a> from startup_tm4c123gh6pm.o(.text) referenced from startup_tm4c123gh6pm.o(RESET)
 <LI><a href="#[4e]">Timer5B_IRQHandler</a> from startup_tm4c123gh6pm.o(.text) referenced from startup_tm4c123gh6pm.o(RESET)
 <LI><a href="#[11]">UART0_IRQHandler</a> from startup_tm4c123gh6pm.o(.text) referenced from startup_tm4c123gh6pm.o(RESET)
 <LI><a href="#[12]">UART1_IRQHandler</a> from bsp.o(i.UART1_IRQHandler) referenced from startup_tm4c123gh6pm.o(RESET)
 <LI><a href="#[2d]">UART2_IRQHandler</a> from startup_tm4c123gh6pm.o(.text) referenced from startup_tm4c123gh6pm.o(RESET)
 <LI><a href="#[44]">UART3_IRQHandler</a> from startup_tm4c123gh6pm.o(.text) referenced from startup_tm4c123gh6pm.o(RESET)
 <LI><a href="#[45]">UART4_IRQHandler</a> from startup_tm4c123gh6pm.o(.text) referenced from startup_tm4c123gh6pm.o(RESET)
 <LI><a href="#[46]">UART5_IRQHandler</a> from startup_tm4c123gh6pm.o(.text) referenced from startup_tm4c123gh6pm.o(RESET)
 <LI><a href="#[47]">UART6_IRQHandler</a> from startup_tm4c123gh6pm.o(.text) referenced from startup_tm4c123gh6pm.o(RESET)
 <LI><a href="#[48]">UART7_IRQHandler</a> from startup_tm4c123gh6pm.o(.text) referenced from startup_tm4c123gh6pm.o(RESET)
 <LI><a href="#[37]">USB0_IRQHandler</a> from startup_tm4c123gh6pm.o(.text) referenced from startup_tm4c123gh6pm.o(RESET)
 <LI><a href="#[7]">UsageFault_Handler</a> from startup_tm4c123gh6pm.o(.text) referenced from startup_tm4c123gh6pm.o(RESET)
 <LI><a href="#[1e]">Watchdog_IRQHandler</a> from startup_tm4c123gh6pm.o(.text) referenced from startup_tm4c123gh6pm.o(RESET)
 <LI><a href="#[4f]">WideTimer0A_IRQHandler</a> from startup_tm4c123gh6pm.o(.text) referenced from startup_tm4c123gh6pm.o(RESET)
 <LI><a href="#[50]">WideTimer0B_IRQHandler</a> from startup_tm4c123gh6pm.o(.text) referenced from startup_tm4c123gh6pm.o(RESET)
 <LI><a href="#[51]">WideTimer1A_IRQHandler</a> from startup_tm4c123gh6pm.o(.text) referenced from startup_tm4c123gh6pm.o(RESET)
 <LI><a href="#[52]">WideTimer1B_IRQHandler</a> from startup_tm4c123gh6pm.o(.text) referenced from startup_tm4c123gh6pm.o(RESET)
 <LI><a href="#[53]">WideTimer2A_IRQHandler</a> from startup_tm4c123gh6pm.o(.text) referenced from startup_tm4c123gh6pm.o(RESET)
 <LI><a href="#[54]">WideTimer2B_IRQHandler</a> from startup_tm4c123gh6pm.o(.text) referenced from startup_tm4c123gh6pm.o(RESET)
 <LI><a href="#[55]">WideTimer3A_IRQHandler</a> from startup_tm4c123gh6pm.o(.text) referenced from startup_tm4c123gh6pm.o(RESET)
 <LI><a href="#[56]">WideTimer3B_IRQHandler</a> from startup_tm4c123gh6pm.o(.text) referenced from startup_tm4c123gh6pm.o(RESET)
 <LI><a href="#[57]">WideTimer4A_IRQHandler</a> from startup_tm4c123gh6pm.o(.text) referenced from startup_tm4c123gh6pm.o(RESET)
 <LI><a href="#[58]">WideTimer4B_IRQHandler</a> from startup_tm4c123gh6pm.o(.text) referenced from startup_tm4c123gh6pm.o(RESET)
 <LI><a href="#[59]">WideTimer5A_IRQHandler</a> from startup_tm4c123gh6pm.o(.text) referenced from startup_tm4c123gh6pm.o(RESET)
 <LI><a href="#[5a]">WideTimer5B_IRQHandler</a> from startup_tm4c123gh6pm.o(.text) referenced from startup_tm4c123gh6pm.o(RESET)
 <LI><a href="#[9c]">__main</a> from __main.o(!!!main) referenced from startup_tm4c123gh6pm.o(.text)
 <LI><a href="#[91]">prvIdleTask</a> from tasks.o(i.prvIdleTask) referenced from tasks.o(i.vTaskStartScheduler)
 <LI><a href="#[90]">prvTaskExitError</a> from port.o(i.prvTaskExitError) referenced from port.o(i.pxPortInitialiseStack)
 <LI><a href="#[86]">task_function</a> from qf_port.o(i.task_function) referenced from qf_port.o(i.QActive_start_)
 <LI><a href="#[3a]">uDMAError_IRQHandler</a> from startup_tm4c123gh6pm.o(.text) referenced from startup_tm4c123gh6pm.o(RESET)
 <LI><a href="#[39]">uDMAST_IRQHandler</a> from startup_tm4c123gh6pm.o(.text) referenced from startup_tm4c123gh6pm.o(RESET)
</UL>
<P>
<H3>
Global Symbols
</H3>
<P><STRONG><a name="[9c]"></a>__main</STRONG> (Thumb, 8 bytes, Stack size 0 bytes, __main.o(!!!main))
<BR><BR>[Calls]<UL><LI><a href="#[9f]">&gt;&gt;</a>&nbsp;&nbsp;&nbsp;__scatterload
<LI><a href="#[a0]">&gt;&gt;</a>&nbsp;&nbsp;&nbsp;__rt_entry
</UL>

<P><STRONG><a name="[9f]"></a>__scatterload</STRONG> (Thumb, 0 bytes, Stack size unknown bytes, __scatter.o(!!!scatter))
<BR><BR>[Called By]<UL><LI><a href="#[9c]">&gt;&gt;</a>&nbsp;&nbsp;&nbsp;__main
</UL>

<P><STRONG><a name="[a1]"></a>__scatterload_rt2</STRONG> (Thumb, 44 bytes, Stack size unknown bytes, __scatter.o(!!!scatter), UNUSED)
<BR><BR>[Calls]<UL><LI><a href="#[a0]">&gt;&gt;</a>&nbsp;&nbsp;&nbsp;__rt_entry
</UL>

<P><STRONG><a name="[146]"></a>__scatterload_rt2_thumb_only</STRONG> (Thumb, 0 bytes, Stack size unknown bytes, __scatter.o(!!!scatter), UNUSED)

<P><STRONG><a name="[147]"></a>__scatterload_null</STRONG> (Thumb, 0 bytes, Stack size unknown bytes, __scatter.o(!!!scatter), UNUSED)

<P><STRONG><a name="[a2]"></a>__scatterload_copy</STRONG> (Thumb, 26 bytes, Stack size unknown bytes, __scatter_copy.o(!!handler_copy), UNUSED)
<BR><BR>[Calls]<UL><LI><a href="#[a2]">&gt;&gt;</a>&nbsp;&nbsp;&nbsp;__scatterload_copy
</UL>
<BR>[Called By]<UL><LI><a href="#[a2]">&gt;&gt;</a>&nbsp;&nbsp;&nbsp;__scatterload_copy
</UL>

<P><STRONG><a name="[148]"></a>__scatterload_zeroinit</STRONG> (Thumb, 28 bytes, Stack size unknown bytes, __scatter_zi.o(!!handler_zi), UNUSED)

<P><STRONG><a name="[a8]"></a>__rt_lib_init</STRONG> (Thumb, 0 bytes, Stack size unknown bytes, libinit.o(.ARM.Collect$$libinit$$00000000))
<BR><BR>[Called By]<UL><LI><a href="#[a7]">&gt;&gt;</a>&nbsp;&nbsp;&nbsp;__rt_entry_li
</UL>

<P><STRONG><a name="[a3]"></a>__rt_lib_init_fp_1</STRONG> (Thumb, 0 bytes, Stack size unknown bytes, libinit2.o(.ARM.Collect$$libinit$$00000001))
<BR><BR>[Calls]<UL><LI><a href="#[a4]">&gt;&gt;</a>&nbsp;&nbsp;&nbsp;_fp_init
</UL>

<P><STRONG><a name="[149]"></a>__rt_lib_init_alloca_1</STRONG> (Thumb, 0 bytes, Stack size unknown bytes, libinit2.o(.ARM.Collect$$libinit$$0000002E))

<P><STRONG><a name="[14a]"></a>__rt_lib_init_argv_1</STRONG> (Thumb, 0 bytes, Stack size unknown bytes, libinit2.o(.ARM.Collect$$libinit$$0000002C))

<P><STRONG><a name="[14b]"></a>__rt_lib_init_atexit_1</STRONG> (Thumb, 0 bytes, Stack size unknown bytes, libinit2.o(.ARM.Collect$$libinit$$0000001B))

<P><STRONG><a name="[14c]"></a>__rt_lib_init_clock_1</STRONG> (Thumb, 0 bytes, Stack size unknown bytes, libinit2.o(.ARM.Collect$$libinit$$00000021))

<P><STRONG><a name="[14d]"></a>__rt_lib_init_cpp_1</STRONG> (Thumb, 0 bytes, Stack size unknown bytes, libinit2.o(.ARM.Collect$$libinit$$00000032))

<P><STRONG><a name="[14e]"></a>__rt_lib_init_exceptions_1</STRONG> (Thumb, 0 bytes, Stack size unknown bytes, libinit2.o(.ARM.Collect$$libinit$$00000030))

<P><STRONG><a name="[14f]"></a>__rt_lib_init_fp_trap_1</STRONG> (Thumb, 0 bytes, Stack size unknown bytes, libinit2.o(.ARM.Collect$$libinit$$0000001F))

<P><STRONG><a name="[150]"></a>__rt_lib_init_getenv_1</STRONG> (Thumb, 0 bytes, Stack size unknown bytes, libinit2.o(.ARM.Collect$$libinit$$00000023))

<P><STRONG><a name="[151]"></a>__rt_lib_init_heap_1</STRONG> (Thumb, 0 bytes, Stack size unknown bytes, libinit2.o(.ARM.Collect$$libinit$$0000000A))

<P><STRONG><a name="[152]"></a>__rt_lib_init_lc_collate_1</STRONG> (Thumb, 0 bytes, Stack size unknown bytes, libinit2.o(.ARM.Collect$$libinit$$00000011))

<P><STRONG><a name="[153]"></a>__rt_lib_init_lc_ctype_1</STRONG> (Thumb, 0 bytes, Stack size unknown bytes, libinit2.o(.ARM.Collect$$libinit$$00000013))

<P><STRONG><a name="[154]"></a>__rt_lib_init_lc_monetary_1</STRONG> (Thumb, 0 bytes, Stack size unknown bytes, libinit2.o(.ARM.Collect$$libinit$$00000015))

<P><STRONG><a name="[155]"></a>__rt_lib_init_lc_numeric_1</STRONG> (Thumb, 0 bytes, Stack size unknown bytes, libinit2.o(.ARM.Collect$$libinit$$00000017))

<P><STRONG><a name="[156]"></a>__rt_lib_init_lc_time_1</STRONG> (Thumb, 0 bytes, Stack size unknown bytes, libinit2.o(.ARM.Collect$$libinit$$00000019))

<P><STRONG><a name="[157]"></a>__rt_lib_init_preinit_1</STRONG> (Thumb, 0 bytes, Stack size unknown bytes, libinit2.o(.ARM.Collect$$libinit$$00000004))

<P><STRONG><a name="[158]"></a>__rt_lib_init_rand_1</STRONG> (Thumb, 0 bytes, Stack size unknown bytes, libinit2.o(.ARM.Collect$$libinit$$0000000E))

<P><STRONG><a name="[159]"></a>__rt_lib_init_return</STRONG> (Thumb, 0 bytes, Stack size unknown bytes, libinit2.o(.ARM.Collect$$libinit$$00000033))

<P><STRONG><a name="[15a]"></a>__rt_lib_init_signal_1</STRONG> (Thumb, 0 bytes, Stack size unknown bytes, libinit2.o(.ARM.Collect$$libinit$$0000001D))

<P><STRONG><a name="[15b]"></a>__rt_lib_init_stdio_1</STRONG> (Thumb, 0 bytes, Stack size unknown bytes, libinit2.o(.ARM.Collect$$libinit$$00000025))

<P><STRONG><a name="[15c]"></a>__rt_lib_init_user_alloc_1</STRONG> (Thumb, 0 bytes, Stack size unknown bytes, libinit2.o(.ARM.Collect$$libinit$$0000000C))

<P><STRONG><a name="[ad]"></a>__rt_lib_shutdown</STRONG> (Thumb, 0 bytes, Stack size unknown bytes, libshutdown.o(.ARM.Collect$$libshutdown$$00000000))
<BR><BR>[Called By]<UL><LI><a href="#[ac]">&gt;&gt;</a>&nbsp;&nbsp;&nbsp;__rt_exit_ls
</UL>

<P><STRONG><a name="[15d]"></a>__rt_lib_shutdown_cpp_1</STRONG> (Thumb, 0 bytes, Stack size unknown bytes, libshutdown2.o(.ARM.Collect$$libshutdown$$00000004))

<P><STRONG><a name="[15e]"></a>__rt_lib_shutdown_fini_1</STRONG> (Thumb, 0 bytes, Stack size unknown bytes, libshutdown2.o(.ARM.Collect$$libshutdown$$00000002))

<P><STRONG><a name="[15f]"></a>__rt_lib_shutdown_fp_trap_1</STRONG> (Thumb, 0 bytes, Stack size unknown bytes, libshutdown2.o(.ARM.Collect$$libshutdown$$00000009))

<P><STRONG><a name="[160]"></a>__rt_lib_shutdown_heap_1</STRONG> (Thumb, 0 bytes, Stack size unknown bytes, libshutdown2.o(.ARM.Collect$$libshutdown$$00000011))

<P><STRONG><a name="[161]"></a>__rt_lib_shutdown_return</STRONG> (Thumb, 0 bytes, Stack size unknown bytes, libshutdown2.o(.ARM.Collect$$libshutdown$$00000012))

<P><STRONG><a name="[162]"></a>__rt_lib_shutdown_signal_1</STRONG> (Thumb, 0 bytes, Stack size unknown bytes, libshutdown2.o(.ARM.Collect$$libshutdown$$0000000C))

<P><STRONG><a name="[163]"></a>__rt_lib_shutdown_stdio_1</STRONG> (Thumb, 0 bytes, Stack size unknown bytes, libshutdown2.o(.ARM.Collect$$libshutdown$$00000006))

<P><STRONG><a name="[164]"></a>__rt_lib_shutdown_user_alloc_1</STRONG> (Thumb, 0 bytes, Stack size unknown bytes, libshutdown2.o(.ARM.Collect$$libshutdown$$0000000E))

<P><STRONG><a name="[a0]"></a>__rt_entry</STRONG> (Thumb, 0 bytes, Stack size unknown bytes, __rtentry.o(.ARM.Collect$$rtentry$$00000000))
<BR><BR>[Called By]<UL><LI><a href="#[a1]">&gt;&gt;</a>&nbsp;&nbsp;&nbsp;__scatterload_rt2
<LI><a href="#[9c]">&gt;&gt;</a>&nbsp;&nbsp;&nbsp;__main
</UL>

<P><STRONG><a name="[165]"></a>__rt_entry_presh_1</STRONG> (Thumb, 0 bytes, Stack size unknown bytes, __rtentry2.o(.ARM.Collect$$rtentry$$00000002))

<P><STRONG><a name="[a5]"></a>__rt_entry_sh</STRONG> (Thumb, 0 bytes, Stack size unknown bytes, __rtentry4.o(.ARM.Collect$$rtentry$$00000004))
<BR><BR>[Stack]<UL><LI>Max Depth = 8 + Unknown Stack Size
<LI>Call Chain = __rt_entry_sh &rArr; __user_setup_stackheap
</UL>
<BR>[Calls]<UL><LI><a href="#[a6]">&gt;&gt;</a>&nbsp;&nbsp;&nbsp;__user_setup_stackheap
</UL>

<P><STRONG><a name="[a7]"></a>__rt_entry_li</STRONG> (Thumb, 0 bytes, Stack size unknown bytes, __rtentry2.o(.ARM.Collect$$rtentry$$0000000A))
<BR><BR>[Calls]<UL><LI><a href="#[a8]">&gt;&gt;</a>&nbsp;&nbsp;&nbsp;__rt_lib_init
</UL>

<P><STRONG><a name="[166]"></a>__rt_entry_postsh_1</STRONG> (Thumb, 0 bytes, Stack size unknown bytes, __rtentry2.o(.ARM.Collect$$rtentry$$00000009))

<P><STRONG><a name="[a9]"></a>__rt_entry_main</STRONG> (Thumb, 0 bytes, Stack size unknown bytes, __rtentry2.o(.ARM.Collect$$rtentry$$0000000D))
<BR><BR>[Stack]<UL><LI>Max Depth = 160 + Unknown Stack Size
<LI>Call Chain = __rt_entry_main &rArr; main &rArr; QF_run &rArr; vTaskStartScheduler &rArr; xTaskCreateStatic &rArr; prvInitialiseNewTask
</UL>
<BR>[Calls]<UL><LI><a href="#[ab]">&gt;&gt;</a>&nbsp;&nbsp;&nbsp;exit
<LI><a href="#[aa]">&gt;&gt;</a>&nbsp;&nbsp;&nbsp;main
</UL>

<P><STRONG><a name="[167]"></a>__rt_entry_postli_1</STRONG> (Thumb, 0 bytes, Stack size unknown bytes, __rtentry2.o(.ARM.Collect$$rtentry$$0000000C))

<P><STRONG><a name="[b8]"></a>__rt_exit</STRONG> (Thumb, 0 bytes, Stack size unknown bytes, rtexit.o(.ARM.Collect$$rtexit$$00000000))
<BR><BR>[Called By]<UL><LI><a href="#[ab]">&gt;&gt;</a>&nbsp;&nbsp;&nbsp;exit
</UL>

<P><STRONG><a name="[ac]"></a>__rt_exit_ls</STRONG> (Thumb, 0 bytes, Stack size unknown bytes, rtexit2.o(.ARM.Collect$$rtexit$$00000003))
<BR><BR>[Calls]<UL><LI><a href="#[ad]">&gt;&gt;</a>&nbsp;&nbsp;&nbsp;__rt_lib_shutdown
</UL>

<P><STRONG><a name="[168]"></a>__rt_exit_prels_1</STRONG> (Thumb, 0 bytes, Stack size unknown bytes, rtexit2.o(.ARM.Collect$$rtexit$$00000002))

<P><STRONG><a name="[ae]"></a>__rt_exit_exit</STRONG> (Thumb, 0 bytes, Stack size unknown bytes, rtexit2.o(.ARM.Collect$$rtexit$$00000004))
<BR><BR>[Calls]<UL><LI><a href="#[af]">&gt;&gt;</a>&nbsp;&nbsp;&nbsp;_sys_exit
</UL>

<P><STRONG><a name="[8]"></a>SVC_Handler</STRONG> (Thumb, 28 bytes, Stack size 0 bytes, port.o(.emb_text))
<BR>[Address Reference Count : 1]<UL><LI> startup_tm4c123gh6pm.o(RESET)
</UL>
<P><STRONG><a name="[144]"></a>__asm___6_port_c_39a90d8d__prvStartFirstTask</STRONG> (Thumb, 36 bytes, Stack size 0 bytes, port.o(.emb_text))
<BR><BR>[Called By]<UL><LI><a href="#[141]">&gt;&gt;</a>&nbsp;&nbsp;&nbsp;xPortStartScheduler
</UL>

<P><STRONG><a name="[143]"></a>__asm___6_port_c_39a90d8d__prvEnableVFP</STRONG> (Thumb, 16 bytes, Stack size 0 bytes, port.o(.emb_text))
<BR><BR>[Called By]<UL><LI><a href="#[141]">&gt;&gt;</a>&nbsp;&nbsp;&nbsp;xPortStartScheduler
</UL>

<P><STRONG><a name="[a]"></a>PendSV_Handler</STRONG> (Thumb, 88 bytes, Stack size 0 bytes, port.o(.emb_text))
<BR><BR>[Stack]<UL><LI>Max Depth = 16<LI>Call Chain = PendSV_Handler &rArr; vTaskSwitchContext
</UL>
<BR>[Calls]<UL><LI><a href="#[b0]">&gt;&gt;</a>&nbsp;&nbsp;&nbsp;vTaskSwitchContext
</UL>
<BR>[Address Reference Count : 1]<UL><LI> startup_tm4c123gh6pm.o(RESET)
</UL>
<P><STRONG><a name="[13f]"></a>vPortGetIPSR</STRONG> (Thumb, 6 bytes, Stack size 0 bytes, port.o(.emb_text))
<BR><BR>[Called By]<UL><LI><a href="#[13e]">&gt;&gt;</a>&nbsp;&nbsp;&nbsp;vPortValidateInterruptPriority
</UL>

<P><STRONG><a name="[b1]"></a>parrotdelay</STRONG> (Thumb, 6 bytes, Stack size 0 bytes, bsp.o(.emb_text))
<BR><BR>[Calls]<UL><LI><a href="#[b1]">&gt;&gt;</a>&nbsp;&nbsp;&nbsp;parrotdelay
</UL>
<BR>[Called By]<UL><LI><a href="#[cc]">&gt;&gt;</a>&nbsp;&nbsp;&nbsp;BSP_Delay1ms
<LI><a href="#[b1]">&gt;&gt;</a>&nbsp;&nbsp;&nbsp;parrotdelay
</UL>

<P><STRONG><a name="[9b]"></a>Reset_Handler</STRONG> (Thumb, 14 bytes, Stack size 0 bytes, startup_tm4c123gh6pm.o(.text))
<BR><BR>[Calls]<UL><LI><a href="#[9e]">&gt;&gt;</a>&nbsp;&nbsp;&nbsp;assert_failed
</UL>

<P><STRONG><a name="[3]"></a>NMI_Handler</STRONG> (Thumb, 6 bytes, Stack size 0 bytes, startup_tm4c123gh6pm.o(.text))
<BR><BR>[Calls]<UL><LI><a href="#[9e]">&gt;&gt;</a>&nbsp;&nbsp;&nbsp;assert_failed
</UL>
<BR>[Address Reference Count : 1]<UL><LI> startup_tm4c123gh6pm.o(RESET)
</UL>
<P><STRONG><a name="[4]"></a>HardFault_Handler</STRONG> (Thumb, 6 bytes, Stack size 0 bytes, startup_tm4c123gh6pm.o(.text))
<BR><BR>[Calls]<UL><LI><a href="#[9e]">&gt;&gt;</a>&nbsp;&nbsp;&nbsp;assert_failed
</UL>
<BR>[Address Reference Count : 1]<UL><LI> startup_tm4c123gh6pm.o(RESET)
</UL>
<P><STRONG><a name="[5]"></a>MemManage_Handler</STRONG> (Thumb, 6 bytes, Stack size 0 bytes, startup_tm4c123gh6pm.o(.text))
<BR><BR>[Calls]<UL><LI><a href="#[9e]">&gt;&gt;</a>&nbsp;&nbsp;&nbsp;assert_failed
</UL>
<BR>[Address Reference Count : 1]<UL><LI> startup_tm4c123gh6pm.o(RESET)
</UL>
<P><STRONG><a name="[6]"></a>BusFault_Handler</STRONG> (Thumb, 6 bytes, Stack size 0 bytes, startup_tm4c123gh6pm.o(.text))
<BR><BR>[Calls]<UL><LI><a href="#[9e]">&gt;&gt;</a>&nbsp;&nbsp;&nbsp;assert_failed
</UL>
<BR>[Address Reference Count : 1]<UL><LI> startup_tm4c123gh6pm.o(RESET)
</UL>
<P><STRONG><a name="[7]"></a>UsageFault_Handler</STRONG> (Thumb, 6 bytes, Stack size 0 bytes, startup_tm4c123gh6pm.o(.text))
<BR><BR>[Calls]<UL><LI><a href="#[9e]">&gt;&gt;</a>&nbsp;&nbsp;&nbsp;assert_failed
</UL>
<BR>[Address Reference Count : 1]<UL><LI> startup_tm4c123gh6pm.o(RESET)
</UL>
<P><STRONG><a name="[9]"></a>DebugMon_Handler</STRONG> (Thumb, 6 bytes, Stack size 0 bytes, startup_tm4c123gh6pm.o(.text))
<BR><BR>[Calls]<UL><LI><a href="#[9e]">&gt;&gt;</a>&nbsp;&nbsp;&nbsp;assert_failed
</UL>
<BR>[Address Reference Count : 1]<UL><LI> startup_tm4c123gh6pm.o(RESET)
</UL>
<P><STRONG><a name="[3b]"></a>ADC1Seq0_IRQHandler</STRONG> (Thumb, 0 bytes, Stack size 0 bytes, startup_tm4c123gh6pm.o(.text))
<BR><BR>[Calls]<UL><LI><a href="#[9e]">&gt;&gt;</a>&nbsp;&nbsp;&nbsp;assert_failed
</UL>
<BR>[Address Reference Count : 1]<UL><LI> startup_tm4c123gh6pm.o(RESET)
</UL>
<P><STRONG><a name="[3c]"></a>ADC1Seq1_IRQHandler</STRONG> (Thumb, 0 bytes, Stack size 0 bytes, startup_tm4c123gh6pm.o(.text))
<BR>[Address Reference Count : 1]<UL><LI> startup_tm4c123gh6pm.o(RESET)
</UL>
<P><STRONG><a name="[3d]"></a>ADC1Seq2_IRQHandler</STRONG> (Thumb, 0 bytes, Stack size 0 bytes, startup_tm4c123gh6pm.o(.text))
<BR>[Address Reference Count : 1]<UL><LI> startup_tm4c123gh6pm.o(RESET)
</UL>
<P><STRONG><a name="[1a]"></a>ADCSeq0_IRQHandler</STRONG> (Thumb, 0 bytes, Stack size 0 bytes, startup_tm4c123gh6pm.o(.text))
<BR>[Address Reference Count : 1]<UL><LI> startup_tm4c123gh6pm.o(RESET)
</UL>
<P><STRONG><a name="[1b]"></a>ADCSeq1_IRQHandler</STRONG> (Thumb, 0 bytes, Stack size 0 bytes, startup_tm4c123gh6pm.o(.text))
<BR>[Address Reference Count : 1]<UL><LI> startup_tm4c123gh6pm.o(RESET)
</UL>
<P><STRONG><a name="[1c]"></a>ADCSeq2_IRQHandler</STRONG> (Thumb, 0 bytes, Stack size 0 bytes, startup_tm4c123gh6pm.o(.text))
<BR>[Address Reference Count : 1]<UL><LI> startup_tm4c123gh6pm.o(RESET)
</UL>
<P><STRONG><a name="[1d]"></a>ADCSeq3_IRQHandler</STRONG> (Thumb, 0 bytes, Stack size 0 bytes, startup_tm4c123gh6pm.o(.text))
<BR>[Address Reference Count : 1]<UL><LI> startup_tm4c123gh6pm.o(RESET)
</UL>
<P><STRONG><a name="[33]"></a>CAN0_IRQHandler</STRONG> (Thumb, 0 bytes, Stack size 0 bytes, startup_tm4c123gh6pm.o(.text))
<BR>[Address Reference Count : 1]<UL><LI> startup_tm4c123gh6pm.o(RESET)
</UL>
<P><STRONG><a name="[34]"></a>CAN1_IRQHandler</STRONG> (Thumb, 0 bytes, Stack size 0 bytes, startup_tm4c123gh6pm.o(.text))
<BR>[Address Reference Count : 1]<UL><LI> startup_tm4c123gh6pm.o(RESET)
</UL>
<P><STRONG><a name="[35]"></a>CAN2_IRQHandler</STRONG> (Thumb, 0 bytes, Stack size 0 bytes, startup_tm4c123gh6pm.o(.text))
<BR>[Address Reference Count : 1]<UL><LI> startup_tm4c123gh6pm.o(RESET)
</UL>
<P><STRONG><a name="[25]"></a>Comp0_IRQHandler</STRONG> (Thumb, 0 bytes, Stack size 0 bytes, startup_tm4c123gh6pm.o(.text))
<BR>[Address Reference Count : 1]<UL><LI> startup_tm4c123gh6pm.o(RESET)
</UL>
<P><STRONG><a name="[26]"></a>Comp1_IRQHandler</STRONG> (Thumb, 0 bytes, Stack size 0 bytes, startup_tm4c123gh6pm.o(.text))
<BR>[Address Reference Count : 1]<UL><LI> startup_tm4c123gh6pm.o(RESET)
</UL>
<P><STRONG><a name="[27]"></a>Comp2_IRQHandler</STRONG> (Thumb, 0 bytes, Stack size 0 bytes, startup_tm4c123gh6pm.o(.text))
<BR>[Address Reference Count : 1]<UL><LI> startup_tm4c123gh6pm.o(RESET)
</UL>
<P><STRONG><a name="[5b]"></a>FPU_IRQHandler</STRONG> (Thumb, 0 bytes, Stack size 0 bytes, startup_tm4c123gh6pm.o(.text))
<BR>[Address Reference Count : 1]<UL><LI> startup_tm4c123gh6pm.o(RESET)
</UL>
<P><STRONG><a name="[29]"></a>FlashCtrl_IRQHandler</STRONG> (Thumb, 0 bytes, Stack size 0 bytes, startup_tm4c123gh6pm.o(.text))
<BR>[Address Reference Count : 1]<UL><LI> startup_tm4c123gh6pm.o(RESET)
</UL>
<P><STRONG><a name="[d]"></a>GPIOPortB_IRQHandler</STRONG> (Thumb, 0 bytes, Stack size 0 bytes, startup_tm4c123gh6pm.o(.text))
<BR>[Address Reference Count : 1]<UL><LI> startup_tm4c123gh6pm.o(RESET)
</UL>
<P><STRONG><a name="[e]"></a>GPIOPortC_IRQHandler</STRONG> (Thumb, 0 bytes, Stack size 0 bytes, startup_tm4c123gh6pm.o(.text))
<BR>[Address Reference Count : 1]<UL><LI> startup_tm4c123gh6pm.o(RESET)
</UL>
<P><STRONG><a name="[f]"></a>GPIOPortD_IRQHandler</STRONG> (Thumb, 0 bytes, Stack size 0 bytes, startup_tm4c123gh6pm.o(.text))
<BR>[Address Reference Count : 1]<UL><LI> startup_tm4c123gh6pm.o(RESET)
</UL>
<P><STRONG><a name="[10]"></a>GPIOPortE_IRQHandler</STRONG> (Thumb, 0 bytes, Stack size 0 bytes, startup_tm4c123gh6pm.o(.text))
<BR>[Address Reference Count : 1]<UL><LI> startup_tm4c123gh6pm.o(RESET)
</UL>
<P><STRONG><a name="[2a]"></a>GPIOPortF_IRQHandler</STRONG> (Thumb, 0 bytes, Stack size 0 bytes, startup_tm4c123gh6pm.o(.text))
<BR>[Address Reference Count : 1]<UL><LI> startup_tm4c123gh6pm.o(RESET)
</UL>
<P><STRONG><a name="[2b]"></a>GPIOPortG_IRQHandler</STRONG> (Thumb, 0 bytes, Stack size 0 bytes, startup_tm4c123gh6pm.o(.text))
<BR>[Address Reference Count : 1]<UL><LI> startup_tm4c123gh6pm.o(RESET)
</UL>
<P><STRONG><a name="[2c]"></a>GPIOPortH_IRQHandler</STRONG> (Thumb, 0 bytes, Stack size 0 bytes, startup_tm4c123gh6pm.o(.text))
<BR>[Address Reference Count : 1]<UL><LI> startup_tm4c123gh6pm.o(RESET)
</UL>
<P><STRONG><a name="[3f]"></a>GPIOPortJ_IRQHandler</STRONG> (Thumb, 0 bytes, Stack size 0 bytes, startup_tm4c123gh6pm.o(.text))
<BR>[Address Reference Count : 1]<UL><LI> startup_tm4c123gh6pm.o(RESET)
</UL>
<P><STRONG><a name="[40]"></a>GPIOPortK_IRQHandler</STRONG> (Thumb, 0 bytes, Stack size 0 bytes, startup_tm4c123gh6pm.o(.text))
<BR>[Address Reference Count : 1]<UL><LI> startup_tm4c123gh6pm.o(RESET)
</UL>
<P><STRONG><a name="[41]"></a>GPIOPortL_IRQHandler</STRONG> (Thumb, 0 bytes, Stack size 0 bytes, startup_tm4c123gh6pm.o(.text))
<BR>[Address Reference Count : 1]<UL><LI> startup_tm4c123gh6pm.o(RESET)
</UL>
<P><STRONG><a name="[5e]"></a>GPIOPortM_IRQHandler</STRONG> (Thumb, 0 bytes, Stack size 0 bytes, startup_tm4c123gh6pm.o(.text))
<BR>[Address Reference Count : 1]<UL><LI> startup_tm4c123gh6pm.o(RESET)
</UL>
<P><STRONG><a name="[5f]"></a>GPIOPortN_IRQHandler</STRONG> (Thumb, 0 bytes, Stack size 0 bytes, startup_tm4c123gh6pm.o(.text))
<BR>[Address Reference Count : 1]<UL><LI> startup_tm4c123gh6pm.o(RESET)
</UL>
<P><STRONG><a name="[61]"></a>GPIOPortP0_IRQHandler</STRONG> (Thumb, 0 bytes, Stack size 0 bytes, startup_tm4c123gh6pm.o(.text))
<BR>[Address Reference Count : 1]<UL><LI> startup_tm4c123gh6pm.o(RESET)
</UL>
<P><STRONG><a name="[62]"></a>GPIOPortP1_IRQHandler</STRONG> (Thumb, 0 bytes, Stack size 0 bytes, startup_tm4c123gh6pm.o(.text))
<BR>[Address Reference Count : 1]<UL><LI> startup_tm4c123gh6pm.o(RESET)
</UL>
<P><STRONG><a name="[63]"></a>GPIOPortP2_IRQHandler</STRONG> (Thumb, 0 bytes, Stack size 0 bytes, startup_tm4c123gh6pm.o(.text))
<BR>[Address Reference Count : 1]<UL><LI> startup_tm4c123gh6pm.o(RESET)
</UL>
<P><STRONG><a name="[64]"></a>GPIOPortP3_IRQHandler</STRONG> (Thumb, 0 bytes, Stack size 0 bytes, startup_tm4c123gh6pm.o(.text))
<BR>[Address Reference Count : 1]<UL><LI> startup_tm4c123gh6pm.o(RESET)
</UL>
<P><STRONG><a name="[65]"></a>GPIOPortP4_IRQHandler</STRONG> (Thumb, 0 bytes, Stack size 0 bytes, startup_tm4c123gh6pm.o(.text))
<BR>[Address Reference Count : 1]<UL><LI> startup_tm4c123gh6pm.o(RESET)
</UL>
<P><STRONG><a name="[66]"></a>GPIOPortP5_IRQHandler</STRONG> (Thumb, 0 bytes, Stack size 0 bytes, startup_tm4c123gh6pm.o(.text))
<BR>[Address Reference Count : 1]<UL><LI> startup_tm4c123gh6pm.o(RESET)
</UL>
<P><STRONG><a name="[67]"></a>GPIOPortP6_IRQHandler</STRONG> (Thumb, 0 bytes, Stack size 0 bytes, startup_tm4c123gh6pm.o(.text))
<BR>[Address Reference Count : 1]<UL><LI> startup_tm4c123gh6pm.o(RESET)
</UL>
<P><STRONG><a name="[68]"></a>GPIOPortP7_IRQHandler</STRONG> (Thumb, 0 bytes, Stack size 0 bytes, startup_tm4c123gh6pm.o(.text))
<BR>[Address Reference Count : 1]<UL><LI> startup_tm4c123gh6pm.o(RESET)
</UL>
<P><STRONG><a name="[69]"></a>GPIOPortQ0_IRQHandler</STRONG> (Thumb, 0 bytes, Stack size 0 bytes, startup_tm4c123gh6pm.o(.text))
<BR>[Address Reference Count : 1]<UL><LI> startup_tm4c123gh6pm.o(RESET)
</UL>
<P><STRONG><a name="[6a]"></a>GPIOPortQ1_IRQHandler</STRONG> (Thumb, 0 bytes, Stack size 0 bytes, startup_tm4c123gh6pm.o(.text))
<BR>[Address Reference Count : 1]<UL><LI> startup_tm4c123gh6pm.o(RESET)
</UL>
<P><STRONG><a name="[6b]"></a>GPIOPortQ2_IRQHandler</STRONG> (Thumb, 0 bytes, Stack size 0 bytes, startup_tm4c123gh6pm.o(.text))
<BR>[Address Reference Count : 1]<UL><LI> startup_tm4c123gh6pm.o(RESET)
</UL>
<P><STRONG><a name="[6c]"></a>GPIOPortQ3_IRQHandler</STRONG> (Thumb, 0 bytes, Stack size 0 bytes, startup_tm4c123gh6pm.o(.text))
<BR>[Address Reference Count : 1]<UL><LI> startup_tm4c123gh6pm.o(RESET)
</UL>
<P><STRONG><a name="[6d]"></a>GPIOPortQ4_IRQHandler</STRONG> (Thumb, 0 bytes, Stack size 0 bytes, startup_tm4c123gh6pm.o(.text))
<BR>[Address Reference Count : 1]<UL><LI> startup_tm4c123gh6pm.o(RESET)
</UL>
<P><STRONG><a name="[6e]"></a>GPIOPortQ5_IRQHandler</STRONG> (Thumb, 0 bytes, Stack size 0 bytes, startup_tm4c123gh6pm.o(.text))
<BR>[Address Reference Count : 1]<UL><LI> startup_tm4c123gh6pm.o(RESET)
</UL>
<P><STRONG><a name="[6f]"></a>GPIOPortQ6_IRQHandler</STRONG> (Thumb, 0 bytes, Stack size 0 bytes, startup_tm4c123gh6pm.o(.text))
<BR>[Address Reference Count : 1]<UL><LI> startup_tm4c123gh6pm.o(RESET)
</UL>
<P><STRONG><a name="[70]"></a>GPIOPortQ7_IRQHandler</STRONG> (Thumb, 0 bytes, Stack size 0 bytes, startup_tm4c123gh6pm.o(.text))
<BR>[Address Reference Count : 1]<UL><LI> startup_tm4c123gh6pm.o(RESET)
</UL>
<P><STRONG><a name="[71]"></a>GPIOPortR_IRQHandler</STRONG> (Thumb, 0 bytes, Stack size 0 bytes, startup_tm4c123gh6pm.o(.text))
<BR>[Address Reference Count : 1]<UL><LI> startup_tm4c123gh6pm.o(RESET)
</UL>
<P><STRONG><a name="[72]"></a>GPIOPortS_IRQHandler</STRONG> (Thumb, 0 bytes, Stack size 0 bytes, startup_tm4c123gh6pm.o(.text))
<BR>[Address Reference Count : 1]<UL><LI> startup_tm4c123gh6pm.o(RESET)
</UL>
<P><STRONG><a name="[36]"></a>Hibernate_IRQHandler</STRONG> (Thumb, 0 bytes, Stack size 0 bytes, startup_tm4c123gh6pm.o(.text))
<BR>[Address Reference Count : 1]<UL><LI> startup_tm4c123gh6pm.o(RESET)
</UL>
<P><STRONG><a name="[14]"></a>I2C0_IRQHandler</STRONG> (Thumb, 0 bytes, Stack size 0 bytes, startup_tm4c123gh6pm.o(.text))
<BR>[Address Reference Count : 1]<UL><LI> startup_tm4c123gh6pm.o(RESET)
</UL>
<P><STRONG><a name="[31]"></a>I2C1_IRQHandler</STRONG> (Thumb, 0 bytes, Stack size 0 bytes, startup_tm4c123gh6pm.o(.text))
<BR>[Address Reference Count : 1]<UL><LI> startup_tm4c123gh6pm.o(RESET)
</UL>
<P><STRONG><a name="[49]"></a>I2C2_IRQHandler</STRONG> (Thumb, 0 bytes, Stack size 0 bytes, startup_tm4c123gh6pm.o(.text))
<BR>[Address Reference Count : 1]<UL><LI> startup_tm4c123gh6pm.o(RESET)
</UL>
<P><STRONG><a name="[4a]"></a>I2C3_IRQHandler</STRONG> (Thumb, 0 bytes, Stack size 0 bytes, startup_tm4c123gh6pm.o(.text))
<BR>[Address Reference Count : 1]<UL><LI> startup_tm4c123gh6pm.o(RESET)
</UL>
<P><STRONG><a name="[5c]"></a>I2C4_IRQHandler</STRONG> (Thumb, 0 bytes, Stack size 0 bytes, startup_tm4c123gh6pm.o(.text))
<BR>[Address Reference Count : 1]<UL><LI> startup_tm4c123gh6pm.o(RESET)
</UL>
<P><STRONG><a name="[5d]"></a>I2C5_IRQHandler</STRONG> (Thumb, 0 bytes, Stack size 0 bytes, startup_tm4c123gh6pm.o(.text))
<BR>[Address Reference Count : 1]<UL><LI> startup_tm4c123gh6pm.o(RESET)
</UL>
<P><STRONG><a name="[77]"></a>PWM1Fault_IRQHandler</STRONG> (Thumb, 0 bytes, Stack size 0 bytes, startup_tm4c123gh6pm.o(.text))
<BR>[Address Reference Count : 1]<UL><LI> startup_tm4c123gh6pm.o(RESET)
</UL>
<P><STRONG><a name="[73]"></a>PWM1Gen0_IRQHandler</STRONG> (Thumb, 0 bytes, Stack size 0 bytes, startup_tm4c123gh6pm.o(.text))
<BR>[Address Reference Count : 1]<UL><LI> startup_tm4c123gh6pm.o(RESET)
</UL>
<P><STRONG><a name="[74]"></a>PWM1Gen1_IRQHandler</STRONG> (Thumb, 0 bytes, Stack size 0 bytes, startup_tm4c123gh6pm.o(.text))
<BR>[Address Reference Count : 1]<UL><LI> startup_tm4c123gh6pm.o(RESET)
</UL>
<P><STRONG><a name="[75]"></a>PWM1Gen2_IRQHandler</STRONG> (Thumb, 0 bytes, Stack size 0 bytes, startup_tm4c123gh6pm.o(.text))
<BR>[Address Reference Count : 1]<UL><LI> startup_tm4c123gh6pm.o(RESET)
</UL>
<P><STRONG><a name="[76]"></a>PWM1Gen3_IRQHandler</STRONG> (Thumb, 0 bytes, Stack size 0 bytes, startup_tm4c123gh6pm.o(.text))
<BR>[Address Reference Count : 1]<UL><LI> startup_tm4c123gh6pm.o(RESET)
</UL>
<P><STRONG><a name="[15]"></a>PWMFault_IRQHandler</STRONG> (Thumb, 0 bytes, Stack size 0 bytes, startup_tm4c123gh6pm.o(.text))
<BR>[Address Reference Count : 1]<UL><LI> startup_tm4c123gh6pm.o(RESET)
</UL>
<P><STRONG><a name="[16]"></a>PWMGen0_IRQHandler</STRONG> (Thumb, 0 bytes, Stack size 0 bytes, startup_tm4c123gh6pm.o(.text))
<BR>[Address Reference Count : 1]<UL><LI> startup_tm4c123gh6pm.o(RESET)
</UL>
<P><STRONG><a name="[17]"></a>PWMGen1_IRQHandler</STRONG> (Thumb, 0 bytes, Stack size 0 bytes, startup_tm4c123gh6pm.o(.text))
<BR>[Address Reference Count : 1]<UL><LI> startup_tm4c123gh6pm.o(RESET)
</UL>
<P><STRONG><a name="[18]"></a>PWMGen2_IRQHandler</STRONG> (Thumb, 0 bytes, Stack size 0 bytes, startup_tm4c123gh6pm.o(.text))
<BR>[Address Reference Count : 1]<UL><LI> startup_tm4c123gh6pm.o(RESET)
</UL>
<P><STRONG><a name="[38]"></a>PWMGen3_IRQHandler</STRONG> (Thumb, 0 bytes, Stack size 0 bytes, startup_tm4c123gh6pm.o(.text))
<BR>[Address Reference Count : 1]<UL><LI> startup_tm4c123gh6pm.o(RESET)
</UL>
<P><STRONG><a name="[19]"></a>QEI0_IRQHandler</STRONG> (Thumb, 0 bytes, Stack size 0 bytes, startup_tm4c123gh6pm.o(.text))
<BR>[Address Reference Count : 1]<UL><LI> startup_tm4c123gh6pm.o(RESET)
</UL>
<P><STRONG><a name="[32]"></a>QEI1_IRQHandler</STRONG> (Thumb, 0 bytes, Stack size 0 bytes, startup_tm4c123gh6pm.o(.text))
<BR>[Address Reference Count : 1]<UL><LI> startup_tm4c123gh6pm.o(RESET)
</UL>
<P><STRONG><a name="[60]"></a>QEI2_IRQHandler</STRONG> (Thumb, 0 bytes, Stack size 0 bytes, startup_tm4c123gh6pm.o(.text))
<BR>[Address Reference Count : 1]<UL><LI> startup_tm4c123gh6pm.o(RESET)
</UL>
<P><STRONG><a name="[13]"></a>SSI0_IRQHandler</STRONG> (Thumb, 0 bytes, Stack size 0 bytes, startup_tm4c123gh6pm.o(.text))
<BR>[Address Reference Count : 1]<UL><LI> startup_tm4c123gh6pm.o(RESET)
</UL>
<P><STRONG><a name="[2e]"></a>SSI1_IRQHandler</STRONG> (Thumb, 0 bytes, Stack size 0 bytes, startup_tm4c123gh6pm.o(.text))
<BR>[Address Reference Count : 1]<UL><LI> startup_tm4c123gh6pm.o(RESET)
</UL>
<P><STRONG><a name="[42]"></a>SSI2_IRQHandler</STRONG> (Thumb, 0 bytes, Stack size 0 bytes, startup_tm4c123gh6pm.o(.text))
<BR>[Address Reference Count : 1]<UL><LI> startup_tm4c123gh6pm.o(RESET)
</UL>
<P><STRONG><a name="[43]"></a>SSI3_IRQHandler</STRONG> (Thumb, 0 bytes, Stack size 0 bytes, startup_tm4c123gh6pm.o(.text))
<BR>[Address Reference Count : 1]<UL><LI> startup_tm4c123gh6pm.o(RESET)
</UL>
<P><STRONG><a name="[28]"></a>SysCtrl_IRQHandler</STRONG> (Thumb, 0 bytes, Stack size 0 bytes, startup_tm4c123gh6pm.o(.text))
<BR>[Address Reference Count : 1]<UL><LI> startup_tm4c123gh6pm.o(RESET)
</UL>
<P><STRONG><a name="[1f]"></a>Timer0A_IRQHandler</STRONG> (Thumb, 0 bytes, Stack size 0 bytes, startup_tm4c123gh6pm.o(.text))
<BR>[Address Reference Count : 1]<UL><LI> startup_tm4c123gh6pm.o(RESET)
</UL>
<P><STRONG><a name="[20]"></a>Timer0B_IRQHandler</STRONG> (Thumb, 0 bytes, Stack size 0 bytes, startup_tm4c123gh6pm.o(.text))
<BR>[Address Reference Count : 1]<UL><LI> startup_tm4c123gh6pm.o(RESET)
</UL>
<P><STRONG><a name="[21]"></a>Timer1A_IRQHandler</STRONG> (Thumb, 0 bytes, Stack size 0 bytes, startup_tm4c123gh6pm.o(.text))
<BR>[Address Reference Count : 1]<UL><LI> startup_tm4c123gh6pm.o(RESET)
</UL>
<P><STRONG><a name="[22]"></a>Timer1B_IRQHandler</STRONG> (Thumb, 0 bytes, Stack size 0 bytes, startup_tm4c123gh6pm.o(.text))
<BR>[Address Reference Count : 1]<UL><LI> startup_tm4c123gh6pm.o(RESET)
</UL>
<P><STRONG><a name="[23]"></a>Timer2A_IRQHandler</STRONG> (Thumb, 0 bytes, Stack size 0 bytes, startup_tm4c123gh6pm.o(.text))
<BR>[Address Reference Count : 1]<UL><LI> startup_tm4c123gh6pm.o(RESET)
</UL>
<P><STRONG><a name="[24]"></a>Timer2B_IRQHandler</STRONG> (Thumb, 0 bytes, Stack size 0 bytes, startup_tm4c123gh6pm.o(.text))
<BR>[Address Reference Count : 1]<UL><LI> startup_tm4c123gh6pm.o(RESET)
</UL>
<P><STRONG><a name="[2f]"></a>Timer3A_IRQHandler</STRONG> (Thumb, 0 bytes, Stack size 0 bytes, startup_tm4c123gh6pm.o(.text))
<BR>[Address Reference Count : 1]<UL><LI> startup_tm4c123gh6pm.o(RESET)
</UL>
<P><STRONG><a name="[30]"></a>Timer3B_IRQHandler</STRONG> (Thumb, 0 bytes, Stack size 0 bytes, startup_tm4c123gh6pm.o(.text))
<BR>[Address Reference Count : 1]<UL><LI> startup_tm4c123gh6pm.o(RESET)
</UL>
<P><STRONG><a name="[4b]"></a>Timer4A_IRQHandler</STRONG> (Thumb, 0 bytes, Stack size 0 bytes, startup_tm4c123gh6pm.o(.text))
<BR>[Address Reference Count : 1]<UL><LI> startup_tm4c123gh6pm.o(RESET)
</UL>
<P><STRONG><a name="[4c]"></a>Timer4B_IRQHandler</STRONG> (Thumb, 0 bytes, Stack size 0 bytes, startup_tm4c123gh6pm.o(.text))
<BR>[Address Reference Count : 1]<UL><LI> startup_tm4c123gh6pm.o(RESET)
</UL>
<P><STRONG><a name="[4d]"></a>Timer5A_IRQHandler</STRONG> (Thumb, 0 bytes, Stack size 0 bytes, startup_tm4c123gh6pm.o(.text))
<BR>[Address Reference Count : 1]<UL><LI> startup_tm4c123gh6pm.o(RESET)
</UL>
<P><STRONG><a name="[4e]"></a>Timer5B_IRQHandler</STRONG> (Thumb, 0 bytes, Stack size 0 bytes, startup_tm4c123gh6pm.o(.text))
<BR>[Address Reference Count : 1]<UL><LI> startup_tm4c123gh6pm.o(RESET)
</UL>
<P><STRONG><a name="[11]"></a>UART0_IRQHandler</STRONG> (Thumb, 0 bytes, Stack size 0 bytes, startup_tm4c123gh6pm.o(.text))
<BR>[Address Reference Count : 1]<UL><LI> startup_tm4c123gh6pm.o(RESET)
</UL>
<P><STRONG><a name="[2d]"></a>UART2_IRQHandler</STRONG> (Thumb, 0 bytes, Stack size 0 bytes, startup_tm4c123gh6pm.o(.text))
<BR>[Address Reference Count : 1]<UL><LI> startup_tm4c123gh6pm.o(RESET)
</UL>
<P><STRONG><a name="[44]"></a>UART3_IRQHandler</STRONG> (Thumb, 0 bytes, Stack size 0 bytes, startup_tm4c123gh6pm.o(.text))
<BR>[Address Reference Count : 1]<UL><LI> startup_tm4c123gh6pm.o(RESET)
</UL>
<P><STRONG><a name="[45]"></a>UART4_IRQHandler</STRONG> (Thumb, 0 bytes, Stack size 0 bytes, startup_tm4c123gh6pm.o(.text))
<BR>[Address Reference Count : 1]<UL><LI> startup_tm4c123gh6pm.o(RESET)
</UL>
<P><STRONG><a name="[46]"></a>UART5_IRQHandler</STRONG> (Thumb, 0 bytes, Stack size 0 bytes, startup_tm4c123gh6pm.o(.text))
<BR>[Address Reference Count : 1]<UL><LI> startup_tm4c123gh6pm.o(RESET)
</UL>
<P><STRONG><a name="[47]"></a>UART6_IRQHandler</STRONG> (Thumb, 0 bytes, Stack size 0 bytes, startup_tm4c123gh6pm.o(.text))
<BR>[Address Reference Count : 1]<UL><LI> startup_tm4c123gh6pm.o(RESET)
</UL>
<P><STRONG><a name="[48]"></a>UART7_IRQHandler</STRONG> (Thumb, 0 bytes, Stack size 0 bytes, startup_tm4c123gh6pm.o(.text))
<BR>[Address Reference Count : 1]<UL><LI> startup_tm4c123gh6pm.o(RESET)
</UL>
<P><STRONG><a name="[37]"></a>USB0_IRQHandler</STRONG> (Thumb, 0 bytes, Stack size 0 bytes, startup_tm4c123gh6pm.o(.text))
<BR>[Address Reference Count : 1]<UL><LI> startup_tm4c123gh6pm.o(RESET)
</UL>
<P><STRONG><a name="[1e]"></a>Watchdog_IRQHandler</STRONG> (Thumb, 0 bytes, Stack size 0 bytes, startup_tm4c123gh6pm.o(.text))
<BR>[Address Reference Count : 1]<UL><LI> startup_tm4c123gh6pm.o(RESET)
</UL>
<P><STRONG><a name="[4f]"></a>WideTimer0A_IRQHandler</STRONG> (Thumb, 0 bytes, Stack size 0 bytes, startup_tm4c123gh6pm.o(.text))
<BR>[Address Reference Count : 1]<UL><LI> startup_tm4c123gh6pm.o(RESET)
</UL>
<P><STRONG><a name="[50]"></a>WideTimer0B_IRQHandler</STRONG> (Thumb, 0 bytes, Stack size 0 bytes, startup_tm4c123gh6pm.o(.text))
<BR>[Address Reference Count : 1]<UL><LI> startup_tm4c123gh6pm.o(RESET)
</UL>
<P><STRONG><a name="[51]"></a>WideTimer1A_IRQHandler</STRONG> (Thumb, 0 bytes, Stack size 0 bytes, startup_tm4c123gh6pm.o(.text))
<BR>[Address Reference Count : 1]<UL><LI> startup_tm4c123gh6pm.o(RESET)
</UL>
<P><STRONG><a name="[52]"></a>WideTimer1B_IRQHandler</STRONG> (Thumb, 0 bytes, Stack size 0 bytes, startup_tm4c123gh6pm.o(.text))
<BR>[Address Reference Count : 1]<UL><LI> startup_tm4c123gh6pm.o(RESET)
</UL>
<P><STRONG><a name="[53]"></a>WideTimer2A_IRQHandler</STRONG> (Thumb, 0 bytes, Stack size 0 bytes, startup_tm4c123gh6pm.o(.text))
<BR>[Address Reference Count : 1]<UL><LI> startup_tm4c123gh6pm.o(RESET)
</UL>
<P><STRONG><a name="[54]"></a>WideTimer2B_IRQHandler</STRONG> (Thumb, 0 bytes, Stack size 0 bytes, startup_tm4c123gh6pm.o(.text))
<BR>[Address Reference Count : 1]<UL><LI> startup_tm4c123gh6pm.o(RESET)
</UL>
<P><STRONG><a name="[55]"></a>WideTimer3A_IRQHandler</STRONG> (Thumb, 0 bytes, Stack size 0 bytes, startup_tm4c123gh6pm.o(.text))
<BR>[Address Reference Count : 1]<UL><LI> startup_tm4c123gh6pm.o(RESET)
</UL>
<P><STRONG><a name="[56]"></a>WideTimer3B_IRQHandler</STRONG> (Thumb, 0 bytes, Stack size 0 bytes, startup_tm4c123gh6pm.o(.text))
<BR>[Address Reference Count : 1]<UL><LI> startup_tm4c123gh6pm.o(RESET)
</UL>
<P><STRONG><a name="[57]"></a>WideTimer4A_IRQHandler</STRONG> (Thumb, 0 bytes, Stack size 0 bytes, startup_tm4c123gh6pm.o(.text))
<BR>[Address Reference Count : 1]<UL><LI> startup_tm4c123gh6pm.o(RESET)
</UL>
<P><STRONG><a name="[58]"></a>WideTimer4B_IRQHandler</STRONG> (Thumb, 0 bytes, Stack size 0 bytes, startup_tm4c123gh6pm.o(.text))
<BR>[Address Reference Count : 1]<UL><LI> startup_tm4c123gh6pm.o(RESET)
</UL>
<P><STRONG><a name="[59]"></a>WideTimer5A_IRQHandler</STRONG> (Thumb, 0 bytes, Stack size 0 bytes, startup_tm4c123gh6pm.o(.text))
<BR>[Address Reference Count : 1]<UL><LI> startup_tm4c123gh6pm.o(RESET)
</UL>
<P><STRONG><a name="[5a]"></a>WideTimer5B_IRQHandler</STRONG> (Thumb, 0 bytes, Stack size 0 bytes, startup_tm4c123gh6pm.o(.text))
<BR>[Address Reference Count : 1]<UL><LI> startup_tm4c123gh6pm.o(RESET)
</UL>
<P><STRONG><a name="[3a]"></a>uDMAError_IRQHandler</STRONG> (Thumb, 0 bytes, Stack size 0 bytes, startup_tm4c123gh6pm.o(.text))
<BR>[Address Reference Count : 1]<UL><LI> startup_tm4c123gh6pm.o(RESET)
</UL>
<P><STRONG><a name="[39]"></a>uDMAST_IRQHandler</STRONG> (Thumb, 0 bytes, Stack size 0 bytes, startup_tm4c123gh6pm.o(.text))
<BR>[Address Reference Count : 1]<UL><LI> startup_tm4c123gh6pm.o(RESET)
</UL>
<P><STRONG><a name="[9d]"></a>__user_initial_stackheap</STRONG> (Thumb, 10 bytes, Stack size 0 bytes, startup_tm4c123gh6pm.o(.text))
<BR><BR>[Called By]<UL><LI><a href="#[a6]">&gt;&gt;</a>&nbsp;&nbsp;&nbsp;__user_setup_stackheap
</UL>

<P><STRONG><a name="[9e]"></a>assert_failed</STRONG> (Thumb, 10 bytes, Stack size 0 bytes, startup_tm4c123gh6pm.o(.text))
<BR><BR>[Calls]<UL><LI><a href="#[b2]">&gt;&gt;</a>&nbsp;&nbsp;&nbsp;Q_onAssert
</UL>
<BR>[Called By]<UL><LI><a href="#[ef]">&gt;&gt;</a>&nbsp;&nbsp;&nbsp;xTaskResumeAll
<LI><a href="#[10a]">&gt;&gt;</a>&nbsp;&nbsp;&nbsp;xTaskGenericNotify
<LI><a href="#[106]">&gt;&gt;</a>&nbsp;&nbsp;&nbsp;vPortExitCritical
<LI><a href="#[105]">&gt;&gt;</a>&nbsp;&nbsp;&nbsp;vPortEnterCritical
<LI><a href="#[3b]">&gt;&gt;</a>&nbsp;&nbsp;&nbsp;ADC1Seq0_IRQHandler
<LI><a href="#[9]">&gt;&gt;</a>&nbsp;&nbsp;&nbsp;DebugMon_Handler
<LI><a href="#[7]">&gt;&gt;</a>&nbsp;&nbsp;&nbsp;UsageFault_Handler
<LI><a href="#[6]">&gt;&gt;</a>&nbsp;&nbsp;&nbsp;BusFault_Handler
<LI><a href="#[5]">&gt;&gt;</a>&nbsp;&nbsp;&nbsp;MemManage_Handler
<LI><a href="#[4]">&gt;&gt;</a>&nbsp;&nbsp;&nbsp;HardFault_Handler
<LI><a href="#[3]">&gt;&gt;</a>&nbsp;&nbsp;&nbsp;NMI_Handler
<LI><a href="#[9b]">&gt;&gt;</a>&nbsp;&nbsp;&nbsp;Reset_Handler
<LI><a href="#[90]">&gt;&gt;</a>&nbsp;&nbsp;&nbsp;prvTaskExitError
<LI><a href="#[141]">&gt;&gt;</a>&nbsp;&nbsp;&nbsp;xPortStartScheduler
<LI><a href="#[13e]">&gt;&gt;</a>&nbsp;&nbsp;&nbsp;vPortValidateInterruptPriority
<LI><a href="#[123]">&gt;&gt;</a>&nbsp;&nbsp;&nbsp;xTaskIncrementTick
<LI><a href="#[b0]">&gt;&gt;</a>&nbsp;&nbsp;&nbsp;vTaskSwitchContext
<LI><a href="#[138]">&gt;&gt;</a>&nbsp;&nbsp;&nbsp;prvInitialiseNewTask
<LI><a href="#[10f]">&gt;&gt;</a>&nbsp;&nbsp;&nbsp;xTaskCreateStatic
<LI><a href="#[11d]">&gt;&gt;</a>&nbsp;&nbsp;&nbsp;vTaskStartScheduler
<LI><a href="#[108]">&gt;&gt;</a>&nbsp;&nbsp;&nbsp;vTaskNotifyGiveFromISR
</UL>

<P><STRONG><a name="[fd]"></a>strlen</STRONG> (Thumb, 62 bytes, Stack size 8 bytes, strlen.o(.text))
<BR><BR>[Stack]<UL><LI>Max Depth = 8<LI>Call Chain = strlen
</UL>
<BR>[Called By]<UL><LI><a href="#[80]">&gt;&gt;</a>&nbsp;&nbsp;&nbsp;Heartbeat_start
</UL>

<P><STRONG><a name="[b3]"></a>__aeabi_memset</STRONG> (Thumb, 16 bytes, Stack size 0 bytes, aeabi_memset.o(.text))
<BR><BR>[Calls]<UL><LI><a href="#[b4]">&gt;&gt;</a>&nbsp;&nbsp;&nbsp;_memset
</UL>
<BR>[Called By]<UL><LI><a href="#[80]">&gt;&gt;</a>&nbsp;&nbsp;&nbsp;Heartbeat_start
<LI><a href="#[138]">&gt;&gt;</a>&nbsp;&nbsp;&nbsp;prvInitialiseNewTask
</UL>

<P><STRONG><a name="[129]"></a>__aeabi_memclr</STRONG> (Thumb, 0 bytes, Stack size 0 bytes, rt_memclr.o(.text))
<BR><BR>[Called By]<UL><LI><a href="#[12]">&gt;&gt;</a>&nbsp;&nbsp;&nbsp;UART1_IRQHandler
</UL>

<P><STRONG><a name="[b5]"></a>__rt_memclr</STRONG> (Thumb, 68 bytes, Stack size 0 bytes, rt_memclr.o(.text), UNUSED)
<BR><BR>[Calls]<UL><LI><a href="#[b6]">&gt;&gt;</a>&nbsp;&nbsp;&nbsp;_memset_w
</UL>

<P><STRONG><a name="[b4]"></a>_memset</STRONG> (Thumb, 0 bytes, Stack size unknown bytes, rt_memclr.o(.text))
<BR><BR>[Called By]<UL><LI><a href="#[b3]">&gt;&gt;</a>&nbsp;&nbsp;&nbsp;__aeabi_memset
</UL>

<P><STRONG><a name="[169]"></a>__use_two_region_memory</STRONG> (Thumb, 2 bytes, Stack size 0 bytes, heapauxi.o(.text), UNUSED)

<P><STRONG><a name="[16a]"></a>__rt_heap_escrow$2region</STRONG> (Thumb, 2 bytes, Stack size 0 bytes, heapauxi.o(.text), UNUSED)

<P><STRONG><a name="[16b]"></a>__rt_heap_expand$2region</STRONG> (Thumb, 2 bytes, Stack size 0 bytes, heapauxi.o(.text), UNUSED)

<P><STRONG><a name="[16c]"></a>__aeabi_memclr4</STRONG> (Thumb, 0 bytes, Stack size 4 bytes, rt_memclr_w.o(.text), UNUSED)

<P><STRONG><a name="[16d]"></a>__aeabi_memclr8</STRONG> (Thumb, 0 bytes, Stack size 4 bytes, rt_memclr_w.o(.text), UNUSED)

<P><STRONG><a name="[16e]"></a>__rt_memclr_w</STRONG> (Thumb, 78 bytes, Stack size 4 bytes, rt_memclr_w.o(.text), UNUSED)

<P><STRONG><a name="[b6]"></a>_memset_w</STRONG> (Thumb, 0 bytes, Stack size unknown bytes, rt_memclr_w.o(.text), UNUSED)
<BR><BR>[Called By]<UL><LI><a href="#[b5]">&gt;&gt;</a>&nbsp;&nbsp;&nbsp;__rt_memclr
</UL>

<P><STRONG><a name="[a6]"></a>__user_setup_stackheap</STRONG> (Thumb, 74 bytes, Stack size 8 bytes, sys_stackheap_outer.o(.text))
<BR><BR>[Stack]<UL><LI>Max Depth = 8<LI>Call Chain = __user_setup_stackheap
</UL>
<BR>[Calls]<UL><LI><a href="#[9d]">&gt;&gt;</a>&nbsp;&nbsp;&nbsp;__user_initial_stackheap
<LI><a href="#[b7]">&gt;&gt;</a>&nbsp;&nbsp;&nbsp;__user_perproc_libspace
</UL>
<BR>[Called By]<UL><LI><a href="#[a5]">&gt;&gt;</a>&nbsp;&nbsp;&nbsp;__rt_entry_sh
</UL>

<P><STRONG><a name="[ab]"></a>exit</STRONG> (Thumb, 18 bytes, Stack size 8 bytes, exit.o(.text))
<BR><BR>[Stack]<UL><LI>Max Depth = 8 + Unknown Stack Size
<LI>Call Chain = exit
</UL>
<BR>[Calls]<UL><LI><a href="#[b8]">&gt;&gt;</a>&nbsp;&nbsp;&nbsp;__rt_exit
</UL>
<BR>[Called By]<UL><LI><a href="#[a9]">&gt;&gt;</a>&nbsp;&nbsp;&nbsp;__rt_entry_main
</UL>

<P><STRONG><a name="[16f]"></a>__user_libspace</STRONG> (Thumb, 8 bytes, Stack size 0 bytes, libspace.o(.text), UNUSED)

<P><STRONG><a name="[b7]"></a>__user_perproc_libspace</STRONG> (Thumb, 0 bytes, Stack size 0 bytes, libspace.o(.text))
<BR><BR>[Called By]<UL><LI><a href="#[a6]">&gt;&gt;</a>&nbsp;&nbsp;&nbsp;__user_setup_stackheap
</UL>

<P><STRONG><a name="[170]"></a>__user_perthread_libspace</STRONG> (Thumb, 0 bytes, Stack size 0 bytes, libspace.o(.text), UNUSED)

<P><STRONG><a name="[af]"></a>_sys_exit</STRONG> (Thumb, 8 bytes, Stack size 0 bytes, sys_exit.o(.text))
<BR><BR>[Called By]<UL><LI><a href="#[ae]">&gt;&gt;</a>&nbsp;&nbsp;&nbsp;__rt_exit_exit
</UL>

<P><STRONG><a name="[171]"></a>__I$use$semihosting</STRONG> (Thumb, 0 bytes, Stack size 0 bytes, use_no_semi.o(.text), UNUSED)

<P><STRONG><a name="[172]"></a>__use_no_semihosting_swi</STRONG> (Thumb, 2 bytes, Stack size 0 bytes, use_no_semi.o(.text), UNUSED)

<P><STRONG><a name="[173]"></a>__semihosting_library_function</STRONG> (Thumb, 0 bytes, Stack size unknown bytes, indicate_semi.o(.text), UNUSED)

<P><STRONG><a name="[3e]"></a>ADC1Seq3_IRQHandler</STRONG> (Thumb, 80 bytes, Stack size 16 bytes, bsp.o(i.ADC1Seq3_IRQHandler))
<BR><BR>[Stack]<UL><LI>Max Depth = 88<LI>Call Chain = ADC1Seq3_IRQHandler &rArr; QActive_postFromISR_ &rArr; vTaskNotifyGiveFromISR &rArr; vPortValidateInterruptPriority
</UL>
<BR>[Calls]<UL><LI><a href="#[b9]">&gt;&gt;</a>&nbsp;&nbsp;&nbsp;QF_newXFromISR_
<LI><a href="#[ba]">&gt;&gt;</a>&nbsp;&nbsp;&nbsp;QActive_postFromISR_
</UL>
<BR>[Address Reference Count : 1]<UL><LI> startup_tm4c123gh6pm.o(RESET)
</UL>
<P><STRONG><a name="[bb]"></a>BLE_uart_ctor</STRONG> (Thumb, 16 bytes, Stack size 8 bytes, ble_uart.o(i.BLE_uart_ctor))
<BR><BR>[Stack]<UL><LI>Max Depth = 24<LI>Call Chain = BLE_uart_ctor &rArr; QActive_ctor
</UL>
<BR>[Calls]<UL><LI><a href="#[bc]">&gt;&gt;</a>&nbsp;&nbsp;&nbsp;QActive_ctor
</UL>
<BR>[Called By]<UL><LI><a href="#[aa]">&gt;&gt;</a>&nbsp;&nbsp;&nbsp;main
</UL>

<P><STRONG><a name="[f5]"></a>BSP_AccelerometerGet</STRONG> (Thumb, 14 bytes, Stack size 0 bytes, bsp.o(i.BSP_AccelerometerGet))
<BR><BR>[Called By]<UL><LI><a href="#[7f]">&gt;&gt;</a>&nbsp;&nbsp;&nbsp;Heartbeat_on
</UL>

<P><STRONG><a name="[bf]"></a>BSP_Accelerometer_Init</STRONG> (Thumb, 156 bytes, Stack size 8 bytes, bsp.o(i.BSP_Accelerometer_Init))
<BR><BR>[Stack]<UL><LI>Max Depth = 8<LI>Call Chain = BSP_Accelerometer_Init
</UL>
<BR>[Calls]<UL><LI><a href="#[c0]">&gt;&gt;</a>&nbsp;&nbsp;&nbsp;adcinit0
</UL>
<BR>[Called By]<UL><LI><a href="#[e5]">&gt;&gt;</a>&nbsp;&nbsp;&nbsp;BSP_init
</UL>

<P><STRONG><a name="[f9]"></a>BSP_Accelerometer_Input</STRONG> (Thumb, 42 bytes, Stack size 8 bytes, bsp.o(i.BSP_Accelerometer_Input))
<BR><BR>[Stack]<UL><LI>Max Depth = 8<LI>Call Chain = BSP_Accelerometer_Input
</UL>
<BR>[Called By]<UL><LI><a href="#[7f]">&gt;&gt;</a>&nbsp;&nbsp;&nbsp;Heartbeat_on
</UL>

<P><STRONG><a name="[e8]"></a>BSP_BP_BuzzerIO_Init</STRONG> (Thumb, 238 bytes, Stack size 0 bytes, bsp.o(i.BSP_BP_BuzzerIO_Init))
<BR><BR>[Called By]<UL><LI><a href="#[e5]">&gt;&gt;</a>&nbsp;&nbsp;&nbsp;BSP_init
</UL>

<P><STRONG><a name="[fe]"></a>BSP_BP_Buzzer_Freq</STRONG> (Thumb, 52 bytes, Stack size 0 bytes, bsp.o(i.BSP_BP_Buzzer_Freq))
<BR><BR>[Called By]<UL><LI><a href="#[81]">&gt;&gt;</a>&nbsp;&nbsp;&nbsp;Heartbeat_stop
<LI><a href="#[80]">&gt;&gt;</a>&nbsp;&nbsp;&nbsp;Heartbeat_start
</UL>

<P><STRONG><a name="[c1]"></a>BSP_BP_Joystick_Init</STRONG> (Thumb, 212 bytes, Stack size 8 bytes, bsp.o(i.BSP_BP_Joystick_Init))
<BR><BR>[Stack]<UL><LI>Max Depth = 8<LI>Call Chain = BSP_BP_Joystick_Init
</UL>
<BR>[Calls]<UL><LI><a href="#[c0]">&gt;&gt;</a>&nbsp;&nbsp;&nbsp;adcinit0
</UL>
<BR>[Called By]<UL><LI><a href="#[7d]">&gt;&gt;</a>&nbsp;&nbsp;&nbsp;Heartbeat_initial
<LI><a href="#[e5]">&gt;&gt;</a>&nbsp;&nbsp;&nbsp;BSP_init
</UL>

<P><STRONG><a name="[f3]"></a>BSP_BP_LedBlueDuty</STRONG> (Thumb, 30 bytes, Stack size 0 bytes, bsp.o(i.BSP_BP_LedBlueDuty))
<BR><BR>[Called By]<UL><LI><a href="#[80]">&gt;&gt;</a>&nbsp;&nbsp;&nbsp;Heartbeat_start
<LI><a href="#[7f]">&gt;&gt;</a>&nbsp;&nbsp;&nbsp;Heartbeat_on
</UL>

<P><STRONG><a name="[c2]"></a>BSP_BP_LightSensor_End</STRONG> (Thumb, 56 bytes, Stack size 16 bytes, bsp_bp.o(i.BSP_BP_LightSensor_End))
<BR><BR>[Stack]<UL><LI>Max Depth = 56<LI>Call Chain = BSP_BP_LightSensor_End &rArr; lightsensorend &rArr; BSP_I2C_Send3
</UL>
<BR>[Calls]<UL><LI><a href="#[c3]">&gt;&gt;</a>&nbsp;&nbsp;&nbsp;lightsensorstart
<LI><a href="#[c5]">&gt;&gt;</a>&nbsp;&nbsp;&nbsp;lightsensorend
<LI><a href="#[c4]">&gt;&gt;</a>&nbsp;&nbsp;&nbsp;BSP_LightSensor_INTstatus
</UL>
<BR>[Called By]<UL><LI><a href="#[8b]">&gt;&gt;</a>&nbsp;&nbsp;&nbsp;Sensor_polling
</UL>

<P><STRONG><a name="[c6]"></a>BSP_BP_LightSensor_Init</STRONG> (Thumb, 8 bytes, Stack size 8 bytes, bsp_bp.o(i.BSP_BP_LightSensor_Init))
<BR><BR>[Stack]<UL><LI>Max Depth = 16<LI>Call Chain = BSP_BP_LightSensor_Init &rArr; BSP_LightSensor_Init
</UL>
<BR>[Calls]<UL><LI><a href="#[c7]">&gt;&gt;</a>&nbsp;&nbsp;&nbsp;BSP_LightSensor_Init
</UL>
<BR>[Called By]<UL><LI><a href="#[89]">&gt;&gt;</a>&nbsp;&nbsp;&nbsp;Sensor_initial
</UL>

<P><STRONG><a name="[c8]"></a>BSP_BP_LightSensor_Start</STRONG> (Thumb, 22 bytes, Stack size 8 bytes, bsp_bp.o(i.BSP_BP_LightSensor_Start))
<BR><BR>[Stack]<UL><LI>Max Depth = 40<LI>Call Chain = BSP_BP_LightSensor_Start &rArr; lightsensorstart &rArr; BSP_I2C_Send3
</UL>
<BR>[Calls]<UL><LI><a href="#[c3]">&gt;&gt;</a>&nbsp;&nbsp;&nbsp;lightsensorstart
</UL>
<BR>[Called By]<UL><LI><a href="#[8b]">&gt;&gt;</a>&nbsp;&nbsp;&nbsp;Sensor_polling
</UL>

<P><STRONG><a name="[e7]"></a>BSP_BP_RGB_ledsInit</STRONG> (Thumb, 508 bytes, Stack size 0 bytes, bsp.o(i.BSP_BP_RGB_ledsInit))
<BR><BR>[Called By]<UL><LI><a href="#[e5]">&gt;&gt;</a>&nbsp;&nbsp;&nbsp;BSP_init
</UL>

<P><STRONG><a name="[c9]"></a>BSP_BP_SPI_TFT_Init</STRONG> (Thumb, 412 bytes, Stack size 8 bytes, bsp.o(i.BSP_BP_SPI_TFT_Init))
<BR><BR>[Stack]<UL><LI>Max Depth = 16<LI>Call Chain = BSP_BP_SPI_TFT_Init &rArr; BSP_Delay1ms
</UL>
<BR>[Calls]<UL><LI><a href="#[cc]">&gt;&gt;</a>&nbsp;&nbsp;&nbsp;BSP_Delay1ms
<LI><a href="#[cd]">&gt;&gt;</a>&nbsp;&nbsp;&nbsp;BSP_BP_TFT_RESET_LOW
<LI><a href="#[cb]">&gt;&gt;</a>&nbsp;&nbsp;&nbsp;BSP_BP_TFT_RESET_HIGH
<LI><a href="#[ca]">&gt;&gt;</a>&nbsp;&nbsp;&nbsp;BSP_BP_TFT_CS_LOW
<LI><a href="#[ce]">&gt;&gt;</a>&nbsp;&nbsp;&nbsp;BSP_BP_TFT_CS_HIGH
</UL>
<BR>[Called By]<UL><LI><a href="#[dd]">&gt;&gt;</a>&nbsp;&nbsp;&nbsp;ST7735_InitR
<LI><a href="#[e5]">&gt;&gt;</a>&nbsp;&nbsp;&nbsp;BSP_init
</UL>

<P><STRONG><a name="[cf]"></a>BSP_BP_SPIwritecommand</STRONG> (Thumb, 56 bytes, Stack size 4 bytes, bsp.o(i.BSP_BP_SPIwritecommand))
<BR><BR>[Stack]<UL><LI>Max Depth = 4<LI>Call Chain = BSP_BP_SPIwritecommand
</UL>
<BR>[Calls]<UL><LI><a href="#[d0]">&gt;&gt;</a>&nbsp;&nbsp;&nbsp;BSP_BP_TFT_DC_COMMAND
<LI><a href="#[ca]">&gt;&gt;</a>&nbsp;&nbsp;&nbsp;BSP_BP_TFT_CS_LOW
<LI><a href="#[ce]">&gt;&gt;</a>&nbsp;&nbsp;&nbsp;BSP_BP_TFT_CS_HIGH
</UL>
<BR>[Called By]<UL><LI><a href="#[d7]">&gt;&gt;</a>&nbsp;&nbsp;&nbsp;setAddrWindow
<LI><a href="#[121]">&gt;&gt;</a>&nbsp;&nbsp;&nbsp;commandList
<LI><a href="#[dd]">&gt;&gt;</a>&nbsp;&nbsp;&nbsp;ST7735_InitR
</UL>

<P><STRONG><a name="[d1]"></a>BSP_BP_SPIwritedata</STRONG> (Thumb, 56 bytes, Stack size 4 bytes, bsp.o(i.BSP_BP_SPIwritedata))
<BR><BR>[Stack]<UL><LI>Max Depth = 4<LI>Call Chain = BSP_BP_SPIwritedata
</UL>
<BR>[Calls]<UL><LI><a href="#[d2]">&gt;&gt;</a>&nbsp;&nbsp;&nbsp;BSP_BP_TFT_DC_DATA
<LI><a href="#[ca]">&gt;&gt;</a>&nbsp;&nbsp;&nbsp;BSP_BP_TFT_CS_LOW
<LI><a href="#[ce]">&gt;&gt;</a>&nbsp;&nbsp;&nbsp;BSP_BP_TFT_CS_HIGH
</UL>
<BR>[Called By]<UL><LI><a href="#[da]">&gt;&gt;</a>&nbsp;&nbsp;&nbsp;BSP_LCD_FillRect
<LI><a href="#[d7]">&gt;&gt;</a>&nbsp;&nbsp;&nbsp;setAddrWindow
<LI><a href="#[d8]">&gt;&gt;</a>&nbsp;&nbsp;&nbsp;pushColor
<LI><a href="#[121]">&gt;&gt;</a>&nbsp;&nbsp;&nbsp;commandList
<LI><a href="#[dd]">&gt;&gt;</a>&nbsp;&nbsp;&nbsp;ST7735_InitR
</UL>

<P><STRONG><a name="[ce]"></a>BSP_BP_TFT_CS_HIGH</STRONG> (Thumb, 10 bytes, Stack size 0 bytes, bsp.o(i.BSP_BP_TFT_CS_HIGH))
<BR><BR>[Called By]<UL><LI><a href="#[d1]">&gt;&gt;</a>&nbsp;&nbsp;&nbsp;BSP_BP_SPIwritedata
<LI><a href="#[cf]">&gt;&gt;</a>&nbsp;&nbsp;&nbsp;BSP_BP_SPIwritecommand
<LI><a href="#[c9]">&gt;&gt;</a>&nbsp;&nbsp;&nbsp;BSP_BP_SPI_TFT_Init
</UL>

<P><STRONG><a name="[ca]"></a>BSP_BP_TFT_CS_LOW</STRONG> (Thumb, 10 bytes, Stack size 0 bytes, bsp.o(i.BSP_BP_TFT_CS_LOW))
<BR><BR>[Called By]<UL><LI><a href="#[d1]">&gt;&gt;</a>&nbsp;&nbsp;&nbsp;BSP_BP_SPIwritedata
<LI><a href="#[cf]">&gt;&gt;</a>&nbsp;&nbsp;&nbsp;BSP_BP_SPIwritecommand
<LI><a href="#[c9]">&gt;&gt;</a>&nbsp;&nbsp;&nbsp;BSP_BP_SPI_TFT_Init
</UL>

<P><STRONG><a name="[d0]"></a>BSP_BP_TFT_DC_COMMAND</STRONG> (Thumb, 8 bytes, Stack size 0 bytes, bsp.o(i.BSP_BP_TFT_DC_COMMAND))
<BR><BR>[Called By]<UL><LI><a href="#[cf]">&gt;&gt;</a>&nbsp;&nbsp;&nbsp;BSP_BP_SPIwritecommand
</UL>

<P><STRONG><a name="[d2]"></a>BSP_BP_TFT_DC_DATA</STRONG> (Thumb, 8 bytes, Stack size 0 bytes, bsp.o(i.BSP_BP_TFT_DC_DATA))
<BR><BR>[Called By]<UL><LI><a href="#[d1]">&gt;&gt;</a>&nbsp;&nbsp;&nbsp;BSP_BP_SPIwritedata
</UL>

<P><STRONG><a name="[cb]"></a>BSP_BP_TFT_RESET_HIGH</STRONG> (Thumb, 8 bytes, Stack size 0 bytes, bsp.o(i.BSP_BP_TFT_RESET_HIGH))
<BR><BR>[Called By]<UL><LI><a href="#[c9]">&gt;&gt;</a>&nbsp;&nbsp;&nbsp;BSP_BP_SPI_TFT_Init
</UL>

<P><STRONG><a name="[cd]"></a>BSP_BP_TFT_RESET_LOW</STRONG> (Thumb, 8 bytes, Stack size 0 bytes, bsp.o(i.BSP_BP_TFT_RESET_LOW))
<BR><BR>[Called By]<UL><LI><a href="#[c9]">&gt;&gt;</a>&nbsp;&nbsp;&nbsp;BSP_BP_SPI_TFT_Init
</UL>

<P><STRONG><a name="[cc]"></a>BSP_Delay1ms</STRONG> (Thumb, 22 bytes, Stack size 8 bytes, bsp.o(i.BSP_Delay1ms))
<BR><BR>[Stack]<UL><LI>Max Depth = 8<LI>Call Chain = BSP_Delay1ms
</UL>
<BR>[Calls]<UL><LI><a href="#[b1]">&gt;&gt;</a>&nbsp;&nbsp;&nbsp;parrotdelay
</UL>
<BR>[Called By]<UL><LI><a href="#[121]">&gt;&gt;</a>&nbsp;&nbsp;&nbsp;commandList
<LI><a href="#[c9]">&gt;&gt;</a>&nbsp;&nbsp;&nbsp;BSP_BP_SPI_TFT_Init
</UL>

<P><STRONG><a name="[d3]"></a>BSP_I2C_Recv2</STRONG> (Thumb, 90 bytes, Stack size 24 bytes, bsp.o(i.BSP_I2C_Recv2))
<BR><BR>[Stack]<UL><LI>Max Depth = 24<LI>Call Chain = BSP_I2C_Recv2
</UL>
<BR>[Calls]<UL><LI><a href="#[d4]">&gt;&gt;</a>&nbsp;&nbsp;&nbsp;L_waitTillReady
</UL>
<BR>[Called By]<UL><LI><a href="#[c3]">&gt;&gt;</a>&nbsp;&nbsp;&nbsp;lightsensorstart
<LI><a href="#[c5]">&gt;&gt;</a>&nbsp;&nbsp;&nbsp;lightsensorend
</UL>

<P><STRONG><a name="[12d]"></a>BSP_I2C_Send1</STRONG> (Thumb, 68 bytes, Stack size 0 bytes, bsp.o(i.BSP_I2C_Send1))
<BR><BR>[Called By]<UL><LI><a href="#[c5]">&gt;&gt;</a>&nbsp;&nbsp;&nbsp;lightsensorend
</UL>

<P><STRONG><a name="[d5]"></a>BSP_I2C_Send3</STRONG> (Thumb, 140 bytes, Stack size 24 bytes, bsp.o(i.BSP_I2C_Send3))
<BR><BR>[Stack]<UL><LI>Max Depth = 24<LI>Call Chain = BSP_I2C_Send3
</UL>
<BR>[Calls]<UL><LI><a href="#[d4]">&gt;&gt;</a>&nbsp;&nbsp;&nbsp;L_waitTillReady
</UL>
<BR>[Called By]<UL><LI><a href="#[c3]">&gt;&gt;</a>&nbsp;&nbsp;&nbsp;lightsensorstart
<LI><a href="#[c5]">&gt;&gt;</a>&nbsp;&nbsp;&nbsp;lightsensorend
</UL>

<P><STRONG><a name="[f7]"></a>BSP_Joystick_Input</STRONG> (Thumb, 28 bytes, Stack size 0 bytes, bsp.o(i.BSP_Joystick_Input))
<BR><BR>[Called By]<UL><LI><a href="#[7f]">&gt;&gt;</a>&nbsp;&nbsp;&nbsp;Heartbeat_on
</UL>

<P><STRONG><a name="[f4]"></a>BSP_Joystick_Trigger</STRONG> (Thumb, 14 bytes, Stack size 0 bytes, bsp.o(i.BSP_Joystick_Trigger))
<BR><BR>[Called By]<UL><LI><a href="#[7f]">&gt;&gt;</a>&nbsp;&nbsp;&nbsp;Heartbeat_on
</UL>

<P><STRONG><a name="[d6]"></a>BSP_LCD_DrawChar</STRONG> (Thumb, 260 bytes, Stack size 56 bytes, bsp_bp.o(i.BSP_LCD_DrawChar))
<BR><BR>[Stack]<UL><LI>Max Depth = 84<LI>Call Chain = BSP_LCD_DrawChar &rArr; setAddrWindow &rArr; BSP_BP_SPIwritedata
</UL>
<BR>[Calls]<UL><LI><a href="#[d7]">&gt;&gt;</a>&nbsp;&nbsp;&nbsp;setAddrWindow
<LI><a href="#[d8]">&gt;&gt;</a>&nbsp;&nbsp;&nbsp;pushColor
</UL>
<BR>[Called By]<UL><LI><a href="#[e0]">&gt;&gt;</a>&nbsp;&nbsp;&nbsp;BSP_LCD_OutUDec5
<LI><a href="#[de]">&gt;&gt;</a>&nbsp;&nbsp;&nbsp;BSP_LCD_OutUDec4
<LI><a href="#[d9]">&gt;&gt;</a>&nbsp;&nbsp;&nbsp;BSP_LCD_DrawString
</UL>

<P><STRONG><a name="[d9]"></a>BSP_LCD_DrawString</STRONG> (Thumb, 84 bytes, Stack size 32 bytes, bsp_bp.o(i.BSP_LCD_DrawString))
<BR><BR>[Stack]<UL><LI>Max Depth = 116<LI>Call Chain = BSP_LCD_DrawString &rArr; BSP_LCD_DrawChar &rArr; setAddrWindow &rArr; BSP_BP_SPIwritedata
</UL>
<BR>[Calls]<UL><LI><a href="#[d6]">&gt;&gt;</a>&nbsp;&nbsp;&nbsp;BSP_LCD_DrawChar
</UL>
<BR>[Called By]<UL><LI><a href="#[e0]">&gt;&gt;</a>&nbsp;&nbsp;&nbsp;BSP_LCD_OutUDec5
<LI><a href="#[de]">&gt;&gt;</a>&nbsp;&nbsp;&nbsp;BSP_LCD_OutUDec4
<LI><a href="#[80]">&gt;&gt;</a>&nbsp;&nbsp;&nbsp;Heartbeat_start
<LI><a href="#[7d]">&gt;&gt;</a>&nbsp;&nbsp;&nbsp;Heartbeat_initial
</UL>

<P><STRONG><a name="[da]"></a>BSP_LCD_FillRect</STRONG> (Thumb, 164 bytes, Stack size 32 bytes, bsp_bp.o(i.BSP_LCD_FillRect))
<BR><BR>[Stack]<UL><LI>Max Depth = 60<LI>Call Chain = BSP_LCD_FillRect &rArr; setAddrWindow &rArr; BSP_BP_SPIwritedata
</UL>
<BR>[Calls]<UL><LI><a href="#[d7]">&gt;&gt;</a>&nbsp;&nbsp;&nbsp;setAddrWindow
<LI><a href="#[d1]">&gt;&gt;</a>&nbsp;&nbsp;&nbsp;BSP_BP_SPIwritedata
</UL>
<BR>[Called By]<UL><LI><a href="#[db]">&gt;&gt;</a>&nbsp;&nbsp;&nbsp;BSP_LCD_FillScreen
</UL>

<P><STRONG><a name="[db]"></a>BSP_LCD_FillScreen</STRONG> (Thumb, 28 bytes, Stack size 16 bytes, bsp_bp.o(i.BSP_LCD_FillScreen))
<BR><BR>[Stack]<UL><LI>Max Depth = 76<LI>Call Chain = BSP_LCD_FillScreen &rArr; BSP_LCD_FillRect &rArr; setAddrWindow &rArr; BSP_BP_SPIwritedata
</UL>
<BR>[Calls]<UL><LI><a href="#[da]">&gt;&gt;</a>&nbsp;&nbsp;&nbsp;BSP_LCD_FillRect
</UL>
<BR>[Called By]<UL><LI><a href="#[dd]">&gt;&gt;</a>&nbsp;&nbsp;&nbsp;ST7735_InitR
</UL>

<P><STRONG><a name="[dc]"></a>BSP_LCD_Init</STRONG> (Thumb, 10 bytes, Stack size 8 bytes, bsp_bp.o(i.BSP_LCD_Init))
<BR><BR>[Stack]<UL><LI>Max Depth = 92<LI>Call Chain = BSP_LCD_Init &rArr; ST7735_InitR &rArr; BSP_LCD_FillScreen &rArr; BSP_LCD_FillRect &rArr; setAddrWindow &rArr; BSP_BP_SPIwritedata
</UL>
<BR>[Calls]<UL><LI><a href="#[dd]">&gt;&gt;</a>&nbsp;&nbsp;&nbsp;ST7735_InitR
</UL>
<BR>[Called By]<UL><LI><a href="#[7d]">&gt;&gt;</a>&nbsp;&nbsp;&nbsp;Heartbeat_initial
</UL>

<P><STRONG><a name="[de]"></a>BSP_LCD_OutUDec4</STRONG> (Thumb, 116 bytes, Stack size 24 bytes, bsp_bp.o(i.BSP_LCD_OutUDec4))
<BR><BR>[Stack]<UL><LI>Max Depth = 140<LI>Call Chain = BSP_LCD_OutUDec4 &rArr; BSP_LCD_DrawString &rArr; BSP_LCD_DrawChar &rArr; setAddrWindow &rArr; BSP_BP_SPIwritedata
</UL>
<BR>[Calls]<UL><LI><a href="#[d9]">&gt;&gt;</a>&nbsp;&nbsp;&nbsp;BSP_LCD_DrawString
<LI><a href="#[d6]">&gt;&gt;</a>&nbsp;&nbsp;&nbsp;BSP_LCD_DrawChar
<LI><a href="#[df]">&gt;&gt;</a>&nbsp;&nbsp;&nbsp;fillmessage4
</UL>
<BR>[Called By]<UL><LI><a href="#[80]">&gt;&gt;</a>&nbsp;&nbsp;&nbsp;Heartbeat_start
<LI><a href="#[7f]">&gt;&gt;</a>&nbsp;&nbsp;&nbsp;Heartbeat_on
</UL>

<P><STRONG><a name="[e0]"></a>BSP_LCD_OutUDec5</STRONG> (Thumb, 116 bytes, Stack size 24 bytes, bsp_bp.o(i.BSP_LCD_OutUDec5))
<BR><BR>[Stack]<UL><LI>Max Depth = 140<LI>Call Chain = BSP_LCD_OutUDec5 &rArr; BSP_LCD_DrawString &rArr; BSP_LCD_DrawChar &rArr; setAddrWindow &rArr; BSP_BP_SPIwritedata
</UL>
<BR>[Calls]<UL><LI><a href="#[d9]">&gt;&gt;</a>&nbsp;&nbsp;&nbsp;BSP_LCD_DrawString
<LI><a href="#[d6]">&gt;&gt;</a>&nbsp;&nbsp;&nbsp;BSP_LCD_DrawChar
<LI><a href="#[e1]">&gt;&gt;</a>&nbsp;&nbsp;&nbsp;fillmessage5
</UL>
<BR>[Called By]<UL><LI><a href="#[80]">&gt;&gt;</a>&nbsp;&nbsp;&nbsp;Heartbeat_start
</UL>

<P><STRONG><a name="[f8]"></a>BSP_LCD_SetCursor</STRONG> (Thumb, 22 bytes, Stack size 0 bytes, bsp_bp.o(i.BSP_LCD_SetCursor))
<BR><BR>[Called By]<UL><LI><a href="#[80]">&gt;&gt;</a>&nbsp;&nbsp;&nbsp;Heartbeat_start
<LI><a href="#[7f]">&gt;&gt;</a>&nbsp;&nbsp;&nbsp;Heartbeat_on
<LI><a href="#[dd]">&gt;&gt;</a>&nbsp;&nbsp;&nbsp;ST7735_InitR
</UL>

<P><STRONG><a name="[c4]"></a>BSP_LightSensor_INTstatus</STRONG> (Thumb, 16 bytes, Stack size 0 bytes, bsp.o(i.BSP_LightSensor_INTstatus))
<BR><BR>[Called By]<UL><LI><a href="#[c2]">&gt;&gt;</a>&nbsp;&nbsp;&nbsp;BSP_BP_LightSensor_End
</UL>

<P><STRONG><a name="[c7]"></a>BSP_LightSensor_Init</STRONG> (Thumb, 76 bytes, Stack size 8 bytes, bsp.o(i.BSP_LightSensor_Init))
<BR><BR>[Stack]<UL><LI>Max Depth = 8<LI>Call Chain = BSP_LightSensor_Init
</UL>
<BR>[Calls]<UL><LI><a href="#[e2]">&gt;&gt;</a>&nbsp;&nbsp;&nbsp;i2cinit
</UL>
<BR>[Called By]<UL><LI><a href="#[c6]">&gt;&gt;</a>&nbsp;&nbsp;&nbsp;BSP_BP_LightSensor_Init
</UL>

<P><STRONG><a name="[f6]"></a>BSP_Microphone_Get</STRONG> (Thumb, 8 bytes, Stack size 0 bytes, bsp.o(i.BSP_Microphone_Get))
<BR><BR>[Called By]<UL><LI><a href="#[7f]">&gt;&gt;</a>&nbsp;&nbsp;&nbsp;Heartbeat_on
</UL>

<P><STRONG><a name="[e3]"></a>BSP_Microphone_Init</STRONG> (Thumb, 176 bytes, Stack size 8 bytes, bsp.o(i.BSP_Microphone_Init))
<BR><BR>[Stack]<UL><LI>Max Depth = 8<LI>Call Chain = BSP_Microphone_Init
</UL>
<BR>[Calls]<UL><LI><a href="#[e4]">&gt;&gt;</a>&nbsp;&nbsp;&nbsp;l_adcinit1
</UL>
<BR>[Called By]<UL><LI><a href="#[e5]">&gt;&gt;</a>&nbsp;&nbsp;&nbsp;BSP_init
</UL>

<P><STRONG><a name="[127]"></a>BSP_displayPaused</STRONG> (Thumb, 14 bytes, Stack size 0 bytes, bsp.o(i.BSP_displayPaused))
<BR><BR>[Called By]<UL><LI><a href="#[8f]">&gt;&gt;</a>&nbsp;&nbsp;&nbsp;Table_paused
</UL>

<P><STRONG><a name="[126]"></a>BSP_displayPhilStat</STRONG> (Thumb, 18 bytes, Stack size 0 bytes, bsp.o(i.BSP_displayPhilStat))
<BR><BR>[Called By]<UL><LI><a href="#[8d]">&gt;&gt;</a>&nbsp;&nbsp;&nbsp;Table_serving
<LI><a href="#[8f]">&gt;&gt;</a>&nbsp;&nbsp;&nbsp;Table_paused
<LI><a href="#[8c]">&gt;&gt;</a>&nbsp;&nbsp;&nbsp;Table_initial
</UL>

<P><STRONG><a name="[e5]"></a>BSP_init</STRONG> (Thumb, 172 bytes, Stack size 8 bytes, bsp.o(i.BSP_init))
<BR><BR>[Stack]<UL><LI>Max Depth = 24<LI>Call Chain = BSP_init &rArr; SystemCoreClockUpdate
</UL>
<BR>[Calls]<UL><LI><a href="#[e6]">&gt;&gt;</a>&nbsp;&nbsp;&nbsp;SystemCoreClockUpdate
<LI><a href="#[c1]">&gt;&gt;</a>&nbsp;&nbsp;&nbsp;BSP_BP_Joystick_Init
<LI><a href="#[eb]">&gt;&gt;</a>&nbsp;&nbsp;&nbsp;Profile_Init
<LI><a href="#[e9]">&gt;&gt;</a>&nbsp;&nbsp;&nbsp;UART1_Init
<LI><a href="#[ea]">&gt;&gt;</a>&nbsp;&nbsp;&nbsp;UART0_Init
<LI><a href="#[ec]">&gt;&gt;</a>&nbsp;&nbsp;&nbsp;BSP_randomSeed
<LI><a href="#[e3]">&gt;&gt;</a>&nbsp;&nbsp;&nbsp;BSP_Microphone_Init
<LI><a href="#[c9]">&gt;&gt;</a>&nbsp;&nbsp;&nbsp;BSP_BP_SPI_TFT_Init
<LI><a href="#[e7]">&gt;&gt;</a>&nbsp;&nbsp;&nbsp;BSP_BP_RGB_ledsInit
<LI><a href="#[e8]">&gt;&gt;</a>&nbsp;&nbsp;&nbsp;BSP_BP_BuzzerIO_Init
<LI><a href="#[bf]">&gt;&gt;</a>&nbsp;&nbsp;&nbsp;BSP_Accelerometer_Init
</UL>
[...]
</UL>
<BR>[Calls]<UL><LI><a href="#[106]">&gt;&gt;</a>&nbsp;&nbsp;&nbsp;vPortExitCritical
<LI><a href="#[105]">&gt;&gt;</a>&nbsp;&nbsp;&nbsp;vPortEnterCritical
<LI><a href="#[136]">&gt;&gt;</a>&nbsp;&nbsp;&nbsp;prvDeleteTCB
<LI><a href="#[130]">&gt;&gt;</a>&nbsp;&nbsp;&nbsp;uxListRemove
</UL>
<BR>[Called By]<UL><LI><a href="#[91]">&gt;&gt;</a>&nbsp;&nbsp;&nbsp;prvIdleTask
</UL>

<P><STRONG><a name="[136]"></a>prvDeleteTCB</STRONG> (Thumb, 2 bytes, Stack size 0 bytes, tasks.o(i.prvDeleteTCB))
<BR><BR>[Called By]<UL><LI><a href="#[135]">&gt;&gt;</a>&nbsp;&nbsp;&nbsp;prvCheckTasksWaitingTermination
</UL>

<P><STRONG><a name="[91]"></a>prvIdleTask</STRONG> (Thumb, 12 bytes, Stack size 0 bytes, tasks.o(i.prvIdleTask))
<BR><BR>[Stack]<UL><LI>Max Depth = 16<LI>Call Chain = prvIdleTask &rArr; prvCheckTasksWaitingTermination &rArr; vPortExitCritical
</UL>
<BR>[Calls]<UL><LI><a href="#[137]">&gt;&gt;</a>&nbsp;&nbsp;&nbsp;vApplicationIdleHook
<LI><a href="#[135]">&gt;&gt;</a>&nbsp;&nbsp;&nbsp;prvCheckTasksWaitingTermination
</UL>
<BR>[Address Reference Count : 1]<UL><LI> tasks.o(i.vTaskStartScheduler)
</UL>
<P><STRONG><a name="[138]"></a>prvInitialiseNewTask</STRONG> (Thumb, 178 bytes, Stack size 40 bytes, tasks.o(i.prvInitialiseNewTask))
<BR><BR>[Stack]<UL><LI>Max Depth = 40 + Unknown Stack Size
<LI>Call Chain = prvInitialiseNewTask
</UL>
<BR>[Calls]<UL><LI><a href="#[9e]">&gt;&gt;</a>&nbsp;&nbsp;&nbsp;assert_failed
<LI><a href="#[13a]">&gt;&gt;</a>&nbsp;&nbsp;&nbsp;pxPortInitialiseStack
<LI><a href="#[139]">&gt;&gt;</a>&nbsp;&nbsp;&nbsp;vListInitialiseItem
<LI><a href="#[b3]">&gt;&gt;</a>&nbsp;&nbsp;&nbsp;__aeabi_memset
</UL>
<BR>[Called By]<UL><LI><a href="#[10f]">&gt;&gt;</a>&nbsp;&nbsp;&nbsp;xTaskCreateStatic
</UL>

<P><STRONG><a name="[133]"></a>prvInitialiseTaskLists</STRONG> (Thumb, 64 bytes, Stack size 8 bytes, tasks.o(i.prvInitialiseTaskLists))
<BR><BR>[Stack]<UL><LI>Max Depth = 8<LI>Call Chain = prvInitialiseTaskLists
</UL>
<BR>[Calls]<UL><LI><a href="#[13b]">&gt;&gt;</a>&nbsp;&nbsp;&nbsp;vListInitialise
</UL>
<BR>[Called By]<UL><LI><a href="#[132]">&gt;&gt;</a>&nbsp;&nbsp;&nbsp;prvAddNewTaskToReadyList
</UL>

<P><STRONG><a name="[145]"></a>prvResetNextTaskUnblockTime</STRONG> (Thumb, 42 bytes, Stack size 0 bytes, tasks.o(i.prvResetNextTaskUnblockTime))
<BR><BR>[Called By]<UL><LI><a href="#[ef]">&gt;&gt;</a>&nbsp;&nbsp;&nbsp;xTaskResumeAll
<LI><a href="#[123]">&gt;&gt;</a>&nbsp;&nbsp;&nbsp;xTaskIncrementTick
</UL>

<P><STRONG><a name="[90]"></a>prvTaskExitError</STRONG> (Thumb, 46 bytes, Stack size 0 bytes, port.o(i.prvTaskExitError))
<BR><BR>[Calls]<UL><LI><a href="#[9e]">&gt;&gt;</a>&nbsp;&nbsp;&nbsp;assert_failed
</UL>
<BR>[Address Reference Count : 1]<UL><LI> port.o(i.pxPortInitialiseStack)
</UL>
<P><STRONG><a name="[7d]"></a>Heartbeat_initial</STRONG> (Thumb, 140 bytes, Stack size 16 bytes, blinky.o(i.Heartbeat_initial))
<BR><BR>[Stack]<UL><LI>Max Depth = 132<LI>Call Chain = Heartbeat_initial &rArr; BSP_LCD_DrawString &rArr; BSP_LCD_DrawChar &rArr; setAddrWindow &rArr; BSP_BP_SPIwritedata
</UL>
<BR>[Calls]<UL><LI><a href="#[bd]">&gt;&gt;</a>&nbsp;&nbsp;&nbsp;QActive_subscribe
<LI><a href="#[f2]">&gt;&gt;</a>&nbsp;&nbsp;&nbsp;BSP_ledRedOff
<LI><a href="#[dc]">&gt;&gt;</a>&nbsp;&nbsp;&nbsp;BSP_LCD_Init
<LI><a href="#[d9]">&gt;&gt;</a>&nbsp;&nbsp;&nbsp;BSP_LCD_DrawString
<LI><a href="#[c1]">&gt;&gt;</a>&nbsp;&nbsp;&nbsp;BSP_BP_Joystick_Init
</UL>
<BR>[Address Reference Count : 1]<UL><LI> blinky.o(i.Heartbeat_ctor)
</UL>
<P><STRONG><a name="[7e]"></a>Heartbeat_off</STRONG> (Thumb, 28 bytes, Stack size 0 bytes, blinky.o(i.Heartbeat_off))
<BR>[Address Reference Count : 3]<UL><LI> blinky.o(i.Heartbeat_on)
<LI> blinky.o(i.Heartbeat_start)
<LI> blinky.o(i.Heartbeat_initial)
</UL>
<P><STRONG><a name="[7f]"></a>Heartbeat_on</STRONG> (Thumb, 214 bytes, Stack size 16 bytes, blinky.o(i.Heartbeat_on))
<BR><BR>[Stack]<UL><LI>Max Depth = 156<LI>Call Chain = Heartbeat_on &rArr; BSP_LCD_OutUDec4 &rArr; BSP_LCD_DrawString &rArr; BSP_LCD_DrawChar &rArr; setAddrWindow &rArr; BSP_BP_SPIwritedata
</UL>
<BR>[Calls]<UL><LI><a href="#[f6]">&gt;&gt;</a>&nbsp;&nbsp;&nbsp;BSP_Microphone_Get
<LI><a href="#[f8]">&gt;&gt;</a>&nbsp;&nbsp;&nbsp;BSP_LCD_SetCursor
<LI><a href="#[de]">&gt;&gt;</a>&nbsp;&nbsp;&nbsp;BSP_LCD_OutUDec4
<LI><a href="#[f4]">&gt;&gt;</a>&nbsp;&nbsp;&nbsp;BSP_Joystick_Trigger
<LI><a href="#[f7]">&gt;&gt;</a>&nbsp;&nbsp;&nbsp;BSP_Joystick_Input
<LI><a href="#[f3]">&gt;&gt;</a>&nbsp;&nbsp;&nbsp;BSP_BP_LedBlueDuty
<LI><a href="#[f9]">&gt;&gt;</a>&nbsp;&nbsp;&nbsp;BSP_Accelerometer_Input
<LI><a href="#[f5]">&gt;&gt;</a>&nbsp;&nbsp;&nbsp;BSP_AccelerometerGet
</UL>
<BR>[Address Reference Count : 1]<UL><LI> blinky.o(i.Heartbeat_off)
</UL>
<P><STRONG><a name="[80]"></a>Heartbeat_start</STRONG> (Thumb, 228 bytes, Stack size 24 bytes, blinky.o(i.Heartbeat_start))
<BR><BR>[Stack]<UL><LI>Max Depth = 164 + Unknown Stack Size
<LI>Call Chain = Heartbeat_start &rArr; BSP_LCD_OutUDec5 &rArr; BSP_LCD_DrawString &rArr; BSP_LCD_DrawChar &rArr; setAddrWindow &rArr; BSP_BP_SPIwritedata
</UL>
<BR>[Calls]<UL><LI><a href="#[fb]">&gt;&gt;</a>&nbsp;&nbsp;&nbsp;QTimeEvt_disarm
<LI><a href="#[fa]">&gt;&gt;</a>&nbsp;&nbsp;&nbsp;QTimeEvt_armX
<LI><a href="#[fc]">&gt;&gt;</a>&nbsp;&nbsp;&nbsp;UART1_OutString
<LI><a href="#[f8]">&gt;&gt;</a>&nbsp;&nbsp;&nbsp;BSP_LCD_SetCursor
<LI><a href="#[e0]">&gt;&gt;</a>&nbsp;&nbsp;&nbsp;BSP_LCD_OutUDec5
<LI><a href="#[de]">&gt;&gt;</a>&nbsp;&nbsp;&nbsp;BSP_LCD_OutUDec4
<LI><a href="#[d9]">&gt;&gt;</a>&nbsp;&nbsp;&nbsp;BSP_LCD_DrawString
<LI><a href="#[f3]">&gt;&gt;</a>&nbsp;&nbsp;&nbsp;BSP_BP_LedBlueDuty
<LI><a href="#[fe]">&gt;&gt;</a>&nbsp;&nbsp;&nbsp;BSP_BP_Buzzer_Freq
<LI><a href="#[b3]">&gt;&gt;</a>&nbsp;&nbsp;&nbsp;__aeabi_memset
<LI><a href="#[fd]">&gt;&gt;</a>&nbsp;&nbsp;&nbsp;strlen
</UL>
<BR>[Address Reference Count : 3]<UL><LI> blinky.o(i.Heartbeat_off)
<LI> blinky.o(i.Heartbeat_on)
<LI> blinky.o(i.Heartbeat_stop)
</UL>
<P><STRONG><a name="[81]"></a>Heartbeat_stop</STRONG> (Thumb, 42 bytes, Stack size 16 bytes, blinky.o(i.Heartbeat_stop))
<BR><BR>[Stack]<UL><LI>Max Depth = 16<LI>Call Chain = Heartbeat_stop
</UL>
<BR>[Calls]<UL><LI><a href="#[fe]">&gt;&gt;</a>&nbsp;&nbsp;&nbsp;BSP_BP_Buzzer_Freq
</UL>
<BR>[Address Reference Count : 1]<UL><LI> blinky.o(i.Heartbeat_start)
</UL>
<P><STRONG><a name="[d4]"></a>L_waitTillReady</STRONG> (Thumb, 16 bytes, Stack size 0 bytes, bsp.o(i.L_waitTillReady))
<BR><BR>[Called By]<UL><LI><a href="#[d5]">&gt;&gt;</a>&nbsp;&nbsp;&nbsp;BSP_I2C_Send3
<LI><a href="#[d3]">&gt;&gt;</a>&nbsp;&nbsp;&nbsp;BSP_I2C_Recv2
</UL>

<P><STRONG><a name="[116]"></a>__NVIC_EnableIRQ</STRONG> (Thumb, 26 bytes, Stack size 0 bytes, bsp.o(i.__NVIC_EnableIRQ))
<BR><BR>[Called By]<UL><LI><a href="#[114]">&gt;&gt;</a>&nbsp;&nbsp;&nbsp;QF_onStartup
</UL>

<P><STRONG><a name="[115]"></a>__NVIC_SetPriority</STRONG> (Thumb, 32 bytes, Stack size 8 bytes, bsp.o(i.__NVIC_SetPriority))
<BR><BR>[Stack]<UL><LI>Max Depth = 8<LI>Call Chain = __NVIC_SetPriority
</UL>
<BR>[Called By]<UL><LI><a href="#[114]">&gt;&gt;</a>&nbsp;&nbsp;&nbsp;QF_onStartup
</UL>

<P><STRONG><a name="[c0]"></a>adcinit0</STRONG> (Thumb, 58 bytes, Stack size 0 bytes, bsp.o(i.adcinit0))
<BR><BR>[Called By]<UL><LI><a href="#[c1]">&gt;&gt;</a>&nbsp;&nbsp;&nbsp;BSP_BP_Joystick_Init
<LI><a href="#[bf]">&gt;&gt;</a>&nbsp;&nbsp;&nbsp;BSP_Accelerometer_Init
</UL>

<P><STRONG><a name="[e2]"></a>i2cinit</STRONG> (Thumb, 126 bytes, Stack size 0 bytes, bsp.o(i.i2cinit))
<BR><BR>[Called By]<UL><LI><a href="#[c7]">&gt;&gt;</a>&nbsp;&nbsp;&nbsp;BSP_LightSensor_Init
</UL>

<P><STRONG><a name="[e4]"></a>l_adcinit1</STRONG> (Thumb, 58 bytes, Stack size 0 bytes, bsp.o(i.l_adcinit1))
<BR><BR>[Called By]<UL><LI><a href="#[e3]">&gt;&gt;</a>&nbsp;&nbsp;&nbsp;BSP_Microphone_Init
</UL>

<P><STRONG><a name="[84]"></a>Philo_eating</STRONG> (Thumb, 166 bytes, Stack size 24 bytes, philo.o(i.Philo_eating))
<BR><BR>[Stack]<UL><LI>Max Depth = 224<LI>Call Chain = Philo_eating &rArr; QF_publish_ &rArr; xTaskResumeAll &rArr; xTaskIncrementTick &rArr; vApplicationTickHook &rArr; QF_tickXFromISR_ &rArr; QActive_postFromISR_ &rArr; vTaskNotifyGiveFromISR &rArr; vPortValidateInterruptPriority
</UL>
<BR>[Calls]<UL><LI><a href="#[101]">&gt;&gt;</a>&nbsp;&nbsp;&nbsp;QF_publish_
<LI><a href="#[100]">&gt;&gt;</a>&nbsp;&nbsp;&nbsp;QF_newX_
<LI><a href="#[fa]">&gt;&gt;</a>&nbsp;&nbsp;&nbsp;QTimeEvt_armX
<LI><a href="#[b2]">&gt;&gt;</a>&nbsp;&nbsp;&nbsp;Q_onAssert
<LI><a href="#[ed]">&gt;&gt;</a>&nbsp;&nbsp;&nbsp;BSP_random
</UL>
<BR>[Address Reference Count : 1]<UL><LI> philo.o(i.Philo_hungry)
</UL>
<P><STRONG><a name="[85]"></a>Philo_hungry</STRONG> (Thumb, 152 bytes, Stack size 24 bytes, philo.o(i.Philo_hungry))
<BR><BR>[Stack]<UL><LI>Max Depth = 80<LI>Call Chain = Philo_hungry &rArr; QF_newX_ &rArr; QMPool_get &rArr; vPortExitCritical
</UL>
<BR>[Calls]<UL><LI><a href="#[100]">&gt;&gt;</a>&nbsp;&nbsp;&nbsp;QF_newX_
<LI><a href="#[b2]">&gt;&gt;</a>&nbsp;&nbsp;&nbsp;Q_onAssert
</UL>
<BR>[Address Reference Count : 1]<UL><LI> philo.o(i.Philo_thinking)
</UL>
<P><STRONG><a name="[82]"></a>Philo_initial</STRONG> (Thumb, 44 bytes, Stack size 16 bytes, philo.o(i.Philo_initial))
<BR><BR>[Stack]<UL><LI>Max Depth = 40<LI>Call Chain = Philo_initial &rArr; QActive_subscribe &rArr; vPortExitCritical
</UL>
<BR>[Calls]<UL><LI><a href="#[bd]">&gt;&gt;</a>&nbsp;&nbsp;&nbsp;QActive_subscribe
</UL>
<BR>[Address Reference Count : 1]<UL><LI> philo.o(i.Philo_ctor)
</UL>
<P><STRONG><a name="[83]"></a>Philo_thinking</STRONG> (Thumb, 150 bytes, Stack size 24 bytes, philo.o(i.Philo_thinking))
<BR><BR>[Stack]<UL><LI>Max Depth = 224<LI>Call Chain = Philo_thinking &rArr; BSP_random &rArr; xTaskResumeAll &rArr; xTaskIncrementTick &rArr; vApplicationTickHook &rArr; QF_tickXFromISR_ &rArr; QActive_postFromISR_ &rArr; vTaskNotifyGiveFromISR &rArr; vPortValidateInterruptPriority
</UL>
<BR>[Calls]<UL><LI><a href="#[fb]">&gt;&gt;</a>&nbsp;&nbsp;&nbsp;QTimeEvt_disarm
<LI><a href="#[fa]">&gt;&gt;</a>&nbsp;&nbsp;&nbsp;QTimeEvt_armX
<LI><a href="#[b2]">&gt;&gt;</a>&nbsp;&nbsp;&nbsp;Q_onAssert
<LI><a href="#[ed]">&gt;&gt;</a>&nbsp;&nbsp;&nbsp;BSP_random
</UL>
<BR>[Address Reference Count : 2]<UL><LI> philo.o(i.Philo_eating)
<LI> philo.o(i.Philo_initial)
</UL>
<P><STRONG><a name="[8e]"></a>Table_active</STRONG> (Thumb, 46 bytes, Stack size 16 bytes, table.o(i.Table_active))
<BR><BR>[Stack]<UL><LI>Max Depth = 16<LI>Call Chain = Table_active
</UL>
<BR>[Calls]<UL><LI><a href="#[b2]">&gt;&gt;</a>&nbsp;&nbsp;&nbsp;Q_onAssert
</UL>
<BR>[Address Reference Count : 2]<UL><LI> table.o(i.Table_paused)
<LI> table.o(i.Table_serving)
</UL>
<P><STRONG><a name="[8c]"></a>Table_initial</STRONG> (Thumb, 78 bytes, Stack size 16 bytes, table.o(i.Table_initial))
<BR><BR>[Stack]<UL><LI>Max Depth = 40<LI>Call Chain = Table_initial &rArr; QActive_subscribe &rArr; vPortExitCritical
</UL>
<BR>[Calls]<UL><LI><a href="#[bd]">&gt;&gt;</a>&nbsp;&nbsp;&nbsp;QActive_subscribe
<LI><a href="#[126]">&gt;&gt;</a>&nbsp;&nbsp;&nbsp;BSP_displayPhilStat
</UL>
<BR>[Address Reference Count : 1]<UL><LI> table.o(i.Table_ctor)
</UL>
<P><STRONG><a name="[8f]"></a>Table_paused</STRONG> (Thumb, 222 bytes, Stack size 24 bytes, table.o(i.Table_paused))
<BR><BR>[Stack]<UL><LI>Max Depth = 24<LI>Call Chain = Table_paused
</UL>
<BR>[Calls]<UL><LI><a href="#[b2]">&gt;&gt;</a>&nbsp;&nbsp;&nbsp;Q_onAssert
<LI><a href="#[126]">&gt;&gt;</a>&nbsp;&nbsp;&nbsp;BSP_displayPhilStat
<LI><a href="#[127]">&gt;&gt;</a>&nbsp;&nbsp;&nbsp;BSP_displayPaused
</UL>
<BR>[Address Reference Count : 1]<UL><LI> table.o(i.Table_serving)
</UL>
<P><STRONG><a name="[8d]"></a>Table_serving</STRONG> (Thumb, 568 bytes, Stack size 32 bytes, table.o(i.Table_serving))
<BR><BR>[Stack]<UL><LI>Max Depth = 232<LI>Call Chain = Table_serving &rArr; QF_publish_ &rArr; xTaskResumeAll &rArr; xTaskIncrementTick &rArr; vApplicationTickHook &rArr; QF_tickXFromISR_ &rArr; QActive_postFromISR_ &rArr; vTaskNotifyGiveFromISR &rArr; vPortValidateInterruptPriority
</UL>
<BR>[Calls]<UL><LI><a href="#[101]">&gt;&gt;</a>&nbsp;&nbsp;&nbsp;QF_publish_
<LI><a href="#[100]">&gt;&gt;</a>&nbsp;&nbsp;&nbsp;QF_newX_
<LI><a href="#[b2]">&gt;&gt;</a>&nbsp;&nbsp;&nbsp;Q_onAssert
<LI><a href="#[126]">&gt;&gt;</a>&nbsp;&nbsp;&nbsp;BSP_displayPhilStat
</UL>
<BR>[Address Reference Count : 2]<UL><LI> table.o(i.Table_initial)
<LI> table.o(i.Table_paused)
</UL>
<P><STRONG><a name="[dd]"></a>ST7735_InitR</STRONG> (Thumb, 90 bytes, Stack size 8 bytes, bsp_bp.o(i.ST7735_InitR))
<BR><BR>[Stack]<UL><LI>Max Depth = 84<LI>Call Chain = ST7735_InitR &rArr; BSP_LCD_FillScreen &rArr; BSP_LCD_FillRect &rArr; setAddrWindow &rArr; BSP_BP_SPIwritedata
</UL>
<BR>[Calls]<UL><LI><a href="#[f8]">&gt;&gt;</a>&nbsp;&nbsp;&nbsp;BSP_LCD_SetCursor
<LI><a href="#[db]">&gt;&gt;</a>&nbsp;&nbsp;&nbsp;BSP_LCD_FillScreen
<LI><a href="#[121]">&gt;&gt;</a>&nbsp;&nbsp;&nbsp;commandList
<LI><a href="#[d1]">&gt;&gt;</a>&nbsp;&nbsp;&nbsp;BSP_BP_SPIwritedata
<LI><a href="#[cf]">&gt;&gt;</a>&nbsp;&nbsp;&nbsp;BSP_BP_SPIwritecommand
<LI><a href="#[c9]">&gt;&gt;</a>&nbsp;&nbsp;&nbsp;BSP_BP_SPI_TFT_Init
</UL>
<BR>[Called By]<UL><LI><a href="#[dc]">&gt;&gt;</a>&nbsp;&nbsp;&nbsp;BSP_LCD_Init
</UL>

<P><STRONG><a name="[121]"></a>commandList</STRONG> (Thumb, 86 bytes, Stack size 24 bytes, bsp_bp.o(i.commandList))
<BR><BR>[Stack]<UL><LI>Max Depth = 32<LI>Call Chain = commandList &rArr; BSP_Delay1ms
</UL>
<BR>[Calls]<UL><LI><a href="#[cc]">&gt;&gt;</a>&nbsp;&nbsp;&nbsp;BSP_Delay1ms
<LI><a href="#[d1]">&gt;&gt;</a>&nbsp;&nbsp;&nbsp;BSP_BP_SPIwritedata
<LI><a href="#[cf]">&gt;&gt;</a>&nbsp;&nbsp;&nbsp;BSP_BP_SPIwritecommand
</UL>
<BR>[Called By]<UL><LI><a href="#[dd]">&gt;&gt;</a>&nbsp;&nbsp;&nbsp;ST7735_InitR
</UL>

<P><STRONG><a name="[12c]"></a>fillmessage</STRONG> (Thumb, 64 bytes, Stack size 12 bytes, bsp_bp.o(i.fillmessage))
<BR><BR>[Stack]<UL><LI>Max Depth = 12 + In Cycle
<LI>Call Chain = fillmessage &rArr;  fillmessage (Cycle)
</UL>
<BR>[Calls]<UL><LI><a href="#[12c]">&gt;&gt;</a>&nbsp;&nbsp;&nbsp;fillmessage
</UL>
<BR>[Called By]<UL><LI><a href="#[e1]">&gt;&gt;</a>&nbsp;&nbsp;&nbsp;fillmessage5
<LI><a href="#[df]">&gt;&gt;</a>&nbsp;&nbsp;&nbsp;fillmessage4
<LI><a href="#[12c]">&gt;&gt;</a>&nbsp;&nbsp;&nbsp;fillmessage
</UL>

<P><STRONG><a name="[df]"></a>fillmessage4</STRONG> (Thumb, 90 bytes, Stack size 8 bytes, bsp_bp.o(i.fillmessage4))
<BR><BR>[Stack]<UL><LI>Max Depth = 20<LI>Call Chain = fillmessage4 &rArr; fillmessage &rArr;  fillmessage (Cycle)
</UL>
<BR>[Calls]<UL><LI><a href="#[12c]">&gt;&gt;</a>&nbsp;&nbsp;&nbsp;fillmessage
</UL>
<BR>[Called By]<UL><LI><a href="#[de]">&gt;&gt;</a>&nbsp;&nbsp;&nbsp;BSP_LCD_OutUDec4
</UL>

<P><STRONG><a name="[e1]"></a>fillmessage5</STRONG> (Thumb, 116 bytes, Stack size 8 bytes, bsp_bp.o(i.fillmessage5))
<BR><BR>[Stack]<UL><LI>Max Depth = 20<LI>Call Chain = fillmessage5 &rArr; fillmessage &rArr;  fillmessage (Cycle)
</UL>
<BR>[Calls]<UL><LI><a href="#[12c]">&gt;&gt;</a>&nbsp;&nbsp;&nbsp;fillmessage
</UL>
<BR>[Called By]<UL><LI><a href="#[e0]">&gt;&gt;</a>&nbsp;&nbsp;&nbsp;BSP_LCD_OutUDec5
</UL>

<P><STRONG><a name="[c5]"></a>lightsensorend</STRONG> (Thumb, 80 bytes, Stack size 16 bytes, bsp_bp.o(i.lightsensorend))
<BR><BR>[Stack]<UL><LI>Max Depth = 40<LI>Call Chain = lightsensorend &rArr; BSP_I2C_Send3
</UL>
<BR>[Calls]<UL><LI><a href="#[d5]">&gt;&gt;</a>&nbsp;&nbsp;&nbsp;BSP_I2C_Send3
<LI><a href="#[12d]">&gt;&gt;</a>&nbsp;&nbsp;&nbsp;BSP_I2C_Send1
<LI><a href="#[d3]">&gt;&gt;</a>&nbsp;&nbsp;&nbsp;BSP_I2C_Recv2
</UL>
<BR>[Called By]<UL><LI><a href="#[c2]">&gt;&gt;</a>&nbsp;&nbsp;&nbsp;BSP_BP_LightSensor_End
</UL>

<P><STRONG><a name="[c3]"></a>lightsensorstart</STRONG> (Thumb, 36 bytes, Stack size 8 bytes, bsp_bp.o(i.lightsensorstart))
<BR><BR>[Stack]<UL><LI>Max Depth = 32<LI>Call Chain = lightsensorstart &rArr; BSP_I2C_Send3
</UL>
<BR>[Calls]<UL><LI><a href="#[d5]">&gt;&gt;</a>&nbsp;&nbsp;&nbsp;BSP_I2C_Send3
<LI><a href="#[d3]">&gt;&gt;</a>&nbsp;&nbsp;&nbsp;BSP_I2C_Recv2
</UL>
<BR>[Called By]<UL><LI><a href="#[c8]">&gt;&gt;</a>&nbsp;&nbsp;&nbsp;BSP_BP_LightSensor_Start
<LI><a href="#[c2]">&gt;&gt;</a>&nbsp;&nbsp;&nbsp;BSP_BP_LightSensor_End
</UL>

<P><STRONG><a name="[d8]"></a>pushColor</STRONG> (Thumb, 18 bytes, Stack size 8 bytes, bsp_bp.o(i.pushColor))
<BR><BR>[Stack]<UL><LI>Max Depth = 12<LI>Call Chain = pushColor &rArr; BSP_BP_SPIwritedata
</UL>
<BR>[Calls]<UL><LI><a href="#[d1]">&gt;&gt;</a>&nbsp;&nbsp;&nbsp;BSP_BP_SPIwritedata
</UL>
<BR>[Called By]<UL><LI><a href="#[d6]">&gt;&gt;</a>&nbsp;&nbsp;&nbsp;BSP_LCD_DrawChar
</UL>

<P><STRONG><a name="[d7]"></a>setAddrWindow</STRONG> (Thumb, 106 bytes, Stack size 24 bytes, bsp_bp.o(i.setAddrWindow))
<BR><BR>[Stack]<UL><LI>Max Depth = 28<LI>Call Chain = setAddrWindow &rArr; BSP_BP_SPIwritedata
</UL>
<BR>[Calls]<UL><LI><a href="#[d1]">&gt;&gt;</a>&nbsp;&nbsp;&nbsp;BSP_BP_SPIwritedata
<LI><a href="#[cf]">&gt;&gt;</a>&nbsp;&nbsp;&nbsp;BSP_BP_SPIwritecommand
</UL>
<BR>[Called By]<UL><LI><a href="#[da]">&gt;&gt;</a>&nbsp;&nbsp;&nbsp;BSP_LCD_FillRect
<LI><a href="#[d6]">&gt;&gt;</a>&nbsp;&nbsp;&nbsp;BSP_LCD_DrawChar
</UL>

<P><STRONG><a name="[8a]"></a>Sensor_busy</STRONG> (Thumb, 102 bytes, Stack size 24 bytes, lightsensor.o(i.Sensor_busy))
<BR><BR>[Stack]<UL><LI>Max Depth = 80<LI>Call Chain = Sensor_busy &rArr; QF_newX_ &rArr; QMPool_get &rArr; vPortExitCritical
</UL>
<BR>[Calls]<UL><LI><a href="#[100]">&gt;&gt;</a>&nbsp;&nbsp;&nbsp;QF_newX_
</UL>
<BR>[Address Reference Count : 1]<UL><LI> lightsensor.o(i.Sensor_idle)
</UL>
<P><STRONG><a name="[87]"></a>Sensor_idle</STRONG> (Thumb, 58 bytes, Stack size 16 bytes, lightsensor.o(i.Sensor_idle))
<BR><BR>[Stack]<UL><LI>Max Depth = 16<LI>Call Chain = Sensor_idle
</UL>
<BR>[Address Reference Count : 2]<UL><LI> lightsensor.o(i.Sensor_busy)
<LI> lightsensor.o(i.Sensor_processing)
</UL>
<P><STRONG><a name="[89]"></a>Sensor_initial</STRONG> (Thumb, 24 bytes, Stack size 16 bytes, lightsensor.o(i.Sensor_initial))
<BR><BR>[Stack]<UL><LI>Max Depth = 32<LI>Call Chain = Sensor_initial &rArr; BSP_BP_LightSensor_Init &rArr; BSP_LightSensor_Init
</UL>
<BR>[Calls]<UL><LI><a href="#[c6]">&gt;&gt;</a>&nbsp;&nbsp;&nbsp;BSP_BP_LightSensor_Init
</UL>
<BR>[Address Reference Count : 1]<UL><LI> lightsensor.o(i.Sensor_ctor)
</UL>
<P><STRONG><a name="[8b]"></a>Sensor_polling</STRONG> (Thumb, 124 bytes, Stack size 16 bytes, lightsensor.o(i.Sensor_polling))
<BR><BR>[Stack]<UL><LI>Max Depth = 72<LI>Call Chain = Sensor_polling &rArr; BSP_BP_LightSensor_End &rArr; lightsensorend &rArr; BSP_I2C_Send3
</UL>
<BR>[Calls]<UL><LI><a href="#[fa]">&gt;&gt;</a>&nbsp;&nbsp;&nbsp;QTimeEvt_armX
<LI><a href="#[c8]">&gt;&gt;</a>&nbsp;&nbsp;&nbsp;BSP_BP_LightSensor_Start
<LI><a href="#[c2]">&gt;&gt;</a>&nbsp;&nbsp;&nbsp;BSP_BP_LightSensor_End
</UL>
<BR>[Address Reference Count : 2]<UL><LI> lightsensor.o(i.Sensor_initial)
<LI> lightsensor.o(i.Sensor_processing)
</UL>
<P><STRONG><a name="[88]"></a>Sensor_processing</STRONG> (Thumb, 28 bytes, Stack size 0 bytes, lightsensor.o(i.Sensor_processing))
<BR>[Address Reference Count : 3]<UL><LI> lightsensor.o(i.Sensor_busy)
<LI> lightsensor.o(i.Sensor_idle)
<LI> lightsensor.o(i.Sensor_polling)
</UL>
<P><STRONG><a name="[7a]"></a>BLE_uart_initial</STRONG> (Thumb, 42 bytes, Stack size 16 bytes, ble_uart.o(i.BLE_uart_initial))
<BR><BR>[Stack]<UL><LI>Max Depth = 40<LI>Call Chain = BLE_uart_initial &rArr; QActive_subscribe &rArr; vPortExitCritical
</UL>
<BR>[Calls]<UL><LI><a href="#[bd]">&gt;&gt;</a>&nbsp;&nbsp;&nbsp;QActive_subscribe
</UL>
<BR>[Address Reference Count : 1]<UL><LI> ble_uart.o(i.BLE_uart_ctor)
</UL>
<P><STRONG><a name="[7b]"></a>BLE_uart_start</STRONG> (Thumb, 68 bytes, Stack size 16 bytes, ble_uart.o(i.BLE_uart_start))
<BR><BR>[Stack]<UL><LI>Max Depth = 20<LI>Call Chain = BLE_uart_start &rArr; UART0_OutString
</UL>
<BR>[Calls]<UL><LI><a href="#[be]">&gt;&gt;</a>&nbsp;&nbsp;&nbsp;UART0_OutString
</UL>
<BR>[Address Reference Count : 1]<UL><LI> ble_uart.o(i.BLE_uart_initial)
</UL><P>
<H3>
Undefined Global Symbols
</H3><HR></body></html>
