Component: ARM Compiler 5.06 update 7 (build 960) Tool: armlink [4d3601]

==============================================================================

Section Cross References

    bsp.o(i.BSP_BP_BuzzerIO_Init) refers to bsp.o(.data) for PWMCycles
    bsp.o(i.BSP_BP_Buzzer_Set) refers to bsp.o(.data) for PWMCycles
    bsp.o(i.BSP_init) refers to system_tm4c123gh6pm.o(i.SystemCoreClockUpdate) for SystemCoreClockUpdate
    bsp.o(i.BSP_init) refers to bsp.o(i.BSP_BP_BuzzerIO_Init) for BSP_BP_BuzzerIO_Init
    bsp.o(i.BSP_init) refers to bsp.o(i.BSP_randomSeed) for BSP_randomSeed
    bsp.o(i.BSP_random) refers to tasks.o(i.vTaskSuspendAll) for vTaskSuspendAll
    bsp.o(i.BSP_random) refers to tasks.o(i.xTaskResumeAll) for xTaskResumeAll
    bsp.o(i.BSP_random) refers to bsp.o(.data) for l_rnd
    bsp.o(i.BSP_randomSeed) refers to bsp.o(.data) for l_rnd
    bsp.o(i.GPIOPortA_IRQHandler) refers to qf_port.o(i.QF_newXFromISR_) for QF_newXFromISR_
    bsp.o(i.GPIOPortA_IRQHandler) refers to qf_port.o(i.QActive_postFromISR_) for QActive_postFromISR_
    bsp.o(i.GPIOPortA_IRQHandler) refers to table.o(.constdata) for AO_Table
    bsp.o(i.QF_onStartup) refers to bsp.o(i.__NVIC_SetPriority) for __NVIC_SetPriority
    bsp.o(i.QF_onStartup) refers to system_tm4c123gh6pm.o(.data) for SystemCoreClock
    bsp.o(i.vApplicationGetIdleTaskMemory) refers to bsp.o(.bss) for xIdleTaskTCB
    bsp.o(i.vApplicationStackOverflowHook) refers to bsp.o(i.Q_onAssert) for Q_onAssert
    bsp.o(i.vApplicationStackOverflowHook) refers to bsp.o(.constdata) for Q_this_module_
    bsp.o(i.vApplicationTickHook) refers to qf_port.o(i.QF_tickXFromISR_) for QF_tickXFromISR_
    bsp.o(i.vApplicationTickHook) refers to qf_port.o(i.QF_newXFromISR_) for QF_newXFromISR_
    bsp.o(i.vApplicationTickHook) refers to qf_port.o(i.QF_publishFromISR_) for QF_publishFromISR_
    bsp.o(i.vApplicationTickHook) refers to qf_port.o(i.QActive_postFromISR_) for QActive_postFromISR_
    bsp.o(i.vApplicationTickHook) refers to bsp.o(.data) for buttons
    bsp.o(i.vApplicationTickHook) refers to table.o(.constdata) for AO_Table
    bsp.o(i.vApplicationTickHook) refers to blinky.o(.constdata) for AO_Heartbeat
    bsp.o(i.vApplicationTickHook) refers to bsp.o(.constdata) for btn4prsEvt
    main.o(i.main) refers to philo.o(i.Philo_ctor) for Philo_ctor
    main.o(i.main) refers to table.o(i.Table_ctor) for Table_ctor
    main.o(i.main) refers to blinky.o(i.Heartbeat_ctor) for Heartbeat_ctor
    main.o(i.main) refers to qf_port.o(i.QF_init) for QF_init
    main.o(i.main) refers to qf_ps.o(i.QF_psInit) for QF_psInit
    main.o(i.main) refers to qf_dyn.o(i.QF_poolInit) for QF_poolInit
    main.o(i.main) refers to bsp.o(i.BSP_init) for BSP_init
    main.o(i.main) refers to qf_port.o(i.QActive_setAttr) for QActive_setAttr
    main.o(i.main) refers to bsp.o(i.Q_onAssert) for Q_onAssert
    main.o(i.main) refers to qf_port.o(i.QF_run) for QF_run
    main.o(i.main) refers to main.o(.bss) for subscrSto
    main.o(i.main) refers to philo.o(.constdata) for AO_Philo
    main.o(i.main) refers to main.o(.constdata) for Q_this_module_
    main.o(i.main) refers to table.o(.constdata) for AO_Table
    main.o(i.main) refers to blinky.o(.constdata) for AO_Heartbeat
    philo.o(i.Philo_ctor) refers to qf_qact.o(i.QActive_ctor) for QActive_ctor
    philo.o(i.Philo_ctor) refers to qf_time.o(i.QTimeEvt_ctorX) for QTimeEvt_ctorX
    philo.o(i.Philo_ctor) refers to philo.o(.bss) for l_philo
    philo.o(i.Philo_ctor) refers to philo.o(i.Philo_initial) for Philo_initial
    philo.o(i.Philo_eating) refers to bsp.o(i.BSP_random) for BSP_random
    philo.o(i.Philo_eating) refers to qf_time.o(i.QTimeEvt_armX) for QTimeEvt_armX
    philo.o(i.Philo_eating) refers to qf_dyn.o(i.QF_newX_) for QF_newX_
    philo.o(i.Philo_eating) refers to qf_ps.o(i.QF_publish_) for QF_publish_
    philo.o(i.Philo_eating) refers to bsp.o(i.Q_onAssert) for Q_onAssert
    philo.o(i.Philo_eating) refers to philo.o(.bss) for l_philo
    philo.o(i.Philo_eating) refers to philo.o(i.Philo_thinking) for Philo_thinking
    philo.o(i.Philo_eating) refers to philo.o(.constdata) for Q_this_module_
    philo.o(i.Philo_eating) refers to qep_hsm.o(i.QHsm_top) for QHsm_top
    philo.o(i.Philo_hungry) refers to qf_dyn.o(i.QF_newX_) for QF_newX_
    philo.o(i.Philo_hungry) refers to bsp.o(i.Q_onAssert) for Q_onAssert
    philo.o(i.Philo_hungry) refers to philo.o(.bss) for l_philo
    philo.o(i.Philo_hungry) refers to table.o(.constdata) for AO_Table
    philo.o(i.Philo_hungry) refers to philo.o(i.Philo_eating) for Philo_eating
    philo.o(i.Philo_hungry) refers to philo.o(.constdata) for Q_this_module_
    philo.o(i.Philo_hungry) refers to qep_hsm.o(i.QHsm_top) for QHsm_top
    philo.o(i.Philo_initial) refers to qf_ps.o(i.QActive_subscribe) for QActive_subscribe
    philo.o(i.Philo_initial) refers to philo.o(.data) for registered
    philo.o(i.Philo_initial) refers to philo.o(i.Philo_thinking) for Philo_thinking
[...]
    C:\Users\Itai\Documents\Embedded_New\QM_projects\keil_V\qpc\src\qf\qf_act.c 0x00000000   Number         0  qf_act.o ABSOLUTE
    C:\Users\Itai\Documents\Embedded_New\QM_projects\keil_V\qpc\src\qf\qf_actq.c 0x00000000   Number         0  qf_actq.o ABSOLUTE
    C:\Users\Itai\Documents\Embedded_New\QM_projects\keil_V\qpc\src\qf\qf_defer.c 0x00000000   Number         0  qf_defer.o ABSOLUTE
    C:\Users\Itai\Documents\Embedded_New\QM_projects\keil_V\qpc\src\qf\qf_dyn.c 0x00000000   Number         0  qf_dyn.o ABSOLUTE
    C:\Users\Itai\Documents\Embedded_New\QM_projects\keil_V\qpc\src\qf\qf_mem.c 0x00000000   Number         0  qf_mem.o ABSOLUTE
    C:\Users\Itai\Documents\Embedded_New\QM_projects\keil_V\qpc\src\qf\qf_ps.c 0x00000000   Number         0  qf_ps.o ABSOLUTE
    C:\Users\Itai\Documents\Embedded_New\QM_projects\keil_V\qpc\src\qf\qf_qact.c 0x00000000   Number         0  qf_qact.o ABSOLUTE
    C:\Users\Itai\Documents\Embedded_New\QM_projects\keil_V\qpc\src\qf\qf_qeq.c 0x00000000   Number         0  qf_qeq.o ABSOLUTE
    C:\Users\Itai\Documents\Embedded_New\QM_projects\keil_V\qpc\src\qf\qf_qmact.c 0x00000000   Number         0  qf_qmact.o ABSOLUTE
    C:\Users\Itai\Documents\Embedded_New\QM_projects\keil_V\qpc\src\qf\qf_time.c 0x00000000   Number         0  qf_time.o ABSOLUTE
    C:\\Users\\Itai\\Documents\\Embedded_New\\QM_projects\\keil_V\\FreeRtos_proj\\FreeRTOS\\Source\\portable\\RVDS\\ARM_CM4F\\port.c 0x00000000   Number         0  port.o ABSOLUTE
    C:\\Users\\Itai\\Documents\\Embedded_New\\QM_projects\\keil_V\\FreeRtos_proj\\bsp.c 0x00000000   Number         0  bsp.o ABSOLUTE
    C:\\Users\\Itai\\Documents\\Embedded_New\\QM_projects\\keil_V\\FreeRtos_proj\\ek-tm4c123gxl\\system_TM4C123GH6PM.c 0x00000000   Number         0  system_tm4c123gh6pm.o ABSOLUTE
    dc.s                                     0x00000000   Number         0  dc.o ABSOLUTE
    !!!main                                  0x0000026c   Section        8  __main.o(!!!main)
    !!!scatter                               0x00000274   Section       52  __scatter.o(!!!scatter)
    !!handler_copy                           0x000002a8   Section       26  __scatter_copy.o(!!handler_copy)
    !!handler_zi                             0x000002c4   Section       28  __scatter_zi.o(!!handler_zi)
    .ARM.Collect$$libinit$$00000000          0x000002e0   Section        2  libinit.o(.ARM.Collect$$libinit$$00000000)
    .ARM.Collect$$libinit$$00000001          0x000002e2   Section        4  libinit2.o(.ARM.Collect$$libinit$$00000001)
    .ARM.Collect$$libinit$$00000004          0x000002e6   Section        0  libinit2.o(.ARM.Collect$$libinit$$00000004)
    .ARM.Collect$$libinit$$0000000A          0x000002e6   Section        0  libinit2.o(.ARM.Collect$$libinit$$0000000A)
    .ARM.Collect$$libinit$$0000000C          0x000002e6   Section        0  libinit2.o(.ARM.Collect$$libinit$$0000000C)
    .ARM.Collect$$libinit$$0000000E          0x000002e6   Section        0  libinit2.o(.ARM.Collect$$libinit$$0000000E)
    .ARM.Collect$$libinit$$00000011          0x000002e6   Section        0  libinit2.o(.ARM.Collect$$libinit$$00000011)
    .ARM.Collect$$libinit$$00000013          0x000002e6   Section        0  libinit2.o(.ARM.Collect$$libinit$$00000013)
    .ARM.Collect$$libinit$$00000015          0x000002e6   Section        0  libinit2.o(.ARM.Collect$$libinit$$00000015)
    .ARM.Collect$$libinit$$00000017          0x000002e6   Section        0  libinit2.o(.ARM.Collect$$libinit$$00000017)
    .ARM.Collect$$libinit$$00000019          0x000002e6   Section        0  libinit2.o(.ARM.Collect$$libinit$$00000019)
    .ARM.Collect$$libinit$$0000001B          0x000002e6   Section        0  libinit2.o(.ARM.Collect$$libinit$$0000001B)
    .ARM.Collect$$libinit$$0000001D          0x000002e6   Section        0  libinit2.o(.ARM.Collect$$libinit$$0000001D)
    .ARM.Collect$$libinit$$0000001F          0x000002e6   Section        0  libinit2.o(.ARM.Collect$$libinit$$0000001F)
    .ARM.Collect$$libinit$$00000021          0x000002e6   Section        0  libinit2.o(.ARM.Collect$$libinit$$00000021)
    .ARM.Collect$$libinit$$00000023          0x000002e6   Section        0  libinit2.o(.ARM.Collect$$libinit$$00000023)
    .ARM.Collect$$libinit$$00000025          0x000002e6   Section        0  libinit2.o(.ARM.Collect$$libinit$$00000025)
    .ARM.Collect$$libinit$$0000002C          0x000002e6   Section        0  libinit2.o(.ARM.Collect$$libinit$$0000002C)
    .ARM.Collect$$libinit$$0000002E          0x000002e6   Section        0  libinit2.o(.ARM.Collect$$libinit$$0000002E)
    .ARM.Collect$$libinit$$00000030          0x000002e6   Section        0  libinit2.o(.ARM.Collect$$libinit$$00000030)
    .ARM.Collect$$libinit$$00000032          0x000002e6   Section        0  libinit2.o(.ARM.Collect$$libinit$$00000032)
    .ARM.Collect$$libinit$$00000033          0x000002e6   Section        2  libinit2.o(.ARM.Collect$$libinit$$00000033)
    .ARM.Collect$$libshutdown$$00000000      0x000002e8   Section        2  libshutdown.o(.ARM.Collect$$libshutdown$$00000000)
    .ARM.Collect$$libshutdown$$00000002      0x000002ea   Section        0  libshutdown2.o(.ARM.Collect$$libshutdown$$00000002)
    .ARM.Collect$$libshutdown$$00000004      0x000002ea   Section        0  libshutdown2.o(.ARM.Collect$$libshutdown$$00000004)
    .ARM.Collect$$libshutdown$$00000006      0x000002ea   Section        0  libshutdown2.o(.ARM.Collect$$libshutdown$$00000006)
    .ARM.Collect$$libshutdown$$00000009      0x000002ea   Section        0  libshutdown2.o(.ARM.Collect$$libshutdown$$00000009)
    .ARM.Collect$$libshutdown$$0000000C      0x000002ea   Section        0  libshutdown2.o(.ARM.Collect$$libshutdown$$0000000C)
    .ARM.Collect$$libshutdown$$0000000E      0x000002ea   Section        0  libshutdown2.o(.ARM.Collect$$libshutdown$$0000000E)
    .ARM.Collect$$libshutdown$$00000011      0x000002ea   Section        0  libshutdown2.o(.ARM.Collect$$libshutdown$$00000011)
    .ARM.Collect$$libshutdown$$00000012      0x000002ea   Section        2  libshutdown2.o(.ARM.Collect$$libshutdown$$00000012)
    .ARM.Collect$$rtentry$$00000000          0x000002ec   Section        0  __rtentry.o(.ARM.Collect$$rtentry$$00000000)
    .ARM.Collect$$rtentry$$00000002          0x000002ec   Section        0  __rtentry2.o(.ARM.Collect$$rtentry$$00000002)
    .ARM.Collect$$rtentry$$00000004          0x000002ec   Section        6  __rtentry4.o(.ARM.Collect$$rtentry$$00000004)
    .ARM.Collect$$rtentry$$00000009          0x000002f2   Section        0  __rtentry2.o(.ARM.Collect$$rtentry$$00000009)
    .ARM.Collect$$rtentry$$0000000A          0x000002f2   Section        4  __rtentry2.o(.ARM.Collect$$rtentry$$0000000A)
    .ARM.Collect$$rtentry$$0000000C          0x000002f6   Section        0  __rtentry2.o(.ARM.Collect$$rtentry$$0000000C)
    .ARM.Collect$$rtentry$$0000000D          0x000002f6   Section        8  __rtentry2.o(.ARM.Collect$$rtentry$$0000000D)
    .ARM.Collect$$rtexit$$00000000           0x000002fe   Section        2  rtexit.o(.ARM.Collect$$rtexit$$00000000)
    .ARM.Collect$$rtexit$$00000002           0x00000300   Section        0  rtexit2.o(.ARM.Collect$$rtexit$$00000002)
    .ARM.Collect$$rtexit$$00000003           0x00000300   Section        4  rtexit2.o(.ARM.Collect$$rtexit$$00000003)
    .ARM.Collect$$rtexit$$00000004           0x00000304   Section        6  rtexit2.o(.ARM.Collect$$rtexit$$00000004)
    .emb_text                                0x0000030c   Section      190  port.o(.emb_text)
    $v0                                      0x0000030c   Number         0  port.o(.emb_text)
    .text                                    0x000003cc   Section      124  startup_tm4c123gh6pm.o(.text)
    $v0                                      0x000003cc   Number         0  startup_tm4c123gh6pm.o(.text)
    .text                                    0x00000448   Section       16  aeabi_memset.o(.text)
    .text                                    0x00000458   Section        0  heapauxi.o(.text)
    .text                                    0x0000045e   Section       68  rt_memclr.o(.text)
    .text                                    0x000004a2   Section       78  rt_memclr_w.o(.text)
    .text                                    0x000004f0   Section       74  sys_stackheap_outer.o(.text)
    .text                                    0x0000053a   Section        0  exit.o(.text)
    .text                                    0x0000054c   Section        8  libspace.o(.text)
    .text                                    0x00000554   Section        0  sys_exit.o(.text)
    .text                                    0x00000560   Section        2  use_no_semi.o(.text)
    .text                                    0x00000562   Section        0  indicate_semi.o(.text)
    i.BSP_BP_BuzzerIO_Init                   0x00000564   Section        0  bsp.o(i.BSP_BP_BuzzerIO_Init)
    i.BSP_BP_Buzzer_Set                      0x00000638   Section        0  bsp.o(i.BSP_BP_Buzzer_Set)
    i.BSP_bstrPackLedBlueOff                 0x00000658   Section        0  bsp.o(i.BSP_bstrPackLedBlueOff)
    i.BSP_bstrPackLedBlueOn                  0x00000664   Section        0  bsp.o(i.BSP_bstrPackLedBlueOn)
    i.BSP_displayPaused                      0x00000670   Section        0  bsp.o(i.BSP_displayPaused)
    i.BSP_displayPhilStat                    0x00000684   Section        0  bsp.o(i.BSP_displayPhilStat)
    i.BSP_init                               0x0000069c   Section        0  bsp.o(i.BSP_init)
    i.BSP_ledRedOff                          0x0000079c   Section        0  bsp.o(i.BSP_ledRedOff)
    i.BSP_random                             0x000007a8   Section        0  bsp.o(i.BSP_random)
    i.BSP_randomSeed                         0x000007ec   Section        0  bsp.o(i.BSP_randomSeed)
    i.GPIOPortA_IRQHandler                   0x000007f8   Section        0  bsp.o(i.GPIOPortA_IRQHandler)
    i.Heartbeat_ctor                         0x0000083c   Section        0  blinky.o(i.Heartbeat_ctor)
    i.Heartbeat_initial                      0x00000864   Section        0  blinky.o(i.Heartbeat_initial)
    Heartbeat_initial                        0x00000865   Thumb Code    40  blinky.o(i.Heartbeat_initial)
    i.Heartbeat_off                          0x00000890   Section        0  blinky.o(i.Heartbeat_off)
    Heartbeat_off                            0x00000891   Thumb Code    28  blinky.o(i.Heartbeat_off)
    i.Heartbeat_on                           0x000008b4   Section        0  blinky.o(i.Heartbeat_on)
    Heartbeat_on                             0x000008b5   Thumb Code    96  blinky.o(i.Heartbeat_on)
    i.Heartbeat_start                        0x0000091c   Section        0  blinky.o(i.Heartbeat_start)
    Heartbeat_start                          0x0000091d   Thumb Code    84  blinky.o(i.Heartbeat_start)
    i.Heartbeat_stop                         0x0000097c   Section        0  blinky.o(i.Heartbeat_stop)
    Heartbeat_stop                           0x0000097d   Thumb Code    28  blinky.o(i.Heartbeat_stop)
    i.Philo_ctor                             0x000009a0   Section        0  philo.o(i.Philo_ctor)
    i.Philo_eating                           0x000009d8   Section        0  philo.o(i.Philo_eating)
    Philo_eating                             0x000009d9   Thumb Code   166  philo.o(i.Philo_eating)
    i.Philo_hungry                           0x00000a90   Section        0  philo.o(i.Philo_hungry)
    Philo_hungry                             0x00000a91   Thumb Code   152  philo.o(i.Philo_hungry)
    i.Philo_initial                          0x00000b3c   Section        0  philo.o(i.Philo_initial)
    Philo_initial                            0x00000b3d   Thumb Code    44  philo.o(i.Philo_initial)
    i.Philo_thinking                         0x00000b70   Section        0  philo.o(i.Philo_thinking)
    Philo_thinking                           0x00000b71   Thumb Code   150  philo.o(i.Philo_thinking)
    i.QActive_ctor                           0x00000c18   Section        0  qf_qact.o(i.QActive_ctor)
    i.QActive_get_                           0x00000c38   Section        0  qf_actq.o(i.QActive_get_)
    i.QActive_postFromISR_                   0x00000cb0   Section        0  qf_port.o(i.QActive_postFromISR_)
    i.QActive_postLIFO_                      0x00000d88   Section        0  qf_actq.o(i.QActive_postLIFO_)
    i.QActive_post_                          0x00000e08   Section        0  qf_actq.o(i.QActive_post_)
    i.QActive_setAttr                        0x00000ec0   Section        0  qf_port.o(i.QActive_setAttr)
    i.QActive_start_                         0x00000ee8   Section        0  qf_port.o(i.QActive_start_)
    i.QActive_subscribe                      0x00000f98   Section        0  qf_ps.o(i.QActive_subscribe)
    i.QEQueue_init                           0x00001000   Section        0  qf_qeq.o(i.QEQueue_init)
    i.QF_LOG2                                0x00001018   Section        0  qf_act.o(i.QF_LOG2)
    i.QF_add_                                0x00001040   Section        0  qf_act.o(i.QF_add_)
    i.QF_bzero                               0x0000107c   Section        0  qf_act.o(i.QF_bzero)
    i.QF_gc                                  0x00001090   Section        0  qf_dyn.o(i.QF_gc)
    i.QF_gcFromISR                           0x000010ec   Section        0  qf_port.o(i.QF_gcFromISR)
    i.QF_init                                0x00001164   Section        0  qf_port.o(i.QF_init)
    i.QF_newXFromISR_                        0x00001168   Section        0  qf_port.o(i.QF_newXFromISR_)
    i.QF_newX_                               0x00001200   Section        0  qf_dyn.o(i.QF_newX_)
    i.QF_onStartup                           0x00001298   Section        0  bsp.o(i.QF_onStartup)
    i.QF_poolInit                            0x00001330   Section        0  qf_dyn.o(i.QF_poolInit)
    i.QF_psInit                              0x000013a0   Section        0  qf_ps.o(i.QF_psInit)
    i.QF_publishFromISR_                     0x000013c0   Section        0  qf_port.o(i.QF_publishFromISR_)
    i.QF_publish_                            0x00001484   Section        0  qf_ps.o(i.QF_publish_)
    i.QF_run                                 0x00001534   Section        0  qf_port.o(i.QF_run)
    i.QF_tickXFromISR_                       0x00001550   Section        0  qf_port.o(i.QF_tickXFromISR_)
    i.QF_tickX_                              0x00001644   Section        0  qf_time.o(i.QF_tickX_)
    i.QHsm_ctor                              0x00001700   Section        0  qep_hsm.o(i.QHsm_ctor)
    i.QHsm_dispatch_                         0x00001714   Section        0  qep_hsm.o(i.QHsm_dispatch_)
    i.QHsm_init_                             0x00001820   Section        0  qep_hsm.o(i.QHsm_init_)
    i.QHsm_top                               0x000018d4   Section        0  qep_hsm.o(i.QHsm_top)
    i.QHsm_tran_                             0x000018dc   Section        0  qep_hsm.o(i.QHsm_tran_)
    QHsm_tran_                               0x000018dd   Thumb Code   338  qep_hsm.o(i.QHsm_tran_)
    i.QMPool_get                             0x00001a38   Section        0  qf_mem.o(i.QMPool_get)
    i.QMPool_getFromISR                      0x00001ac8   Section        0  qf_port.o(i.QMPool_getFromISR)
    i.QMPool_init                            0x00001b60   Section        0  qf_mem.o(i.QMPool_init)
    i.QMPool_put                             0x00001bf0   Section        0  qf_mem.o(i.QMPool_put)
    i.QMPool_putFromISR                      0x00001c30   Section        0  qf_port.o(i.QMPool_putFromISR)
    i.QTicker_dispatch_                      0x00001c88   Section        0  qf_actq.o(i.QTicker_dispatch_)
    QTicker_dispatch_                        0x00001c89   Thumb Code    38  qf_actq.o(i.QTicker_dispatch_)
    i.QTicker_init_                          0x00001cae   Section        0  qf_actq.o(i.QTicker_init_)
    QTicker_init_                            0x00001caf   Thumb Code     6  qf_actq.o(i.QTicker_init_)
    i.QTicker_postLIFO_                      0x00001cb4   Section        0  qf_actq.o(i.QTicker_postLIFO_)
    QTicker_postLIFO_                        0x00001cb5   Thumb Code    18  qf_actq.o(i.QTicker_postLIFO_)
    i.QTicker_post_                          0x00001ccc   Section        0  qf_actq.o(i.QTicker_post_)
    QTicker_post_                            0x00001ccd   Thumb Code    66  qf_actq.o(i.QTicker_post_)
    i.QTimeEvt_armX                          0x00001d14   Section        0  qf_time.o(i.QTimeEvt_armX)
    i.QTimeEvt_ctorX                         0x00001d84   Section        0  qf_time.o(i.QTimeEvt_ctorX)
    i.QTimeEvt_disarm                        0x00001dbc   Section        0  qf_time.o(i.QTimeEvt_disarm)
    i.Q_onAssert                             0x00001dec   Section        0  bsp.o(i.Q_onAssert)
    i.SysTick_Handler                        0x00001e58   Section        0  port.o(i.SysTick_Handler)
    i.SystemCoreClockUpdate                  0x00001e8c   Section        0  system_tm4c123gh6pm.o(i.SystemCoreClockUpdate)
    i.SystemInit                             0x00001f50   Section        0  system_tm4c123gh6pm.o(i.SystemInit)
    i.Table_active                           0x00002004   Section        0  table.o(i.Table_active)
    Table_active                             0x00002005   Thumb Code    46  table.o(i.Table_active)
    i.Table_ctor                             0x0000203c   Section        0  table.o(i.Table_ctor)
    i.Table_initial                          0x0000206c   Section        0  table.o(i.Table_initial)
    Table_initial                            0x0000206d   Thumb Code    78  table.o(i.Table_initial)
    i.Table_paused                           0x000020cc   Section        0  table.o(i.Table_paused)
    Table_paused                             0x000020cd   Thumb Code   222  table.o(i.Table_paused)
    i.Table_serving                          0x000021d0   Section        0  table.o(i.Table_serving)
    Table_serving                            0x000021d1   Thumb Code   568  table.o(i.Table_serving)
    i.__NVIC_SetPriority                     0x00002438   Section        0  bsp.o(i.__NVIC_SetPriority)
    __NVIC_SetPriority                       0x00002439   Thumb Code    32  bsp.o(i.__NVIC_SetPriority)
    i.getOscClk                              0x00002460   Section        0  system_tm4c123gh6pm.o(i.getOscClk)
    getOscClk                                0x00002461   Thumb Code   182  system_tm4c123gh6pm.o(i.getOscClk)
    i.main                                   0x00002558   Section        0  main.o(i.main)
    i.prvAddCurrentTaskToDelayedList         0x000026bc   Section        0  tasks.o(i.prvAddCurrentTaskToDelayedList)
    prvAddCurrentTaskToDelayedList           0x000026bd   Thumb Code   104  tasks.o(i.prvAddCurrentTaskToDelayedList)
    i.prvAddNewTaskToReadyList               0x0000273c   Section        0  tasks.o(i.prvAddNewTaskToReadyList)
    prvAddNewTaskToReadyList                 0x0000273d   Thumb Code   150  tasks.o(i.prvAddNewTaskToReadyList)
    i.prvCheckTasksWaitingTermination        0x000027f0   Section        0  tasks.o(i.prvCheckTasksWaitingTermination)
    prvCheckTasksWaitingTermination          0x000027f1   Thumb Code    60  tasks.o(i.prvCheckTasksWaitingTermination)
    i.prvDeleteTCB                           0x00002838   Section        0  tasks.o(i.prvDeleteTCB)
    prvDeleteTCB                             0x00002839   Thumb Code     2  tasks.o(i.prvDeleteTCB)
    i.prvIdleTask                            0x0000283a   Section        0  tasks.o(i.prvIdleTask)
    prvIdleTask                              0x0000283b   Thumb Code    12  tasks.o(i.prvIdleTask)
    i.prvInitialiseNewTask                   0x00002848   Section        0  tasks.o(i.prvInitialiseNewTask)
    prvInitialiseNewTask                     0x00002849   Thumb Code   178  tasks.o(i.prvInitialiseNewTask)
    i.prvInitialiseTaskLists                 0x00002900   Section        0  tasks.o(i.prvInitialiseTaskLists)
    prvInitialiseTaskLists                   0x00002901   Thumb Code    64  tasks.o(i.prvInitialiseTaskLists)
    i.prvResetNextTaskUnblockTime            0x0000295c   Section        0  tasks.o(i.prvResetNextTaskUnblockTime)
    prvResetNextTaskUnblockTime              0x0000295d   Thumb Code    42  tasks.o(i.prvResetNextTaskUnblockTime)
    i.prvTaskExitError                       0x00002990   Section        0  port.o(i.prvTaskExitError)
    prvTaskExitError                         0x00002991   Thumb Code    46  port.o(i.prvTaskExitError)
    i.pxPortInitialiseStack                  0x000029c8   Section        0  port.o(i.pxPortInitialiseStack)
    i.task_function                          0x000029f4   Section        0  qf_port.o(i.task_function)
    task_function                            0x000029f5   Thumb Code    32  qf_port.o(i.task_function)
    i.ulTaskNotifyTake                       0x00002a14   Section        0  tasks.o(i.ulTaskNotifyTake)
    i.uxListRemove                           0x00002a88   Section        0  list.o(i.uxListRemove)
    i.vApplicationGetIdleTaskMemory          0x00002ab0   Section        0  bsp.o(i.vApplicationGetIdleTaskMemory)
    i.vApplicationIdleHook                   0x00002ac8   Section        0  bsp.o(i.vApplicationIdleHook)
    i.vApplicationStackOverflowHook          0x00002b10   Section        0  bsp.o(i.vApplicationStackOverflowHook)
    i.vApplicationTickHook                   0x00002b20   Section        0  bsp.o(i.vApplicationTickHook)
    i.vListInitialise                        0x00002c70   Section        0  list.o(i.vListInitialise)
    i.vListInitialiseItem                    0x00002c8a   Section        0  list.o(i.vListInitialiseItem)
    i.vListInsert                            0x00002c90   Section        0  list.o(i.vListInsert)
    i.vListInsertEnd                         0x00002cc4   Section        0  list.o(i.vListInsertEnd)
    i.vPortEnterCritical                     0x00002cdc   Section        0  port.o(i.vPortEnterCritical)
    i.vPortExitCritical                      0x00002d2c   Section        0  port.o(i.vPortExitCritical)
    i.vPortSetupTimerInterrupt               0x00002d64   Section        0  port.o(i.vPortSetupTimerInterrupt)
    i.vPortValidateInterruptPriority         0x00002d8c   Section        0  port.o(i.vPortValidateInterruptPriority)
    i.vTaskNotifyGiveFromISR                 0x00002df0   Section        0  tasks.o(i.vTaskNotifyGiveFromISR)
    i.vTaskStartScheduler                    0x00002ecc   Section        0  tasks.o(i.vTaskStartScheduler)
    i.vTaskSuspendAll                        0x00002f74   Section        0  tasks.o(i.vTaskSuspendAll)
    i.vTaskSwitchContext                     0x00002f84   Section        0  tasks.o(i.vTaskSwitchContext)
    i.xPortStartScheduler                    0x00003040   Section        0  port.o(i.xPortStartScheduler)
    i.xTaskCreateStatic                      0x0000315c   Section        0  tasks.o(i.xTaskCreateStatic)
    i.xTaskGenericNotify                     0x000031f0   Section        0  tasks.o(i.xTaskGenericNotify)
    i.xTaskIncrementTick                     0x000032f8   Section        0  tasks.o(i.xTaskIncrementTick)
    i.xTaskResumeAll                         0x00003444   Section        0  tasks.o(i.xTaskResumeAll)
    x$fpl$fpinit                             0x00003540   Section       10  fpinit.o(x$fpl$fpinit)
    $v0                                      0x00003540   Number         0  fpinit.o(x$fpl$fpinit)
    .constdata                               0x0000354a   Section       84  bsp.o(.constdata)
    Q_this_module_                           0x0000354a   Data          76  bsp.o(.constdata)
    btn4prsEvt                               0x00003596   Data           4  bsp.o(.constdata)
    btn4DeprsEvt                             0x0000359a   Data           4  bsp.o(.constdata)
    .constdata                               0x0000359e   Section       77  main.o(.constdata)
    Q_this_module_                           0x0000359e   Data          77  main.o(.constdata)
    .constdata                               0x000035ec   Section       32  philo.o(.constdata)
    Q_this_module_                           0x000035ec   Data          11  philo.o(.constdata)
    .constdata                               0x0000360c   Section       84  table.o(.constdata)
    Q_this_module_                           0x0000360c   Data          78  table.o(.constdata)
    .constdata                               0x00003660   Section        4  blinky.o(.constdata)
    .constdata                               0x00003664   Section       40  qep_hsm.o(.constdata)
    Q_this_module_                           0x00003664   Data           8  qep_hsm.o(.constdata)
    QEP_reservedEvt_                         0x00003674   Data          16  qep_hsm.o(.constdata)
    vtbl                                     0x00003684   Data           8  qep_hsm.o(.constdata)
    .constdata                               0x0000368c   Section       23  qf_act.o(.constdata)
    Q_this_module_                           0x0000368c   Data           7  qf_act.o(.constdata)
    log2LUT                                  0x00003693   Data          16  qf_act.o(.constdata)
    .constdata                               0x000036a4   Section       32  qf_actq.o(.constdata)
    Q_this_module_                           0x000036a4   Data           8  qf_actq.o(.constdata)
    vtbl                                     0x000036ac   Data          20  qf_actq.o(.constdata)
    tickEvt                                  0x000036c0   Data           4  qf_actq.o(.constdata)
    .constdata                               0x000036c4   Section        7  qf_dyn.o(.constdata)
    Q_this_module_                           0x000036c4   Data           7  qf_dyn.o(.constdata)
    .constdata                               0x000036cb   Section        7  qf_mem.o(.constdata)
    Q_this_module_                           0x000036cb   Data           7  qf_mem.o(.constdata)
    .constdata                               0x000036d2   Section        6  qf_ps.o(.constdata)
    Q_this_module_                           0x000036d2   Data           6  qf_ps.o(.constdata)
    .constdata                               0x000036d8   Section       20  qf_qact.o(.constdata)
    vtbl                                     0x000036d8   Data          20  qf_qact.o(.constdata)
    .constdata                               0x000036ec   Section        8  qf_time.o(.constdata)
    Q_this_module_                           0x000036ec   Data           8  qf_time.o(.constdata)
    .constdata                               0x000036f4   Section        8  qf_port.o(.constdata)
    Q_this_module_                           0x000036f4   Data           8  qf_port.o(.constdata)
    .conststring                             0x000036fc   Section       94  tasks.o(.conststring)
    .conststring                             0x0000375c   Section      116  port.o(.conststring)
    .data                                    0x20000000   Section       24  bsp.o(.data)
    l_rnd                                    0x20000000   Data           4  bsp.o(.data)
    PWMCycles                                0x20000004   Data           2  bsp.o(.data)
    buttons                                  0x20000008   Data           8  bsp.o(.data)
    buttons1                                 0x20000010   Data           8  bsp.o(.data)
    .data                                    0x20000018   Section        1  philo.o(.data)
    registered                               0x20000018   Data           1  philo.o(.data)
    .data                                    0x2000001c   Section        4  system_tm4c123gh6pm.o(.data)
    .data                                    0x20000020   Section        4  qf_dyn.o(.data)
    .data                                    0x20000024   Section        8  qf_ps.o(.data)
    .data                                    0x2000002c   Section       60  tasks.o(.data)
    pxDelayedTaskList                        0x20000030   Data           4  tasks.o(.data)
    pxOverflowDelayedTaskList                0x20000034   Data           4  tasks.o(.data)
    uxDeletedTasksWaitingCleanUp             0x20000038   Data           4  tasks.o(.data)
    uxCurrentNumberOfTasks                   0x2000003c   Data           4  tasks.o(.data)
    xTickCount                               0x20000040   Data           4  tasks.o(.data)
    uxTopReadyPriority                       0x20000044   Data           4  tasks.o(.data)
    xSchedulerRunning                        0x20000048   Data           4  tasks.o(.data)
    uxPendedTicks                            0x2000004c   Data           4  tasks.o(.data)
    xYieldPending                            0x20000050   Data           4  tasks.o(.data)
    xNumOfOverflows                          0x20000054   Data           4  tasks.o(.data)
    uxTaskNumber                             0x20000058   Data           4  tasks.o(.data)
    xNextTaskUnblockTime                     0x2000005c   Data           4  tasks.o(.data)
    xIdleTaskHandle                          0x20000060   Data           4  tasks.o(.data)
    uxSchedulerSuspended                     0x20000064   Data           4  tasks.o(.data)
    .data                                    0x20000068   Section       12  port.o(.data)
    uxCriticalNesting                        0x20000068   Data           4  port.o(.data)
    ucMaxSysCallPriority                     0x2000006c   Data           1  port.o(.data)
    ulMaxPRIGROUPValue                       0x20000070   Data           4  port.o(.data)
    .bss                                     0x20000074   Section     1100  bsp.o(.bss)
    xIdleTaskTCB                             0x20000074   Data          76  bsp.o(.bss)
    uxIdleTaskStack                          0x200000c0   Data        1024  bsp.o(.bss)
    .bss                                     0x200004c0   Section     7460  main.o(.bss)
    tableQueueSto                            0x200004c0   Data          20  main.o(.bss)
    philoQueueSto                            0x200004d4   Data         100  main.o(.bss)
    heartbeatQueueSto                        0x20000538   Data          40  main.o(.bss)
    subscrSto                                0x20000560   Data          52  main.o(.bss)
    smlPoolSto                               0x20000594   Data          80  main.o(.bss)
    philoStack                               0x200005e4   Data        5120  main.o(.bss)
    tableStack                               0x200019e4   Data        1024  main.o(.bss)
    heartbeatStack                           0x20001de4   Data        1024  main.o(.bss)
    .bss                                     0x200021e4   Section      620  philo.o(.bss)
    l_philo                                  0x200021e4   Data         620  philo.o(.bss)
    .bss                                     0x20002450   Section      120  table.o(.bss)
    l_table                                  0x20002450   Data         120  table.o(.bss)
    .bss                                     0x200024c8   Section      128  blinky.o(.bss)
    l_Heartbeat                              0x200024c8   Data         128  blinky.o(.bss)
    .bss                                     0x20002548   Section      132  qf_act.o(.bss)
    .bss                                     0x200025cc   Section       60  qf_dyn.o(.bss)
    .bss                                     0x20002608   Section       16  qf_time.o(.bss)
    .bss                                     0x20002618   Section      720  tasks.o(.bss)
    pxReadyTasksLists                        0x20002618   Data         640  tasks.o(.bss)
    xDelayedTaskList1                        0x20002898   Data          20  tasks.o(.bss)
    xDelayedTaskList2                        0x200028ac   Data          20  tasks.o(.bss)
    xPendingReadyList                        0x200028c0   Data          20  tasks.o(.bss)
    xTasksWaitingTermination                 0x200028d4   Data          20  tasks.o(.bss)
    .bss                                     0x200028e8   Section       96  libspace.o(.bss)
    HEAP                                     0x20002948   Section       16  startup_tm4c123gh6pm.o(HEAP)
    __heap_base                              0x20002948   Data           0  startup_tm4c123gh6pm.o(HEAP)
    STACK                                    0x20002958   Section     1024  startup_tm4c123gh6pm.o(STACK)
    __heap_limit                             0x20002958   Data           0  startup_tm4c123gh6pm.o(HEAP)
    __stack_base                             0x20002958   Data           0  startup_tm4c123gh6pm.o(STACK)
    __initial_sp                             0x20002d58   Data           0  startup_tm4c123gh6pm.o(STACK)
    __stack_limit                            0x20002d58   Data           0  startup_tm4c123gh6pm.o(STACK)

    Global Symbols

    Symbol Name                              Value     Ov Type        Size  Object(Section)

    BuildAttributes$$THM_ISAv4$E$P$D$K$B$S$7EM$VFPi3$EXTD16$VFPS$VFMA$PE$A:L22UL41UL21$X:L11$S22US41US21$IEEE1$IW$USESV6$~STKCKD$USESV7$~SHL$OSPACE$ROPI$EBA8$UX$STANDARDLIB$REQ8$PRES8$EABIv2 0x00000000   Number         0  anon$$obj.o ABSOLUTE
    __ARM_use_no_argv                        0x00000000   Number         0  main.o ABSOLUTE
    __Vectors                                0x00000000   Data           0  startup_tm4c123gh6pm.o(RESET)
    __ARM_exceptions_init                     - Undefined Weak Reference
    __alloca_initialize                       - Undefined Weak Reference
    __arm_fini_                               - Undefined Weak Reference
    __arm_preinit_                            - Undefined Weak Reference
    __cpp_initialize__aeabi_                  - Undefined Weak Reference
    __cxa_finalize                            - Undefined Weak Reference
    __rt_locale                               - Undefined Weak Reference
    __sigvec_lookup                           - Undefined Weak Reference
    _atexit_init                              - Undefined Weak Reference
    _call_atexit_fns                          - Undefined Weak Reference
    _clock_init                               - Undefined Weak Reference
    _fp_trap_init                             - Undefined Weak Reference
    _fp_trap_shutdown                         - Undefined Weak Reference
    _get_lc_collate                           - Undefined Weak Reference
    _get_lc_ctype                             - Undefined Weak Reference
    _get_lc_monetary                          - Undefined Weak Reference
    _get_lc_numeric                           - Undefined Weak Reference
    _get_lc_time                              - Undefined Weak Reference
    _getenv_init                              - Undefined Weak Reference
    _handle_redirection                       - Undefined Weak Reference
    _init_alloc                               - Undefined Weak Reference
    _init_user_alloc                          - Undefined Weak Reference
    _initio                                   - Undefined Weak Reference
    _rand_init                                - Undefined Weak Reference
    _signal_finish                            - Undefined Weak Reference
    _signal_init                              - Undefined Weak Reference
    _terminate_alloc                          - Undefined Weak Reference
    _terminate_user_alloc                     - Undefined Weak Reference
    _terminateio                              - Undefined Weak Reference
    __Vectors_End                            0x0000026c   Data           0  startup_tm4c123gh6pm.o(RESET)
    __Vectors_Size                           0x0000026c   Number         0  startup_tm4c123gh6pm.o ABSOLUTE
    __main                                   0x0000026d   Thumb Code     8  __main.o(!!!main)
    __scatterload                            0x00000275   Thumb Code     0  __scatter.o(!!!scatter)
    __scatterload_rt2                        0x00000275   Thumb Code    44  __scatter.o(!!!scatter)
    __scatterload_rt2_thumb_only             0x00000275   Thumb Code     0  __scatter.o(!!!scatter)
    __scatterload_null                       0x00000283   Thumb Code     0  __scatter.o(!!!scatter)
    __scatterload_copy                       0x000002a9   Thumb Code    26  __scatter_copy.o(!!handler_copy)
    __scatterload_zeroinit                   0x000002c5   Thumb Code    28  __scatter_zi.o(!!handler_zi)
    __rt_lib_init                            0x000002e1   Thumb Code     0  libinit.o(.ARM.Collect$$libinit$$00000000)
    __rt_lib_init_fp_1                       0x000002e3   Thumb Code     0  libinit2.o(.ARM.Collect$$libinit$$00000001)
    __rt_lib_init_alloca_1                   0x000002e7   Thumb Code     0  libinit2.o(.ARM.Collect$$libinit$$0000002E)
    __rt_lib_init_argv_1                     0x000002e7   Thumb Code     0  libinit2.o(.ARM.Collect$$libinit$$0000002C)
    __rt_lib_init_atexit_1                   0x000002e7   Thumb Code     0  libinit2.o(.ARM.Collect$$libinit$$0000001B)
    __rt_lib_init_clock_1                    0x000002e7   Thumb Code     0  libinit2.o(.ARM.Collect$$libinit$$00000021)
    __rt_lib_init_cpp_1                      0x000002e7   Thumb Code     0  libinit2.o(.ARM.Collect$$libinit$$00000032)
    __rt_lib_init_exceptions_1               0x000002e7   Thumb Code     0  libinit2.o(.ARM.Collect$$libinit$$00000030)
    __rt_lib_init_fp_trap_1                  0x000002e7   Thumb Code     0  libinit2.o(.ARM.Collect$$libinit$$0000001F)
    __rt_lib_init_getenv_1                   0x000002e7   Thumb Code     0  libinit2.o(.ARM.Collect$$libinit$$00000023)
    __rt_lib_init_heap_1                     0x000002e7   Thumb Code     0  libinit2.o(.ARM.Collect$$libinit$$0000000A)
    __rt_lib_init_lc_collate_1               0x000002e7   Thumb Code     0  libinit2.o(.ARM.Collect$$libinit$$00000011)
    __rt_lib_init_lc_ctype_1                 0x000002e7   Thumb Code     0  libinit2.o(.ARM.Collect$$libinit$$00000013)
    __rt_lib_init_lc_monetary_1              0x000002e7   Thumb Code     0  libinit2.o(.ARM.Collect$$libinit$$00000015)
    __rt_lib_init_lc_numeric_1               0x000002e7   Thumb Code     0  libinit2.o(.ARM.Collect$$libinit$$00000017)
    __rt_lib_init_lc_time_1                  0x000002e7   Thumb Code     0  libinit2.o(.ARM.Collect$$libinit$$00000019)
    __rt_lib_init_preinit_1                  0x000002e7   Thumb Code     0  libinit2.o(.ARM.Collect$$libinit$$00000004)
    __rt_lib_init_rand_1                     0x000002e7   Thumb Code     0  libinit2.o(.ARM.Collect$$libinit$$0000000E)
    __rt_lib_init_return                     0x000002e7   Thumb Code     0  libinit2.o(.ARM.Collect$$libinit$$00000033)
    __rt_lib_init_signal_1                   0x000002e7   Thumb Code     0  libinit2.o(.ARM.Collect$$libinit$$0000001D)
    __rt_lib_init_stdio_1                    0x000002e7   Thumb Code     0  libinit2.o(.ARM.Collect$$libinit$$00000025)
    __rt_lib_init_user_alloc_1               0x000002e7   Thumb Code     0  libinit2.o(.ARM.Collect$$libinit$$0000000C)
    __rt_lib_shutdown                        0x000002e9   Thumb Code     0  libshutdown.o(.ARM.Collect$$libshutdown$$00000000)
    __rt_lib_shutdown_cpp_1                  0x000002eb   Thumb Code     0  libshutdown2.o(.ARM.Collect$$libshutdown$$00000004)
    __rt_lib_shutdown_fini_1                 0x000002eb   Thumb Code     0  libshutdown2.o(.ARM.Collect$$libshutdown$$00000002)
    __rt_lib_shutdown_fp_trap_1              0x000002eb   Thumb Code     0  libshutdown2.o(.ARM.Collect$$libshutdown$$00000009)
    __rt_lib_shutdown_heap_1                 0x000002eb   Thumb Code     0  libshutdown2.o(.ARM.Collect$$libshutdown$$00000011)
    __rt_lib_shutdown_return                 0x000002eb   Thumb Code     0  libshutdown2.o(.ARM.Collect$$libshutdown$$00000012)
    __rt_lib_shutdown_signal_1               0x000002eb   Thumb Code     0  libshutdown2.o(.ARM.Collect$$libshutdown$$0000000C)
    __rt_lib_shutdown_stdio_1                0x000002eb   Thumb Code     0  libshutdown2.o(.ARM.Collect$$libshutdown$$00000006)
    __rt_lib_shutdown_user_alloc_1           0x000002eb   Thumb Code     0  libshutdown2.o(.ARM.Collect$$libshutdown$$0000000E)
    __rt_entry                               0x000002ed   Thumb Code     0  __rtentry.o(.ARM.Collect$$rtentry$$00000000)
    __rt_entry_presh_1                       0x000002ed   Thumb Code     0  __rtentry2.o(.ARM.Collect$$rtentry$$00000002)
    __rt_entry_sh                            0x000002ed   Thumb Code     0  __rtentry4.o(.ARM.Collect$$rtentry$$00000004)
    __rt_entry_li                            0x000002f3   Thumb Code     0  __rtentry2.o(.ARM.Collect$$rtentry$$0000000A)
    __rt_entry_postsh_1                      0x000002f3   Thumb Code     0  __rtentry2.o(.ARM.Collect$$rtentry$$00000009)
    __rt_entry_main                          0x000002f7   Thumb Code     0  __rtentry2.o(.ARM.Collect$$rtentry$$0000000D)
    __rt_entry_postli_1                      0x000002f7   Thumb Code     0  __rtentry2.o(.ARM.Collect$$rtentry$$0000000C)
    __rt_exit                                0x000002ff   Thumb Code     0  rtexit.o(.ARM.Collect$$rtexit$$00000000)
    __rt_exit_ls                             0x00000301   Thumb Code     0  rtexit2.o(.ARM.Collect$$rtexit$$00000003)
    __rt_exit_prels_1                        0x00000301   Thumb Code     0  rtexit2.o(.ARM.Collect$$rtexit$$00000002)
    __rt_exit_exit                           0x00000305   Thumb Code     0  rtexit2.o(.ARM.Collect$$rtexit$$00000004)
    SVC_Handler                              0x0000030d   Thumb Code    28  port.o(.emb_text)
    __asm___6_port_c_39a90d8d__prvStartFirstTask 0x0000032d   Thumb Code    36  port.o(.emb_text)
    __asm___6_port_c_39a90d8d__prvEnableVFP  0x00000355   Thumb Code    16  port.o(.emb_text)
    PendSV_Handler                           0x00000369   Thumb Code    88  port.o(.emb_text)
    vPortGetIPSR                             0x000003c5   Thumb Code     6  port.o(.emb_text)
    Reset_Handler                            0x000003cd   Thumb Code    14  startup_tm4c123gh6pm.o(.text)
    NMI_Handler                              0x000003db   Thumb Code     6  startup_tm4c123gh6pm.o(.text)
    HardFault_Handler                        0x000003e1   Thumb Code     6  startup_tm4c123gh6pm.o(.text)
    MemManage_Handler                        0x000003e7   Thumb Code     6  startup_tm4c123gh6pm.o(.text)
    BusFault_Handler                         0x000003ed   Thumb Code     6  startup_tm4c123gh6pm.o(.text)
    UsageFault_Handler                       0x000003f3   Thumb Code     6  startup_tm4c123gh6pm.o(.text)
    DebugMon_Handler                         0x000003ff   Thumb Code     6  startup_tm4c123gh6pm.o(.text)
    ADC1Seq0_IRQHandler                      0x00000411   Thumb Code     0  startup_tm4c123gh6pm.o(.text)
    ADC1Seq1_IRQHandler                      0x00000411   Thumb Code     0  startup_tm4c123gh6pm.o(.text)
    ADC1Seq2_IRQHandler                      0x00000411   Thumb Code     0  startup_tm4c123gh6pm.o(.text)
    ADC1Seq3_IRQHandler                      0x00000411   Thumb Code     0  startup_tm4c123gh6pm.o(.text)
    ADCSeq0_IRQHandler                       0x00000411   Thumb Code     0  startup_tm4c123gh6pm.o(.text)
    ADCSeq1_IRQHandler                       0x00000411   Thumb Code     0  startup_tm4c123gh6pm.o(.text)
    ADCSeq2_IRQHandler                       0x00000411   Thumb Code     0  startup_tm4c123gh6pm.o(.text)
    ADCSeq3_IRQHandler                       0x00000411   Thumb Code     0  startup_tm4c123gh6pm.o(.text)
    CAN0_IRQHandler                          0x00000411   Thumb Code     0  startup_tm4c123gh6pm.o(.text)
    CAN1_IRQHandler                          0x00000411   Thumb Code     0  startup_tm4c123gh6pm.o(.text)
    CAN2_IRQHandler                          0x00000411   Thumb Code     0  startup_tm4c123gh6pm.o(.text)
    Comp0_IRQHandler                         0x00000411   Thumb Code     0  startup_tm4c123gh6pm.o(.text)
    Comp1_IRQHandler                         0x00000411   Thumb Code     0  startup_tm4c123gh6pm.o(.text)
    Comp2_IRQHandler                         0x00000411   Thumb Code     0  startup_tm4c123gh6pm.o(.text)
    FPU_IRQHandler                           0x00000411   Thumb Code     0  startup_tm4c123gh6pm.o(.text)
    FlashCtrl_IRQHandler                     0x00000411   Thumb Code     0  startup_tm4c123gh6pm.o(.text)
    GPIOPortB_IRQHandler                     0x00000411   Thumb Code     0  startup_tm4c123gh6pm.o(.text)
    GPIOPortC_IRQHandler                     0x00000411   Thumb Code     0  startup_tm4c123gh6pm.o(.text)
    GPIOPortD_IRQHandler                     0x00000411   Thumb Code     0  startup_tm4c123gh6pm.o(.text)
    GPIOPortE_IRQHandler                     0x00000411   Thumb Code     0  startup_tm4c123gh6pm.o(.text)
    GPIOPortF_IRQHandler                     0x00000411   Thumb Code     0  startup_tm4c123gh6pm.o(.text)
    GPIOPortG_IRQHandler                     0x00000411   Thumb Code     0  startup_tm4c123gh6pm.o(.text)
    GPIOPortH_IRQHandler                     0x00000411   Thumb Code     0  startup_tm4c123gh6pm.o(.text)
    GPIOPortJ_IRQHandler                     0x00000411   Thumb Code     0  startup_tm4c123gh6pm.o(.text)
    GPIOPortK_IRQHandler                     0x00000411   Thumb Code     0  startup_tm4c123gh6pm.o(.text)
    GPIOPortL_IRQHandler                     0x00000411   Thumb Code     0  startup_tm4c123gh6pm.o(.text)
    GPIOPortM_IRQHandler                     0x00000411   Thumb Code     0  startup_tm4c123gh6pm.o(.text)
    GPIOPortN_IRQHandler                     0x00000411   Thumb Code     0  startup_tm4c123gh6pm.o(.text)
    GPIOPortP0_IRQHandler                    0x00000411   Thumb Code     0  startup_tm4c123gh6pm.o(.text)
    GPIOPortP1_IRQHandler                    0x00000411   Thumb Code     0  startup_tm4c123gh6pm.o(.text)
    GPIOPortP2_IRQHandler                    0x00000411   Thumb Code     0  startup_tm4c123gh6pm.o(.text)
    GPIOPortP3_IRQHandler                    0x00000411   Thumb Code     0  startup_tm4c123gh6pm.o(.text)
    GPIOPortP4_IRQHandler                    0x00000411   Thumb Code     0  startup_tm4c123gh6pm.o(.text)
    GPIOPortP5_IRQHandler                    0x00000411   Thumb Code     0  startup_tm4c123gh6pm.o(.text)
    GPIOPortP6_IRQHandler                    0x00000411   Thumb Code     0  startup_tm4c123gh6pm.o(.text)
    GPIOPortP7_IRQHandler                    0x00000411   Thumb Code     0  startup_tm4c123gh6pm.o(.text)
    GPIOPortQ0_IRQHandler                    0x00000411   Thumb Code     0  startup_tm4c123gh6pm.o(.text)
    GPIOPortQ1_IRQHandler                    0x00000411   Thumb Code     0  startup_tm4c123gh6pm.o(.text)
    GPIOPortQ2_IRQHandler                    0x00000411   Thumb Code     0  startup_tm4c123gh6pm.o(.text)
    GPIOPortQ3_IRQHandler                    0x00000411   Thumb Code     0  startup_tm4c123gh6pm.o(.text)
    GPIOPortQ4_IRQHandler                    0x00000411   Thumb Code     0  startup_tm4c123gh6pm.o(.text)
    GPIOPortQ5_IRQHandler                    0x00000411   Thumb Code     0  startup_tm4c123gh6pm.o(.text)
    GPIOPortQ6_IRQHandler                    0x00000411   Thumb Code     0  startup_tm4c123gh6pm.o(.text)
    GPIOPortQ7_IRQHandler                    0x00000411   Thumb Code     0  startup_tm4c123gh6pm.o(.text)
    GPIOPortR_IRQHandler                     0x00000411   Thumb Code     0  startup_tm4c123gh6pm.o(.text)
    GPIOPortS_IRQHandler                     0x00000411   Thumb Code     0  startup_tm4c123gh6pm.o(.text)
    Hibernate_IRQHandler                     0x00000411   Thumb Code     0  startup_tm4c123gh6pm.o(.text)
    I2C0_IRQHandler                          0x00000411   Thumb Code     0  startup_tm4c123gh6pm.o(.text)
    I2C1_IRQHandler                          0x00000411   Thumb Code     0  startup_tm4c123gh6pm.o(.text)
    I2C2_IRQHandler                          0x00000411   Thumb Code     0  startup_tm4c123gh6pm.o(.text)
    I2C3_IRQHandler                          0x00000411   Thumb Code     0  startup_tm4c123gh6pm.o(.text)
    I2C4_IRQHandler                          0x00000411   Thumb Code     0  startup_tm4c123gh6pm.o(.text)
    I2C5_IRQHandler                          0x00000411   Thumb Code     0  startup_tm4c123gh6pm.o(.text)
    PWM1Fault_IRQHandler                     0x00000411   Thumb Code     0  startup_tm4c123gh6pm.o(.text)
    PWM1Gen0_IRQHandler                      0x00000411   Thumb Code     0  startup_tm4c123gh6pm.o(.text)
    PWM1Gen1_IRQHandler                      0x00000411   Thumb Code     0  startup_tm4c123gh6pm.o(.text)
    PWM1Gen2_IRQHandler                      0x00000411   Thumb Code     0  startup_tm4c123gh6pm.o(.text)
    PWM1Gen3_IRQHandler                      0x00000411   Thumb Code     0  startup_tm4c123gh6pm.o(.text)
    PWMFault_IRQHandler                      0x00000411   Thumb Code     0  startup_tm4c123gh6pm.o(.text)
    PWMGen0_IRQHandler                       0x00000411   Thumb Code     0  startup_tm4c123gh6pm.o(.text)
    PWMGen1_IRQHandler                       0x00000411   Thumb Code     0  startup_tm4c123gh6pm.o(.text)
    PWMGen2_IRQHandler                       0x00000411   Thumb Code     0  startup_tm4c123gh6pm.o(.text)
    PWMGen3_IRQHandler                       0x00000411   Thumb Code     0  startup_tm4c123gh6pm.o(.text)
    QEI0_IRQHandler                          0x00000411   Thumb Code     0  startup_tm4c123gh6pm.o(.text)
    QEI1_IRQHandler                          0x00000411   Thumb Code     0  startup_tm4c123gh6pm.o(.text)
    QEI2_IRQHandler                          0x00000411   Thumb Code     0  startup_tm4c123gh6pm.o(.text)
    SSI0_IRQHandler                          0x00000411   Thumb Code     0  startup_tm4c123gh6pm.o(.text)
    SSI1_IRQHandler                          0x00000411   Thumb Code     0  startup_tm4c123gh6pm.o(.text)
    SSI2_IRQHandler                          0x00000411   Thumb Code     0  startup_tm4c123gh6pm.o(.text)
    SSI3_IRQHandler                          0x00000411   Thumb Code     0  startup_tm4c123gh6pm.o(.text)
    SysCtrl_IRQHandler                       0x00000411   Thumb Code     0  startup_tm4c123gh6pm.o(.text)
    Timer0A_IRQHandler                       0x00000411   Thumb Code     0  startup_tm4c123gh6pm.o(.text)
    Timer0B_IRQHandler                       0x00000411   Thumb Code     0  startup_tm4c123gh6pm.o(.text)
    Timer1A_IRQHandler                       0x00000411   Thumb Code     0  startup_tm4c123gh6pm.o(.text)
    Timer1B_IRQHandler                       0x00000411   Thumb Code     0  startup_tm4c123gh6pm.o(.text)
    Timer2A_IRQHandler                       0x00000411   Thumb Code     0  startup_tm4c123gh6pm.o(.text)
    Timer2B_IRQHandler                       0x00000411   Thumb Code     0  startup_tm4c123gh6pm.o(.text)
    Timer3A_IRQHandler                       0x00000411   Thumb Code     0  startup_tm4c123gh6pm.o(.text)
    Timer3B_IRQHandler                       0x00000411   Thumb Code     0  startup_tm4c123gh6pm.o(.text)
    Timer4A_IRQHandler                       0x00000411   Thumb Code     0  startup_tm4c123gh6pm.o(.text)
    Timer4B_IRQHandler                       0x00000411   Thumb Code     0  startup_tm4c123gh6pm.o(.text)
    Timer5A_IRQHandler                       0x00000411   Thumb Code     0  startup_tm4c123gh6pm.o(.text)
    Timer5B_IRQHandler                       0x00000411   Thumb Code     0  startup_tm4c123gh6pm.o(.text)
    UART0_IRQHandler                         0x00000411   Thumb Code     0  startup_tm4c123gh6pm.o(.text)
    UART1_IRQHandler                         0x00000411   Thumb Code     0  startup_tm4c123gh6pm.o(.text)
    UART2_IRQHandler                         0x00000411   Thumb Code     0  startup_tm4c123gh6pm.o(.text)
    UART3_IRQHandler                         0x00000411   Thumb Code     0  startup_tm4c123gh6pm.o(.text)
    UART4_IRQHandler                         0x00000411   Thumb Code     0  startup_tm4c123gh6pm.o(.text)
    UART5_IRQHandler                         0x00000411   Thumb Code     0  startup_tm4c123gh6pm.o(.text)
    UART6_IRQHandler                         0x00000411   Thumb Code     0  startup_tm4c123gh6pm.o(.text)
    UART7_IRQHandler                         0x00000411   Thumb Code     0  startup_tm4c123gh6pm.o(.text)
    USB0_IRQHandler                          0x00000411   Thumb Code     0  startup_tm4c123gh6pm.o(.text)
    Watchdog_IRQHandler                      0x00000411   Thumb Code     0  startup_tm4c123gh6pm.o(.text)
    WideTimer0A_IRQHandler                   0x00000411   Thumb Code     0  startup_tm4c123gh6pm.o(.text)
    WideTimer0B_IRQHandler                   0x00000411   Thumb Code     0  startup_tm4c123gh6pm.o(.text)
    WideTimer1A_IRQHandler                   0x00000411   Thumb Code     0  startup_tm4c123gh6pm.o(.text)
    WideTimer1B_IRQHandler                   0x00000411   Thumb Code     0  startup_tm4c123gh6pm.o(.text)
    WideTimer2A_IRQHandler                   0x00000411   Thumb Code     0  startup_tm4c123gh6pm.o(.text)
    WideTimer2B_IRQHandler                   0x00000411   Thumb Code     0  startup_tm4c123gh6pm.o(.text)
    WideTimer3A_IRQHandler                   0x00000411   Thumb Code     0  startup_tm4c123gh6pm.o(.text)
    WideTimer3B_IRQHandler                   0x00000411   Thumb Code     0  startup_tm4c123gh6pm.o(.text)
    WideTimer4A_IRQHandler                   0x00000411   Thumb Code     0  startup_tm4c123gh6pm.o(.text)
    WideTimer4B_IRQHandler                   0x00000411   Thumb Code     0  startup_tm4c123gh6pm.o(.text)
    WideTimer5A_IRQHandler                   0x00000411   Thumb Code     0  startup_tm4c123gh6pm.o(.text)
    WideTimer5B_IRQHandler                   0x00000411   Thumb Code     0  startup_tm4c123gh6pm.o(.text)
    uDMAError_IRQHandler                     0x00000411   Thumb Code     0  startup_tm4c123gh6pm.o(.text)
    uDMAST_IRQHandler                        0x00000411   Thumb Code     0  startup_tm4c123gh6pm.o(.text)
    __user_initial_stackheap                 0x00000419   Thumb Code    10  startup_tm4c123gh6pm.o(.text)
    assert_failed                            0x00000423   Thumb Code    10  startup_tm4c123gh6pm.o(.text)
    __aeabi_memset                           0x00000449   Thumb Code    16  aeabi_memset.o(.text)
    __use_two_region_memory                  0x00000459   Thumb Code     2  heapauxi.o(.text)
    __rt_heap_escrow$2region                 0x0000045b   Thumb Code     2  heapauxi.o(.text)
    __rt_heap_expand$2region                 0x0000045d   Thumb Code     2  heapauxi.o(.text)
    __aeabi_memclr                           0x0000045f   Thumb Code     0  rt_memclr.o(.text)
    __rt_memclr                              0x0000045f   Thumb Code    68  rt_memclr.o(.text)
    _memset                                  0x00000463   Thumb Code     0  rt_memclr.o(.text)
    __aeabi_memclr4                          0x000004a3   Thumb Code     0  rt_memclr_w.o(.text)
    __aeabi_memclr8                          0x000004a3   Thumb Code     0  rt_memclr_w.o(.text)
    __rt_memclr_w                            0x000004a3   Thumb Code    78  rt_memclr_w.o(.text)
    _memset_w                                0x000004a7   Thumb Code     0  rt_memclr_w.o(.text)
    __user_setup_stackheap                   0x000004f1   Thumb Code    74  sys_stackheap_outer.o(.text)
    exit                                     0x0000053b   Thumb Code    18  exit.o(.text)
    __user_libspace                          0x0000054d   Thumb Code     8  libspace.o(.text)
    __user_perproc_libspace                  0x0000054d   Thumb Code     0  libspace.o(.text)
    __user_perthread_libspace                0x0000054d   Thumb Code     0  libspace.o(.text)
    _sys_exit                                0x00000555   Thumb Code     8  sys_exit.o(.text)
    __I$use$semihosting                      0x00000561   Thumb Code     0  use_no_semi.o(.text)
    __use_no_semihosting_swi                 0x00000561   Thumb Code     2  use_no_semi.o(.text)
    __semihosting_library_function           0x00000563   Thumb Code     0  indicate_semi.o(.text)
    BSP_BP_BuzzerIO_Init                     0x00000565   Thumb Code   188  bsp.o(i.BSP_BP_BuzzerIO_Init)
    BSP_BP_Buzzer_Set                        0x00000639   Thumb Code    24  bsp.o(i.BSP_BP_Buzzer_Set)
    BSP_bstrPackLedBlueOff                   0x00000659   Thumb Code     8  bsp.o(i.BSP_bstrPackLedBlueOff)
    BSP_bstrPackLedBlueOn                    0x00000665   Thumb Code     8  bsp.o(i.BSP_bstrPackLedBlueOn)
    BSP_displayPaused                        0x00000671   Thumb Code    14  bsp.o(i.BSP_displayPaused)
    BSP_displayPhilStat                      0x00000685   Thumb Code    18  bsp.o(i.BSP_displayPhilStat)
    BSP_init                                 0x0000069d   Thumb Code   198  bsp.o(i.BSP_init)
    BSP_ledRedOff                            0x0000079d   Thumb Code     8  bsp.o(i.BSP_ledRedOff)
    BSP_random                               0x000007a9   Thumb Code    52  bsp.o(i.BSP_random)
    BSP_randomSeed                           0x000007ed   Thumb Code     6  bsp.o(i.BSP_randomSeed)
    GPIOPortA_IRQHandler                     0x000007f9   Thumb Code    58  bsp.o(i.GPIOPortA_IRQHandler)
    Heartbeat_ctor                           0x0000083d   Thumb Code    30  blinky.o(i.Heartbeat_ctor)
    Philo_ctor                               0x000009a1   Thumb Code    48  philo.o(i.Philo_ctor)
    QActive_ctor                             0x00000c19   Thumb Code    28  qf_qact.o(i.QActive_ctor)
    QActive_get_                             0x00000c39   Thumb Code   114  qf_actq.o(i.QActive_get_)
    QActive_postFromISR_                     0x00000cb1   Thumb Code   212  qf_port.o(i.QActive_postFromISR_)
    QActive_postLIFO_                        0x00000d89   Thumb Code   122  qf_actq.o(i.QActive_postLIFO_)
    QActive_post_                            0x00000e09   Thumb Code   178  qf_actq.o(i.QActive_post_)
    QActive_setAttr                          0x00000ec1   Thumb Code    34  qf_port.o(i.QActive_setAttr)
    QActive_start_                           0x00000ee9   Thumb Code   162  qf_port.o(i.QActive_start_)
    QActive_subscribe                        0x00000f99   Thumb Code    86  qf_ps.o(i.QActive_subscribe)
    QEQueue_init                             0x00001001   Thumb Code    24  qf_qeq.o(i.QEQueue_init)
    QF_LOG2                                  0x00001019   Thumb Code    36  qf_act.o(i.QF_LOG2)
    QF_add_                                  0x00001041   Thumb Code    50  qf_act.o(i.QF_add_)
    QF_bzero                                 0x0000107d   Thumb Code    18  qf_act.o(i.QF_bzero)
    QF_gc                                    0x00001091   Thumb Code    78  qf_dyn.o(i.QF_gc)
    QF_gcFromISR                             0x000010ed   Thumb Code   108  qf_port.o(i.QF_gcFromISR)
    QF_init                                  0x00001165   Thumb Code     2  qf_port.o(i.QF_init)
    QF_newXFromISR_                          0x00001169   Thumb Code   138  qf_port.o(i.QF_newXFromISR_)
    QF_newX_                                 0x00001201   Thumb Code   138  qf_dyn.o(i.QF_newX_)
    QF_onStartup                             0x00001299   Thumb Code   138  bsp.o(i.QF_onStartup)
    QF_poolInit                              0x00001331   Thumb Code   100  qf_dyn.o(i.QF_poolInit)
    QF_psInit                                0x000013a1   Thumb Code    24  qf_ps.o(i.QF_psInit)
    QF_publishFromISR_                       0x000013c1   Thumb Code   178  qf_port.o(i.QF_publishFromISR_)
    QF_publish_                              0x00001485   Thumb Code   160  qf_ps.o(i.QF_publish_)
    QF_run                                   0x00001535   Thumb Code    22  qf_port.o(i.QF_run)
    QF_tickXFromISR_                         0x00001551   Thumb Code   234  qf_port.o(i.QF_tickXFromISR_)
    QF_tickX_                                0x00001645   Thumb Code   178  qf_time.o(i.QF_tickX_)
    QHsm_ctor                                0x00001701   Thumb Code    12  qep_hsm.o(i.QHsm_ctor)
    QHsm_dispatch_                           0x00001715   Thumb Code   258  qep_hsm.o(i.QHsm_dispatch_)
    QHsm_init_                               0x00001821   Thumb Code   168  qep_hsm.o(i.QHsm_init_)
    QHsm_top                                 0x000018d5   Thumb Code     6  qep_hsm.o(i.QHsm_top)
    QMPool_get                               0x00001a39   Thumb Code   138  qf_mem.o(i.QMPool_get)
    QMPool_getFromISR                        0x00001ac9   Thumb Code   146  qf_port.o(i.QMPool_getFromISR)
    QMPool_init                              0x00001b61   Thumb Code   138  qf_mem.o(i.QMPool_init)
    QMPool_put                               0x00001bf1   Thumb Code    58  qf_mem.o(i.QMPool_put)
    QMPool_putFromISR                        0x00001c31   Thumb Code    84  qf_port.o(i.QMPool_putFromISR)
    QTimeEvt_armX                            0x00001d15   Thumb Code   102  qf_time.o(i.QTimeEvt_armX)
    QTimeEvt_ctorX                           0x00001d85   Thumb Code    50  qf_time.o(i.QTimeEvt_ctorX)
    QTimeEvt_disarm                          0x00001dbd   Thumb Code    46  qf_time.o(i.QTimeEvt_disarm)
    Q_onAssert                               0x00001ded   Thumb Code    90  bsp.o(i.Q_onAssert)
    SysTick_Handler                          0x00001e59   Thumb Code    46  port.o(i.SysTick_Handler)
    SystemCoreClockUpdate                    0x00001e8d   Thumb Code   184  system_tm4c123gh6pm.o(i.SystemCoreClockUpdate)
    SystemInit                               0x00001f51   Thumb Code   138  system_tm4c123gh6pm.o(i.SystemInit)
    Table_ctor                               0x0000203d   Thumb Code    38  table.o(i.Table_ctor)
    main                                     0x00002559   Thumb Code   280  main.o(i.main)
    pxPortInitialiseStack                    0x000029c9   Thumb Code    38  port.o(i.pxPortInitialiseStack)
    ulTaskNotifyTake                         0x00002a15   Thumb Code   108  tasks.o(i.ulTaskNotifyTake)
    uxListRemove                             0x00002a89   Thumb Code    40  list.o(i.uxListRemove)
    vApplicationGetIdleTaskMemory            0x00002ab1   Thumb Code    16  bsp.o(i.vApplicationGetIdleTaskMemory)
    vApplicationIdleHook                     0x00002ac9   Thumb Code    64  bsp.o(i.vApplicationIdleHook)
    vApplicationStackOverflowHook            0x00002b11   Thumb Code    10  bsp.o(i.vApplicationStackOverflowHook)
    vApplicationTickHook                     0x00002b21   Thumb Code   300  bsp.o(i.vApplicationTickHook)
    vListInitialise                          0x00002c71   Thumb Code    26  list.o(i.vListInitialise)
    vListInitialiseItem                      0x00002c8b   Thumb Code     6  list.o(i.vListInitialiseItem)
    vListInsert                              0x00002c91   Thumb Code    52  list.o(i.vListInsert)
    vListInsertEnd                           0x00002cc5   Thumb Code    24  list.o(i.vListInsertEnd)
    vPortEnterCritical                       0x00002cdd   Thumb Code    66  port.o(i.vPortEnterCritical)
    vPortExitCritical                        0x00002d2d   Thumb Code    46  port.o(i.vPortExitCritical)
    vPortSetupTimerInterrupt                 0x00002d65   Thumb Code    36  port.o(i.vPortSetupTimerInterrupt)
    vPortValidateInterruptPriority           0x00002d8d   Thumb Code    82  port.o(i.vPortValidateInterruptPriority)
    vTaskNotifyGiveFromISR                   0x00002df1   Thumb Code   190  tasks.o(i.vTaskNotifyGiveFromISR)
    vTaskStartScheduler                      0x00002ecd   Thumb Code   134  tasks.o(i.vTaskStartScheduler)
    vTaskSuspendAll                          0x00002f75   Thumb Code    12  tasks.o(i.vTaskSuspendAll)
    vTaskSwitchContext                       0x00002f85   Thumb Code   162  tasks.o(i.vTaskSwitchContext)
    xPortStartScheduler                      0x00003041   Thumb Code   252  port.o(i.xPortStartScheduler)
    xTaskCreateStatic                        0x0000315d   Thumb Code   142  tasks.o(i.xTaskCreateStatic)
    xTaskGenericNotify                       0x000031f1   Thumb Code   244  tasks.o(i.xTaskGenericNotify)
    xTaskIncrementTick                       0x000032f9   Thumb Code   284  tasks.o(i.xTaskIncrementTick)
    xTaskResumeAll                           0x00003445   Thumb Code   212  tasks.o(i.xTaskResumeAll)
    _fp_init                                 0x00003541   Thumb Code    10  fpinit.o(x$fpl$fpinit)
    __fplib_config_fpu_vfp                   0x00003549   Thumb Code     0  fpinit.o(x$fpl$fpinit)
    __fplib_config_pureend_doubles           0x00003549   Thumb Code     0  fpinit.o(x$fpl$fpinit)
    AO_Philo                                 0x000035f8   Data          20  philo.o(.constdata)
    AO_Table                                 0x0000365c   Data           4  table.o(.constdata)
    AO_Heartbeat                             0x00003660   Data           4  blinky.o(.constdata)
    QP_versionStr                            0x0000366c   Data           7  qep_hsm.o(.constdata)
    Region$$Table$$Base                      0x000037d0   Number         0  anon$$obj.o(Region$$Table)
    Region$$Table$$Limit                     0x000037f0   Number         0  anon$$obj.o(Region$$Table)
    SystemCoreClock                          0x2000001c   Data           4  system_tm4c123gh6pm.o(.data)
    QF_maxPool_                              0x20000020   Data           4  qf_dyn.o(.data)
    QF_subscrList_                           0x20000024   Data           4  qf_ps.o(.data)
    QF_maxPubSignal_                         0x20000028   Data           4  qf_ps.o(.data)
    pxCurrentTCB                             0x2000002c   Data           4  tasks.o(.data)
    QF_active_                               0x20002548   Data         132  qf_act.o(.bss)
    QF_pool_                                 0x200025cc   Data          60  qf_dyn.o(.bss)
    QF_timeEvtHead_                          0x20002608   Data          16  qf_time.o(.bss)
    __libspace_start                         0x200028e8   Data          96  libspace.o(.bss)
    __temporary_stack_top$libspace           0x20002948   Data           0  libspace.o(.bss)



==============================================================================

Memory Map of the image

  Image Entry point : 0x000003cd

  Load Region LR_IROM1 (Base: 0x00000000, Size: 0x00003864, Max: 0x00040000, ABSOLUTE)

    Execution Region ER_IROM1 (Exec base: 0x00000000, Load base: 0x00000000, Size: 0x000037f0, Max: 0x00040000, ABSOLUTE)

    Exec Addr    Load Addr    Size         Type   Attr      Idx    E Section Name        Object

    0x00000000   0x00000000   0x0000026c   Data   RO          577    RESET               startup_tm4c123gh6pm.o
    0x0000026c   0x0000026c   0x00000008   Code   RO         1606  * !!!main             c_w.l(__main.o)
    0x00000274   0x00000274   0x00000034   Code   RO         1769    !!!scatter          c_w.l(__scatter.o)
    0x000002a8   0x000002a8   0x0000001a   Code   RO         1771    !!handler_copy      c_w.l(__scatter_copy.o)
    0x000002c2   0x000002c2   0x00000002   PAD
    0x000002c4   0x000002c4   0x0000001c   Code   RO         1773    !!handler_zi        c_w.l(__scatter_zi.o)
    0x000002e0   0x000002e0   0x00000002   Code   RO         1637    .ARM.Collect$$libinit$$00000000  c_w.l(libinit.o)
    0x000002e2   0x000002e2   0x00000004   Code   RO         1643    .ARM.Collect$$libinit$$00000001  c_w.l(libinit2.o)
    0x000002e6   0x000002e6   0x00000000   Code   RO         1646    .ARM.Collect$$libinit$$00000004  c_w.l(libinit2.o)
    0x000002e6   0x000002e6   0x00000000   Code   RO         1649    .ARM.Collect$$libinit$$0000000A  c_w.l(libinit2.o)
    0x000002e6   0x000002e6   0x00000000   Code   RO         1651    .ARM.Collect$$libinit$$0000000C  c_w.l(libinit2.o)
    0x000002e6   0x000002e6   0x00000000   Code   RO         1653    .ARM.Collect$$libinit$$0000000E  c_w.l(libinit2.o)
    0x000002e6   0x000002e6   0x00000000   Code   RO         1656    .ARM.Collect$$libinit$$00000011  c_w.l(libinit2.o)
    0x000002e6   0x000002e6   0x00000000   Code   RO         1658    .ARM.Collect$$libinit$$00000013  c_w.l(libinit2.o)
    0x000002e6   0x000002e6   0x00000000   Code   RO         1660    .ARM.Collect$$libinit$$00000015  c_w.l(libinit2.o)
    0x000002e6   0x000002e6   0x00000000   Code   RO         1662    .ARM.Collect$$libinit$$00000017  c_w.l(libinit2.o)
    0x000002e6   0x000002e6   0x00000000   Code   RO         1664    .ARM.Collect$$libinit$$00000019  c_w.l(libinit2.o)
    0x000002e6   0x000002e6   0x00000000   Code   RO         1666    .ARM.Collect$$libinit$$0000001B  c_w.l(libinit2.o)
    0x000002e6   0x000002e6   0x00000000   Code   RO         1668    .ARM.Collect$$libinit$$0000001D  c_w.l(libinit2.o)
    0x000002e6   0x000002e6   0x00000000   Code   RO         1670    .ARM.Collect$$libinit$$0000001F  c_w.l(libinit2.o)
    0x000002e6   0x000002e6   0x00000000   Code   RO         1672    .ARM.Collect$$libinit$$00000021  c_w.l(libinit2.o)
    0x000002e6   0x000002e6   0x00000000   Code   RO         1674    .ARM.Collect$$libinit$$00000023  c_w.l(libinit2.o)
    0x000002e6   0x000002e6   0x00000000   Code   RO         1676    .ARM.Collect$$libinit$$00000025  c_w.l(libinit2.o)
    0x000002e6   0x000002e6   0x00000000   Code   RO         1680    .ARM.Collect$$libinit$$0000002C  c_w.l(libinit2.o)
    0x000002e6   0x000002e6   0x00000000   Code   RO         1682    .ARM.Collect$$libinit$$0000002E  c_w.l(libinit2.o)
    0x000002e6   0x000002e6   0x00000000   Code   RO         1684    .ARM.Collect$$libinit$$00000030  c_w.l(libinit2.o)
    0x000002e6   0x000002e6   0x00000000   Code   RO         1686    .ARM.Collect$$libinit$$00000032  c_w.l(libinit2.o)
    0x000002e6   0x000002e6   0x00000002   Code   RO         1687    .ARM.Collect$$libinit$$00000033  c_w.l(libinit2.o)
    0x000002e8   0x000002e8   0x00000002   Code   RO         1707    .ARM.Collect$$libshutdown$$00000000  c_w.l(libshutdown.o)
    0x000002ea   0x000002ea   0x00000000   Code   RO         1720    .ARM.Collect$$libshutdown$$00000002  c_w.l(libshutdown2.o)
    0x000002ea   0x000002ea   0x00000000   Code   RO         1722    .ARM.Collect$$libshutdown$$00000004  c_w.l(libshutdown2.o)
    0x000002ea   0x000002ea   0x00000000   Code   RO         1724    .ARM.Collect$$libshutdown$$00000006  c_w.l(libshutdown2.o)
    0x000002ea   0x000002ea   0x00000000   Code   RO         1727    .ARM.Collect$$libshutdown$$00000009  c_w.l(libshutdown2.o)
    0x000002ea   0x000002ea   0x00000000   Code   RO         1730    .ARM.Collect$$libshutdown$$0000000C  c_w.l(libshutdown2.o)
    0x000002ea   0x000002ea   0x00000000   Code   RO         1732    .ARM.Collect$$libshutdown$$0000000E  c_w.l(libshutdown2.o)
    0x000002ea   0x000002ea   0x00000000   Code   RO         1735    .ARM.Collect$$libshutdown$$00000011  c_w.l(libshutdown2.o)
    0x000002ea   0x000002ea   0x00000002   Code   RO         1736    .ARM.Collect$$libshutdown$$00000012  c_w.l(libshutdown2.o)
    0x000002ec   0x000002ec   0x00000000   Code   RO         1608    .ARM.Collect$$rtentry$$00000000  c_w.l(__rtentry.o)
    0x000002ec   0x000002ec   0x00000000   Code   RO         1612    .ARM.Collect$$rtentry$$00000002  c_w.l(__rtentry2.o)
    0x000002ec   0x000002ec   0x00000006   Code   RO         1624    .ARM.Collect$$rtentry$$00000004  c_w.l(__rtentry4.o)
    0x000002f2   0x000002f2   0x00000000   Code   RO         1614    .ARM.Collect$$rtentry$$00000009  c_w.l(__rtentry2.o)
    0x000002f2   0x000002f2   0x00000004   Code   RO         1615    .ARM.Collect$$rtentry$$0000000A  c_w.l(__rtentry2.o)
    0x000002f6   0x000002f6   0x00000000   Code   RO         1617    .ARM.Collect$$rtentry$$0000000C  c_w.l(__rtentry2.o)
    0x000002f6   0x000002f6   0x00000008   Code   RO         1618    .ARM.Collect$$rtentry$$0000000D  c_w.l(__rtentry2.o)
    0x000002fe   0x000002fe   0x00000002   Code   RO         1641    .ARM.Collect$$rtexit$$00000000  c_w.l(rtexit.o)
    0x00000300   0x00000300   0x00000000   Code   RO         1689    .ARM.Collect$$rtexit$$00000002  c_w.l(rtexit2.o)
    0x00000300   0x00000300   0x00000004   Code   RO         1690    .ARM.Collect$$rtexit$$00000003  c_w.l(rtexit2.o)
    0x00000304   0x00000304   0x00000006   Code   RO         1691    .ARM.Collect$$rtexit$$00000004  c_w.l(rtexit2.o)
    0x0000030a   0x0000030a   0x00000002   PAD
    0x0000030c   0x0000030c   0x000000be   Code   RO         1522    .emb_text           port.o
    0x000003ca   0x000003ca   0x00000002   PAD
    0x000003cc   0x000003cc   0x0000007c   Code   RO          578  * .text               startup_tm4c123gh6pm.o
    0x00000448   0x00000448   0x00000010   Code   RO         1602    .text               c_w.l(aeabi_memset.o)
    0x00000458   0x00000458   0x00000006   Code   RO         1604    .text               c_w.l(heapauxi.o)
    0x0000045e   0x0000045e   0x00000044   Code   RO         1609    .text               c_w.l(rt_memclr.o)
    0x000004a2   0x000004a2   0x0000004e   Code   RO         1626    .text               c_w.l(rt_memclr_w.o)
    0x000004f0   0x000004f0   0x0000004a   Code   RO         1628    .text               c_w.l(sys_stackheap_outer.o)
    0x0000053a   0x0000053a   0x00000012   Code   RO         1630    .text               c_w.l(exit.o)
    0x0000054c   0x0000054c   0x00000008   Code   RO         1638    .text               c_w.l(libspace.o)
    0x00000554   0x00000554   0x0000000c   Code   RO         1699    .text               c_w.l(sys_exit.o)
    0x00000560   0x00000560   0x00000002   Code   RO         1710    .text               c_w.l(use_no_semi.o)
    0x00000562   0x00000562   0x00000000   Code   RO         1712    .text               c_w.l(indicate_semi.o)
    0x00000562   0x00000562   0x00000002   PAD
    0x00000564   0x00000564   0x000000d4   Code   RO            4    i.BSP_BP_BuzzerIO_Init  bsp.o
    0x00000638   0x00000638   0x00000020   Code   RO            6    i.BSP_BP_Buzzer_Set  bsp.o
    0x00000658   0x00000658   0x0000000c   Code   RO            7    i.BSP_bstrPackLedBlueOff  bsp.o
    0x00000664   0x00000664   0x0000000c   Code   RO            8    i.BSP_bstrPackLedBlueOn  bsp.o
    0x00000670   0x00000670   0x00000014   Code   RO           13    i.BSP_displayPaused  bsp.o
    0x00000684   0x00000684   0x00000018   Code   RO           14    i.BSP_displayPhilStat  bsp.o
    0x0000069c   0x0000069c   0x00000100   Code   RO           15    i.BSP_init          bsp.o
    0x0000079c   0x0000079c   0x0000000c   Code   RO           20    i.BSP_ledRedOff     bsp.o
    0x000007a8   0x000007a8   0x00000044   Code   RO           22    i.BSP_random        bsp.o
    0x000007ec   0x000007ec   0x0000000c   Code   RO           23    i.BSP_randomSeed    bsp.o
    0x000007f8   0x000007f8   0x00000044   Code   RO           25    i.GPIOPortA_IRQHandler  bsp.o
    0x0000083c   0x0000083c   0x00000028   Code   RO          482    i.Heartbeat_ctor    blinky.o
    0x00000864   0x00000864   0x0000002c   Code   RO          483    i.Heartbeat_initial  blinky.o
    0x00000890   0x00000890   0x00000024   Code   RO          484    i.Heartbeat_off     blinky.o
    0x000008b4   0x000008b4   0x00000068   Code   RO          485    i.Heartbeat_on      blinky.o
    0x0000091c   0x0000091c   0x00000060   Code   RO          486    i.Heartbeat_start   blinky.o
    0x0000097c   0x0000097c   0x00000024   Code   RO          487    i.Heartbeat_stop    blinky.o
    0x000009a0   0x000009a0   0x00000038   Code   RO          359    i.Philo_ctor        philo.o
    0x000009d8   0x000009d8   0x000000b8   Code   RO          360    i.Philo_eating      philo.o
    0x00000a90   0x00000a90   0x000000ac   Code   RO          361    i.Philo_hungry      philo.o
    0x00000b3c   0x00000b3c   0x00000034   Code   RO          362    i.Philo_initial     philo.o
    0x00000b70   0x00000b70   0x000000a8   Code   RO          363    i.Philo_thinking    philo.o
    0x00000c18   0x00000c18   0x00000020   Code   RO          950    i.QActive_ctor      qf_qact.o
    0x00000c38   0x00000c38   0x00000078   Code   RO          735    i.QActive_get_      qf_actq.o
    0x00000cb0   0x00000cb0   0x000000d8   Code   RO         1070    i.QActive_postFromISR_  qf_port.o
    0x00000d88   0x00000d88   0x00000080   Code   RO          736    i.QActive_postLIFO_  qf_actq.o
    0x00000e08   0x00000e08   0x000000b8   Code   RO          737    i.QActive_post_     qf_actq.o
    0x00000ec0   0x00000ec0   0x00000028   Code   RO         1071    i.QActive_setAttr   qf_port.o
    0x00000ee8   0x00000ee8   0x000000b0   Code   RO         1072    i.QActive_start_    qf_port.o
    0x00000f98   0x00000f98   0x00000068   Code   RO          906    i.QActive_subscribe  qf_ps.o
    0x00001000   0x00001000   0x00000018   Code   RO          964    i.QEQueue_init      qf_qeq.o
    0x00001018   0x00001018   0x00000028   Code   RO          691    i.QF_LOG2           qf_act.o
    0x00001040   0x00001040   0x0000003c   Code   RO          692    i.QF_add_           qf_act.o
    0x0000107c   0x0000107c   0x00000012   Code   RO          693    i.QF_bzero          qf_act.o
    0x0000108e   0x0000108e   0x00000002   PAD
    0x00001090   0x00001090   0x0000005c   Code   RO          824    i.QF_gc             qf_dyn.o
    0x000010ec   0x000010ec   0x00000078   Code   RO         1073    i.QF_gcFromISR      qf_port.o
    0x00001164   0x00001164   0x00000002   Code   RO         1074    i.QF_init           qf_port.o
    0x00001166   0x00001166   0x00000002   PAD
    0x00001168   0x00001168   0x00000098   Code   RO         1075    i.QF_newXFromISR_   qf_port.o
    0x00001200   0x00001200   0x00000098   Code   RO          826    i.QF_newX_          qf_dyn.o
    0x00001298   0x00001298   0x00000098   Code   RO           27    i.QF_onStartup      bsp.o
    0x00001330   0x00001330   0x00000070   Code   RO          828    i.QF_poolInit       qf_dyn.o
    0x000013a0   0x000013a0   0x00000020   Code   RO          909    i.QF_psInit         qf_ps.o
    0x000013c0   0x000013c0   0x000000c4   Code   RO         1076    i.QF_publishFromISR_  qf_port.o
    0x00001484   0x00001484   0x000000b0   Code   RO          910    i.QF_publish_       qf_ps.o
    0x00001534   0x00001534   0x0000001c   Code   RO         1077    i.QF_run            qf_port.o
    0x00001550   0x00001550   0x000000f4   Code   RO         1079    i.QF_tickXFromISR_  qf_port.o
    0x00001644   0x00001644   0x000000bc   Code   RO         1009    i.QF_tickX_         qf_time.o
    0x00001700   0x00001700   0x00000014   Code   RO          583    i.QHsm_ctor         qep_hsm.o
    0x00001714   0x00001714   0x0000010c   Code   RO          584    i.QHsm_dispatch_    qep_hsm.o
    0x00001820   0x00001820   0x000000b4   Code   RO          585    i.QHsm_init_        qep_hsm.o
    0x000018d4   0x000018d4   0x00000006   Code   RO          587    i.QHsm_top          qep_hsm.o
    0x000018da   0x000018da   0x00000002   PAD
    0x000018dc   0x000018dc   0x0000015c   Code   RO          588    i.QHsm_tran_        qep_hsm.o
    0x00001a38   0x00001a38   0x00000090   Code   RO          875    i.QMPool_get        qf_mem.o
    0x00001ac8   0x00001ac8   0x00000098   Code   RO         1080    i.QMPool_getFromISR  qf_port.o
    0x00001b60   0x00001b60   0x00000090   Code   RO          876    i.QMPool_init       qf_mem.o
    0x00001bf0   0x00001bf0   0x00000040   Code   RO          877    i.QMPool_put        qf_mem.o
    0x00001c30   0x00001c30   0x00000058   Code   RO         1081    i.QMPool_putFromISR  qf_port.o
    0x00001c88   0x00001c88   0x00000026   Code   RO          740    i.QTicker_dispatch_  qf_actq.o
    0x00001cae   0x00001cae   0x00000006   Code   RO          741    i.QTicker_init_     qf_actq.o
    0x00001cb4   0x00001cb4   0x00000018   Code   RO          742    i.QTicker_postLIFO_  qf_actq.o
    0x00001ccc   0x00001ccc   0x00000048   Code   RO          743    i.QTicker_post_     qf_actq.o
    0x00001d14   0x00001d14   0x00000070   Code   RO         1010    i.QTimeEvt_armX     qf_time.o
    0x00001d84   0x00001d84   0x00000038   Code   RO         1011    i.QTimeEvt_ctorX    qf_time.o
    0x00001dbc   0x00001dbc   0x0000002e   Code   RO         1013    i.QTimeEvt_disarm   qf_time.o
    0x00001dea   0x00001dea   0x00000002   PAD
    0x00001dec   0x00001dec   0x0000006c   Code   RO           28    i.Q_onAssert        bsp.o
    0x00001e58   0x00001e58   0x00000034   Code   RO         1523    i.SysTick_Handler   port.o
    0x00001e8c   0x00001e8c   0x000000c4   Code   RO          530    i.SystemCoreClockUpdate  system_tm4c123gh6pm.o
    0x00001f50   0x00001f50   0x000000b4   Code   RO          531    i.SystemInit        system_tm4c123gh6pm.o
    0x00002004   0x00002004   0x00000038   Code   RO          442    i.Table_active      table.o
    0x0000203c   0x0000203c   0x00000030   Code   RO          443    i.Table_ctor        table.o
    0x0000206c   0x0000206c   0x00000060   Code   RO          444    i.Table_initial     table.o
    0x000020cc   0x000020cc   0x00000104   Code   RO          445    i.Table_paused      table.o
    0x000021d0   0x000021d0   0x00000268   Code   RO          446    i.Table_serving     table.o
    0x00002438   0x00002438   0x00000028   Code   RO           29    i.__NVIC_SetPriority  bsp.o
    0x00002460   0x00002460   0x000000f8   Code   RO          532    i.getOscClk         system_tm4c123gh6pm.o
    0x00002558   0x00002558   0x00000164   Code   RO          324    i.main              main.o
    0x000026bc   0x000026bc   0x00000080   Code   RO         1231    i.prvAddCurrentTaskToDelayedList  tasks.o
    0x0000273c   0x0000273c   0x000000b4   Code   RO         1232    i.prvAddNewTaskToReadyList  tasks.o
    0x000027f0   0x000027f0   0x00000048   Code   RO         1233    i.prvCheckTasksWaitingTermination  tasks.o
    0x00002838   0x00002838   0x00000002   Code   RO         1234    i.prvDeleteTCB      tasks.o
    0x0000283a   0x0000283a   0x0000000c   Code   RO         1235    i.prvIdleTask       tasks.o
    0x00002846   0x00002846   0x00000002   PAD
    0x00002848   0x00002848   0x000000b8   Code   RO         1236    i.prvInitialiseNewTask  tasks.o
    0x00002900   0x00002900   0x0000005c   Code   RO         1237    i.prvInitialiseTaskLists  tasks.o
    0x0000295c   0x0000295c   0x00000034   Code   RO         1238    i.prvResetNextTaskUnblockTime  tasks.o
    0x00002990   0x00002990   0x00000038   Code   RO         1524    i.prvTaskExitError  port.o
    0x000029c8   0x000029c8   0x0000002c   Code   RO         1525    i.pxPortInitialiseStack  port.o
    0x000029f4   0x000029f4   0x00000020   Code   RO         1082    i.task_function     qf_port.o
    0x00002a14   0x00002a14   0x00000074   Code   RO         1241    i.ulTaskNotifyTake  tasks.o
    0x00002a88   0x00002a88   0x00000028   Code   RO         1181    i.uxListRemove      list.o
    0x00002ab0   0x00002ab0   0x00000018   Code   RO           30    i.vApplicationGetIdleTaskMemory  bsp.o
    0x00002ac8   0x00002ac8   0x00000048   Code   RO           31    i.vApplicationIdleHook  bsp.o
    0x00002b10   0x00002b10   0x00000010   Code   RO           32    i.vApplicationStackOverflowHook  bsp.o
    0x00002b20   0x00002b20   0x00000150   Code   RO           33    i.vApplicationTickHook  bsp.o
    0x00002c70   0x00002c70   0x0000001a   Code   RO         1182    i.vListInitialise   list.o
    0x00002c8a   0x00002c8a   0x00000006   Code   RO         1183    i.vListInitialiseItem  list.o
    0x00002c90   0x00002c90   0x00000034   Code   RO         1184    i.vListInsert       list.o
    0x00002cc4   0x00002cc4   0x00000018   Code   RO         1185    i.vListInsertEnd    list.o
    0x00002cdc   0x00002cdc   0x00000050   Code   RO         1527    i.vPortEnterCritical  port.o
    0x00002d2c   0x00002d2c   0x00000038   Code   RO         1528    i.vPortExitCritical  port.o
    0x00002d64   0x00002d64   0x00000028   Code   RO         1529    i.vPortSetupTimerInterrupt  port.o
    0x00002d8c   0x00002d8c   0x00000064   Code   RO         1530    i.vPortValidateInterruptPriority  port.o
    0x00002df0   0x00002df0   0x000000dc   Code   RO         1250    i.vTaskNotifyGiveFromISR  tasks.o
    0x00002ecc   0x00002ecc   0x000000a8   Code   RO         1256    i.vTaskStartScheduler  tasks.o
    0x00002f74   0x00002f74   0x00000010   Code   RO         1257    i.vTaskSuspendAll   tasks.o
    0x00002f84   0x00002f84   0x000000bc   Code   RO         1258    i.vTaskSwitchContext  tasks.o
    0x00003040   0x00003040   0x0000011c   Code   RO         1531    i.xPortStartScheduler  port.o
    0x0000315c   0x0000315c   0x00000094   Code   RO         1260    i.xTaskCreateStatic  tasks.o
    0x000031f0   0x000031f0   0x00000108   Code   RO         1261    i.xTaskGenericNotify  tasks.o
    0x000032f8   0x000032f8   0x0000014c   Code   RO         1267    i.xTaskIncrementTick  tasks.o
    0x00003444   0x00003444   0x000000fc   Code   RO         1273    i.xTaskResumeAll    tasks.o
    0x00003540   0x00003540   0x0000000a   Code   RO         1697    x$fpl$fpinit        fz_wm.l(fpinit.o)
    0x0000354a   0x0000354a   0x00000054   Data   RO           35    .constdata          bsp.o
    0x0000359e   0x0000359e   0x0000004d   Data   RO          326    .constdata          main.o
    0x000035eb   0x000035eb   0x00000001   PAD
    0x000035ec   0x000035ec   0x00000020   Data   RO          365    .constdata          philo.o
    0x0000360c   0x0000360c   0x00000054   Data   RO          448    .constdata          table.o
    0x00003660   0x00003660   0x00000004   Data   RO          489    .constdata          blinky.o
    0x00003664   0x00003664   0x00000028   Data   RO          589    .constdata          qep_hsm.o
    0x0000368c   0x0000368c   0x00000017   Data   RO          696    .constdata          qf_act.o
    0x000036a3   0x000036a3   0x00000001   PAD
    0x000036a4   0x000036a4   0x00000020   Data   RO          744    .constdata          qf_actq.o
    0x000036c4   0x000036c4   0x00000007   Data   RO          830    .constdata          qf_dyn.o
    0x000036cb   0x000036cb   0x00000007   Data   RO          878    .constdata          qf_mem.o
    0x000036d2   0x000036d2   0x00000006   Data   RO          911    .constdata          qf_ps.o
    0x000036d8   0x000036d8   0x00000014   Data   RO          951    .constdata          qf_qact.o
    0x000036ec   0x000036ec   0x00000008   Data   RO         1017    .constdata          qf_time.o
    0x000036f4   0x000036f4   0x00000008   Data   RO         1083    .constdata          qf_port.o
    0x000036fc   0x000036fc   0x0000005e   Data   RO         1275    .conststring        tasks.o
    0x0000375a   0x0000375a   0x00000002   PAD
    0x0000375c   0x0000375c   0x00000074   Data   RO         1532    .conststring        port.o
    0x000037d0   0x000037d0   0x00000020   Data   RO         1767    Region$$Table       anon$$obj.o


    Execution Region RW_IRAM1 (Exec base: 0x20000000, Load base: 0x000037f0, Size: 0x00002d58, Max: 0x00008000, ABSOLUTE)

    Exec Addr    Load Addr    Size         Type   Attr      Idx    E Section Name        Object

    0x20000000   0x000037f0   0x00000018   Data   RW           36    .data               bsp.o
    0x20000018   0x00003808   0x00000001   Data   RW          366    .data               philo.o
    0x20000019   0x00003809   0x00000003   PAD
    0x2000001c   0x0000380c   0x00000004   Data   RW          533    .data               system_tm4c123gh6pm.o
    0x20000020   0x00003810   0x00000004   Data   RW          831    .data               qf_dyn.o
    0x20000024   0x00003814   0x00000008   Data   RW          912    .data               qf_ps.o
    0x2000002c   0x0000381c   0x0000003c   Data   RW         1276    .data               tasks.o
    0x20000068   0x00003858   0x0000000c   Data   RW         1533    .data               port.o
    0x20000074        -       0x0000044c   Zero   RW           34    .bss                bsp.o
    0x200004c0        -       0x00001d24   Zero   RW          325    .bss                main.o
    0x200021e4        -       0x0000026c   Zero   RW          364    .bss                philo.o
    0x20002450        -       0x00000078   Zero   RW          447    .bss                table.o
    0x200024c8        -       0x00000080   Zero   RW          488    .bss                blinky.o
    0x20002548        -       0x00000084   Zero   RW          695    .bss                qf_act.o
    0x200025cc        -       0x0000003c   Zero   RW          829    .bss                qf_dyn.o
    0x20002608        -       0x00000010   Zero   RW         1016    .bss                qf_time.o
    0x20002618        -       0x000002d0   Zero   RW         1274    .bss                tasks.o
    0x200028e8        -       0x00000060   Zero   RW         1639    .bss                c_w.l(libspace.o)
    0x20002948        -       0x00000010   Zero   RW          576    HEAP                startup_tm4c123gh6pm.o
    0x20002958        -       0x00000400   Zero   RW          575    STACK               startup_tm4c123gh6pm.o


==============================================================================

Image component sizes


      Code (inc. data)   RO Data    RW Data    ZI Data      Debug   Object Name

       356         50          4          0        128       4880   blinky.o
      1476        244         84         24       1100      92633   bsp.o
       148          0          0          0          0       5258   list.o
       356         76         77          0       7460      17636   main.o
       632         72         32          1        620      25877   philo.o
       902        116        116         12          0      12089   port.o
       822         40         40          0          0       8937   qep_hsm.o
       118         14         23          0        132       4748   qf_act.o
       572         30         32          0          0       7417   qf_actq.o
       356         40          7          4         60       2996   qf_dyn.o
       352         18          7          0          0       3036   qf_mem.o
      1446         94          8          0          0      30034   qf_port.o
       312         42          6          8          0       2856   qf_ps.o
        32          4         20          0          0       1051   qf_qact.o
        24          0          0          0          0       1107   qf_qeq.o
       402         26          8          0         16       3821   qf_time.o
       124         28        620          0       1040       1148   startup_tm4c123gh6pm.o
       624        144          0          4          0       4039   system_tm4c123gh6pm.o
      1076        124         84          0        120       6000   table.o
      2426        332         94         60        720      34819   tasks.o

    ----------------------------------------------------------------------
     12568       1494       1298        116      11396     270382   Object Totals
         0          0         32          0          0          0   (incl. Generated)
        12          0          4          3          0          0   (incl. Padding)

    ----------------------------------------------------------------------

      Code (inc. data)   RO Data    RW Data    ZI Data      Debug   Library Member Name

         8          0          0          0          0         68   __main.o
         0          0          0          0          0          0   __rtentry.o
        12          0          0          0          0          0   __rtentry2.o
         6          0          0          0          0          0   __rtentry4.o
        52          8          0          0          0          0   __scatter.o
        26          0          0          0          0          0   __scatter_copy.o
        28          0          0          0          0          0   __scatter_zi.o
        16          0          0          0          0         68   aeabi_memset.o
        18          0          0          0          0         80   exit.o
         6          0          0          0          0        152   heapauxi.o
         0          0          0          0          0          0   indicate_semi.o
         2          0          0          0          0          0   libinit.o
         6          0          0          0          0          0   libinit2.o
         2          0          0          0          0          0   libshutdown.o
         2          0          0          0          0          0   libshutdown2.o
         8          4          0          0         96         68   libspace.o
        68          0          0          0          0         68   rt_memclr.o
        78          0          0          0          0         80   rt_memclr_w.o
         2          0          0          0          0          0   rtexit.o
        10          0          0          0          0          0   rtexit2.o
        12          4          0          0          0         68   sys_exit.o
        74          0          0          0          0         80   sys_stackheap_outer.o
         2          0          0          0          0         68   use_no_semi.o
        10          0          0          0          0        116   fpinit.o

    ----------------------------------------------------------------------
       454         16          0          0         96        916   Library Totals
         6          0          0          0          0          0   (incl. Padding)

    ----------------------------------------------------------------------

      Code (inc. data)   RO Data    RW Data    ZI Data      Debug   Library Name

       438         16          0          0         96        800   c_w.l
        10          0          0          0          0        116   fz_wm.l

    ----------------------------------------------------------------------
       454         16          0          0         96        916   Library Totals

    ----------------------------------------------------------------------

==============================================================================


      Code (inc. data)   RO Data    RW Data    ZI Data      Debug   

     13022       1510       1298        116      11492     260586   Grand Totals
     13022       1510       1298        116      11492     260586   ELF Image Totals
     13022       1510       1298        116          0          0   ROM Totals

==============================================================================

    Total RO  Size (Code + RO Data)                14320 (  13.98kB)
    Total RW  Size (RW Data + ZI Data)             11608 (  11.34kB)
    Total ROM Size (Code + RO Data + RW Data)      14436 (  14.10kB)

==============================================================================

