<html>
<body>
<pre>
<h1>µVision Build Log</h1>
<h2>Tool Versions:</h2>
IDE-Version: µVision V5.35.0.0
Copyright (C) 2021 ARM Ltd and ARM Germany GmbH. All rights reserved.
License Information: i Itai, 1066, LIC=----
 
Tool Versions:
Toolchain:       MDK-Lite  Version: 5.35.0.2
Toolchain Path:  C:\Keil_v5\ARM\ARMCC\Bin
C Compiler:      Armcc.exe V5.06 update 7 (build 960)
Assembler:       Armasm.exe V5.06 update 7 (build 960)
Linker/Locator:  ArmLink.exe V5.06 update 7 (build 960)
Library Manager: ArmAr.exe V5.06 update 7 (build 960)
Hex Converter:   FromElf.exe V5.06 update 7 (build 960)
CPU DLL:         SARMCM3.DLL V5.35.0.2
Dialog DLL:      DCM.DLL V1.17.3.0
Target DLL:      lmidk-agdi.dll V???
Dialog DLL:      TCM.DLL V1.53.0.0
 
<h2>Project:</h2>
C:\Users\Itai\Documents\Embedded_New\QM_projects\keil_V\FreeRtos_proj\arm\dpp.uvprojx
Project File Date:  09/02/2021

<h2>Output:</h2>
*** Using Compiler 'V5.06 update 7 (build 960)', folder: 'C:\Keil_v5\ARM\ARMCC\Bin'
Build target 'FreeRTOS_port'
Before Build - User command #1: cmd /c "del .\dbg\qstamp.o"
Could Not Find C:\Users\Itai\Documents\Embedded_New\QM_projects\keil_V\FreeRtos_proj\arm\dbg\qstamp.o
compiling qf_defer.c...
compiling qep_msm.c...
compiling qf_time.c...
compiling qf_dyn.c...
compiling qf_qact.c...
compiling qf_act.c...
compiling qep_hsm.c...
compiling qf_ps.c...
compiling qf_mem.c...
compiling qf_actq.c...
compiling qf_qmact.c...
compiling qf_qeq.c...
compiling list.c...
compiling system_TM4C123GH6PM.c...
compiling qf_port.c...
compiling blinky.c...
..\blinky.c(141): warning:  #167-D: argument of type "char *" is incompatible with parameter of type "uint8_t *"
              UART1_OutString(me->urtFrame);
..\blinky.c: 1 warning, 0 errors
compiling main.c...
compiling philo.c...
compiling tasks.c...
compiling port.c...
compiling table.c...
compiling lightSensor.c...
compiling BLE_uart.c...
..\BLE_uart.c(100): warning:  #223-D: function "UART0_OutChar" declared implicitly
                  UART0_OutChar(evt->chars[n]);
..\BLE_uart.c(143): warning:  #223-D: function "UART0_OutString" declared implicitly
                      UART0_OutString("packing\r\n");
..\BLE_uart.c(152): warning:  #223-D: function "UART0_OutString" declared implicitly
                      UART0_OutString("end\r\n");
..\BLE_uart.c(126): warning:  #177-D: function "BLE_uart_packing"  was declared but never referenced
      static QState BLE_uart_packing(BLE_uart* const me, QEvt const* const e) {
..\BLE_uart.c(169): warning:  #177-D: function "BLE_uart_off"  was declared but never referenced
      static QState BLE_uart_off(BLE_uart* const me, QEvt const* const e) {
..\BLE_uart.c: 5 warnings, 0 errors
compiling bsp_bp.c...
compiling Profile.c...
compiling bsp.c...
..\bsp.c(1329): warning:  #177-D: function "mcuTempSensorInit"  was declared but never referenced
  static void mcuTempSensorInit(void) {
..\bsp.c(1729): warning:  #177-D: function "copyHardwareToSoftware"  was declared but never referenced
  void static copyHardwareToSoftware(void) {
..\bsp.c: 2 warnings, 0 errors
linking...
Program Size: Code=16672 RO-data=2508 RW-data=180 ZI-data=14420  
After Build - User command #1: fromelf --bin --output .\dbg\dpp.bin .\dbg\dpp.axf
".\dbg\dpp.axf" - 0 Error(s), 8 Warning(s).

<h2>Software Packages used:</h2>

Package Vendor: Keil
                http://www.keil.com/pack/Keil.TM4C_DFP.1.1.0.pack
                Keil.TM4C_DFP.1.1.0
                Texas Instruments Tiva C Series Device Support and Examples

<h2>Collection of Component include folders:</h2>
  C:\Users\Itai\AppData\Local\Arm\Packs\Keil\TM4C_DFP\1.1.0\Device\Include\TM4C123

<h2>Collection of Component Files used:</h2>
Build Time Elapsed:  00:00:03
</pre>
</body>
</html>
